[0.031s] Invoking command in '/home/bengokaysaglam/pavlov_mini_wheel/build/pavlov_description': CMAKE_PREFIX_PATH=${CMAKE_PREFIX_PATH}:/home/bengokaysaglam/bumperbot_ws/install/bumperbot_py_examples:/opt/ros/humble /usr/bin/cmake /home/bengokaysaglam/pavlov_mini_wheel/src/pavlov_description -DCMAKE_INSTALL_PREFIX=/home/bengokaysaglam/pavlov_mini_wheel/install/pavlov_description
[0.295s] -- The C compiler identification is GNU 11.4.0
[0.506s] -- The CXX compiler identification is GNU 11.4.0
[0.546s] -- Detecting C compiler ABI info
[0.705s] -- Detecting C compiler ABI info - done
[0.711s] -- Check for working C compiler: /usr/bin/cc - skipped
[0.712s] -- Detecting C compile features
[0.716s] -- Detecting C compile features - done
[0.727s] -- Detecting CXX compiler ABI info
[0.860s] -- Detecting CXX compiler ABI info - done
[0.867s] -- Check for working CXX compiler: /usr/bin/c++ - skipped
[0.868s] -- Detecting CXX compile features
[0.868s] -- Detecting CXX compile features - done
[0.894s] -- Found ament_cmake: 1.3.12 (/opt/ros/humble/share/ament_cmake/cmake)
[1.113s] -- Found Python3: /usr/bin/python3 (found version "3.10.12") found components: Interpreter 
[1.345s] -- Found ament_lint_auto: 0.12.14 (/opt/ros/humble/share/ament_lint_auto/cmake)
[1.514s] -- Added test 'lint_cmake' to check CMake code style
[1.518s] -- Added test 'xmllint' to check XML markup files
[1.523s] -- Configuring done
[1.529s] -- Generating done
[1.531s] -- Build files have been written to: /home/bengokaysaglam/pavlov_mini_wheel/build/pavlov_description
[1.537s] Invoked command in '/home/bengokaysaglam/pavlov_mini_wheel/build/pavlov_description' returned '0': CMAKE_PREFIX_PATH=${CMAKE_PREFIX_PATH}:/home/bengokaysaglam/bumperbot_ws/install/bumperbot_py_examples:/opt/ros/humble /usr/bin/cmake /home/bengokaysaglam/pavlov_mini_wheel/src/pavlov_description -DCMAKE_INSTALL_PREFIX=/home/bengokaysaglam/pavlov_mini_wheel/install/pavlov_description
[1.540s] Invoking command in '/home/bengokaysaglam/pavlov_mini_wheel/build/pavlov_description': CMAKE_PREFIX_PATH=${CMAKE_PREFIX_PATH}:/home/bengokaysaglam/bumperbot_ws/install/bumperbot_py_examples:/opt/ros/humble /usr/bin/cmake --build /home/bengokaysaglam/pavlov_mini_wheel/build/pavlov_description -- -j6 -l6
[1.601s] Invoked command in '/home/bengokaysaglam/pavlov_mini_wheel/build/pavlov_description' returned '0': CMAKE_PREFIX_PATH=${CMAKE_PREFIX_PATH}:/home/bengokaysaglam/bumperbot_ws/install/bumperbot_py_examples:/opt/ros/humble /usr/bin/cmake --build /home/bengokaysaglam/pavlov_mini_wheel/build/pavlov_description -- -j6 -l6
[1.620s] Invoking command in '/home/bengokaysaglam/pavlov_mini_wheel/build/pavlov_description': CMAKE_PREFIX_PATH=${CMAKE_PREFIX_PATH}:/home/bengokaysaglam/bumperbot_ws/install/bumperbot_py_examples:/opt/ros/humble /usr/bin/cmake --install /home/bengokaysaglam/pavlov_mini_wheel/build/pavlov_description
[1.631s] -- Install configuration: ""
[1.631s] -- Installing: /home/bengokaysaglam/pavlov_mini_wheel/install/pavlov_description/share/ament_index/resource_index/package_run_dependencies/pavlov_description
[1.631s] -- Installing: /home/bengokaysaglam/pavlov_mini_wheel/install/pavlov_description/share/ament_index/resource_index/parent_prefix_path/pavlov_description
[1.631s] -- Installing: /home/bengokaysaglam/pavlov_mini_wheel/install/pavlov_description/share/pavlov_description/environment/ament_prefix_path.sh
[1.632s] -- Installing: /home/bengokaysaglam/pavlov_mini_wheel/install/pavlov_description/share/pavlov_description/environment/ament_prefix_path.dsv
[1.632s] -- Installing: /home/bengokaysaglam/pavlov_mini_wheel/install/pavlov_description/share/pavlov_description/environment/path.sh
[1.632s] -- Installing: /home/bengokaysaglam/pavlov_mini_wheel/install/pavlov_description/share/pavlov_description/environment/path.dsv
[1.633s] -- Installing: /home/bengokaysaglam/pavlov_mini_wheel/install/pavlov_description/share/pavlov_description/local_setup.bash
[1.633s] -- Installing: /home/bengokaysaglam/pavlov_mini_wheel/install/pavlov_description/share/pavlov_description/local_setup.sh
[1.633s] -- Installing: /home/bengokaysaglam/pavlov_mini_wheel/install/pavlov_description/share/pavlov_description/local_setup.zsh
[1.633s] -- Installing: /home/bengokaysaglam/pavlov_mini_wheel/install/pavlov_description/share/pavlov_description/local_setup.dsv
[1.634s] -- Installing: /home/bengokaysaglam/pavlov_mini_wheel/install/pavlov_description/share/pavlov_description/package.dsv
[1.634s] -- Installing: /home/bengokaysaglam/pavlov_mini_wheel/install/pavlov_description/share/ament_index/resource_index/packages/pavlov_description
[1.634s] -- Installing: /home/bengokaysaglam/pavlov_mini_wheel/install/pavlov_description/share/pavlov_description/cmake/pavlov_descriptionConfig.cmake
[1.635s] -- Installing: /home/bengokaysaglam/pavlov_mini_wheel/install/pavlov_description/share/pavlov_description/cmake/pavlov_descriptionConfig-version.cmake
[1.635s] -- Installing: /home/bengokaysaglam/pavlov_mini_wheel/install/pavlov_description/share/pavlov_description/package.xml
[1.647s] Invoked command in '/home/bengokaysaglam/pavlov_mini_wheel/build/pavlov_description' returned '0': CMAKE_PREFIX_PATH=${CMAKE_PREFIX_PATH}:/home/bengokaysaglam/bumperbot_ws/install/bumperbot_py_examples:/opt/ros/humble /usr/bin/cmake --install /home/bengokaysaglam/pavlov_mini_wheel/build/pavlov_description
