[0.077s] Invoking command in '/home/bengokaysaglam/pavlov_mini_wheel/build/pavlov_controller': CMAKE_PREFIX_PATH=${CMAKE_PREFIX_PATH}:/home/bengokaysaglam/bumperbot_ws/install/bumperbot_py_examples:/opt/ros/humble /usr/bin/cmake --build /home/bengokaysaglam/pavlov_mini_wheel/build/pavlov_controller -- -j6 -l6
[0.516s] Invoked command in '/home/bengokaysaglam/pavlov_mini_wheel/build/pavlov_controller' returned '0': CMAKE_PREFIX_PATH=${CMAKE_PREFIX_PATH}:/home/bengokaysaglam/bumperbot_ws/install/bumperbot_py_examples:/opt/ros/humble /usr/bin/cmake --build /home/bengokaysaglam/pavlov_mini_wheel/build/pavlov_controller -- -j6 -l6
[0.538s] Invoking command in '/home/bengokaysaglam/pavlov_mini_wheel/build/pavlov_controller': CMAKE_PREFIX_PATH=${CMAKE_PREFIX_PATH}:/home/bengokaysaglam/bumperbot_ws/install/bumperbot_py_examples:/opt/ros/humble /usr/bin/cmake --install /home/bengokaysaglam/pavlov_mini_wheel/build/pavlov_controller
[0.577s] -- Install configuration: ""
[0.580s] -- Execute custom install script
[0.595s] -- Up-to-date symlink: /home/bengokaysaglam/pavlov_mini_wheel/install/pavlov_controller/share/pavlov_controller/launch/simple_controller.launch.py
[0.600s] -- Up-to-date symlink: /home/bengokaysaglam/pavlov_mini_wheel/install/pavlov_controller/share/pavlov_controller/config/controller_params.yaml
[0.604s] -- Up-to-date symlink: /home/bengokaysaglam/pavlov_mini_wheel/install/pavlov_controller/share/pavlov_controller/config/ros2_controllers.yaml
[0.610s] -- Up-to-date symlink: /home/bengokaysaglam/pavlov_mini_wheel/install/pavlov_controller/lib/pavlov_controller/simple_controller.py
[0.613s] -- Up-to-date symlink: /home/bengokaysaglam/pavlov_mini_wheel/install/pavlov_controller/lib/pavlov_controller/ball_localizer.py
[0.619s] -- Up-to-date symlink: /home/bengokaysaglam/pavlov_mini_wheel/install/pavlov_controller/share/ament_index/resource_index/package_run_dependencies/pavlov_controller
[0.624s] -- Up-to-date symlink: /home/bengokaysaglam/pavlov_mini_wheel/install/pavlov_controller/share/ament_index/resource_index/parent_prefix_path/pavlov_controller
[0.627s] -- Up-to-date symlink: /home/bengokaysaglam/pavlov_mini_wheel/install/pavlov_controller/share/pavlov_controller/environment/ament_prefix_path.sh
[0.628s] -- Up-to-date symlink: /home/bengokaysaglam/pavlov_mini_wheel/install/pavlov_controller/share/pavlov_controller/environment/ament_prefix_path.dsv
[0.630s] -- Up-to-date symlink: /home/bengokaysaglam/pavlov_mini_wheel/install/pavlov_controller/share/pavlov_controller/environment/path.sh
[0.632s] -- Up-to-date symlink: /home/bengokaysaglam/pavlov_mini_wheel/install/pavlov_controller/share/pavlov_controller/environment/path.dsv
[0.633s] -- Up-to-date symlink: /home/bengokaysaglam/pavlov_mini_wheel/install/pavlov_controller/share/pavlov_controller/local_setup.bash
[0.640s] -- Up-to-date symlink: /home/bengokaysaglam/pavlov_mini_wheel/install/pavlov_controller/share/pavlov_controller/local_setup.sh
[0.647s] -- Up-to-date symlink: /home/bengokaysaglam/pavlov_mini_wheel/install/pavlov_controller/share/pavlov_controller/local_setup.zsh
[0.656s] -- Up-to-date symlink: /home/bengokaysaglam/pavlov_mini_wheel/install/pavlov_controller/share/pavlov_controller/local_setup.dsv
[0.659s] -- Symlinking: /home/bengokaysaglam/pavlov_mini_wheel/install/pavlov_controller/share/pavlov_controller/package.dsv
[0.670s] -- Up-to-date symlink: /home/bengokaysaglam/pavlov_mini_wheel/install/pavlov_controller/share/ament_index/resource_index/packages/pavlov_controller
[0.675s] -- Up-to-date symlink: /home/bengokaysaglam/pavlov_mini_wheel/install/pavlov_controller/share/pavlov_controller/cmake/pavlov_controllerConfig.cmake
[0.675s] -- Up-to-date symlink: /home/bengokaysaglam/pavlov_mini_wheel/install/pavlov_controller/share/pavlov_controller/cmake/pavlov_controllerConfig-version.cmake
[0.677s] -- Up-to-date symlink: /home/bengokaysaglam/pavlov_mini_wheel/install/pavlov_controller/share/pavlov_controller/package.xml
[0.754s] Invoked command in '/home/bengokaysaglam/pavlov_mini_wheel/build/pavlov_controller' returned '0': CMAKE_PREFIX_PATH=${CMAKE_PREFIX_PATH}:/home/bengokaysaglam/bumperbot_ws/install/bumperbot_py_examples:/opt/ros/humble /usr/bin/cmake --install /home/bengokaysaglam/pavlov_mini_wheel/build/pavlov_controller
