[0.785s] DEBUG:colcon:Command line arguments: ['/usr/bin/colcon', 'build']
[0.785s] DEBUG:colcon:Parsed command line arguments: Namespace(log_base=None, log_level=None, verb_name='build', build_base='build', install_base='install', merge_install=False, symlink_install=False, test_result_base=None, continue_on_error=False, executor='parallel', parallel_workers=6, event_handlers=None, ignore_user_meta=False, metas=['./colcon.meta'], base_paths=['.'], packages_ignore=None, packages_ignore_regex=None, paths=None, packages_up_to=None, packages_up_to_regex=None, packages_above=None, packages_above_and_dependencies=None, packages_above_depth=None, packages_select_by_dep=None, packages_skip_by_dep=None, packages_skip_up_to=None, packages_select_build_failed=False, packages_skip_build_finished=False, packages_select_test_failures=False, packages_skip_test_passed=False, packages_select=None, packages_skip=None, packages_select_regex=None, packages_skip_regex=None, packages_start=None, packages_end=None, allow_overriding=[], cmake_args=None, cmake_target=None, cmake_target_skip_unavailable=False, cmake_clean_cache=False, cmake_clean_first=False, cmake_force_configure=False, ament_cmake_args=None, catkin_cmake_args=None, catkin_skip_building_tests=False, mixin_files=None, mixin=None, verb_parser=<colcon_mixin.mixin.mixin_argument.MixinArgumentDecorator object at 0x7deb2b8903d0>, verb_extension=<colcon_core.verb.build.BuildVerb object at 0x7deb2b85fdc0>, main=<bound method BuildVerb.main of <colcon_core.verb.build.BuildVerb object at 0x7deb2b85fdc0>>, mixin_verb=('build',))
[1.349s] Level 1:colcon.colcon_core.package_discovery:discover_packages(colcon_meta) check parameters
[1.350s] Level 1:colcon.colcon_core.package_discovery:discover_packages(recursive) check parameters
[1.350s] Level 1:colcon.colcon_core.package_discovery:discover_packages(ignore) check parameters
[1.350s] Level 1:colcon.colcon_core.package_discovery:discover_packages(path) check parameters
[1.350s] Level 1:colcon.colcon_core.package_discovery:discover_packages(colcon_meta) discover
[1.350s] Level 1:colcon.colcon_core.package_discovery:discover_packages(recursive) discover
[1.350s] INFO:colcon.colcon_core.package_discovery:Crawling recursively for packages in '/home/bengokaysaglam/pavlov_mini_wheel'
[1.350s] Level 1:colcon.colcon_core.package_identification:_identify(.) by extensions ['ignore', 'ignore_ament_install']
[1.350s] Level 1:colcon.colcon_core.package_identification:_identify(.) by extension 'ignore'
[1.350s] Level 1:colcon.colcon_core.package_identification:_identify(.) by extension 'ignore_ament_install'
[1.350s] Level 1:colcon.colcon_core.package_identification:_identify(.) by extensions ['colcon_pkg']
[1.350s] Level 1:colcon.colcon_core.package_identification:_identify(.) by extension 'colcon_pkg'
[1.350s] Level 1:colcon.colcon_core.package_identification:_identify(.) by extensions ['colcon_meta']
[1.350s] Level 1:colcon.colcon_core.package_identification:_identify(.) by extension 'colcon_meta'
[1.351s] Level 1:colcon.colcon_core.package_identification:_identify(.) by extensions ['ros']
[1.351s] Level 1:colcon.colcon_core.package_identification:_identify(.) by extension 'ros'
[1.410s] Level 1:colcon.colcon_core.package_identification:_identify(.) by extensions ['cmake', 'python']
[1.410s] Level 1:colcon.colcon_core.package_identification:_identify(.) by extension 'cmake'
[1.410s] Level 1:colcon.colcon_core.package_identification:_identify(.) by extension 'python'
[1.410s] Level 1:colcon.colcon_core.package_identification:_identify(.) by extensions ['python_setup_py']
[1.410s] Level 1:colcon.colcon_core.package_identification:_identify(.) by extension 'python_setup_py'
[1.411s] Level 1:colcon.colcon_core.package_identification:_identify(build) by extensions ['ignore', 'ignore_ament_install']
[1.411s] Level 1:colcon.colcon_core.package_identification:_identify(build) by extension 'ignore'
[1.411s] Level 1:colcon.colcon_core.package_identification:_identify(build) ignored
[1.411s] Level 1:colcon.colcon_core.package_identification:_identify(install) by extensions ['ignore', 'ignore_ament_install']
[1.411s] Level 1:colcon.colcon_core.package_identification:_identify(install) by extension 'ignore'
[1.411s] Level 1:colcon.colcon_core.package_identification:_identify(install) ignored
[1.412s] Level 1:colcon.colcon_core.package_identification:_identify(log) by extensions ['ignore', 'ignore_ament_install']
[1.412s] Level 1:colcon.colcon_core.package_identification:_identify(log) by extension 'ignore'
[1.412s] Level 1:colcon.colcon_core.package_identification:_identify(log) ignored
[1.413s] Level 1:colcon.colcon_core.package_identification:_identify(src) by extensions ['ignore', 'ignore_ament_install']
[1.413s] Level 1:colcon.colcon_core.package_identification:_identify(src) by extension 'ignore'
[1.413s] Level 1:colcon.colcon_core.package_identification:_identify(src) by extension 'ignore_ament_install'
[1.413s] Level 1:colcon.colcon_core.package_identification:_identify(src) by extensions ['colcon_pkg']
[1.413s] Level 1:colcon.colcon_core.package_identification:_identify(src) by extension 'colcon_pkg'
[1.413s] Level 1:colcon.colcon_core.package_identification:_identify(src) by extensions ['colcon_meta']
[1.413s] Level 1:colcon.colcon_core.package_identification:_identify(src) by extension 'colcon_meta'
[1.413s] Level 1:colcon.colcon_core.package_identification:_identify(src) by extensions ['ros']
[1.413s] Level 1:colcon.colcon_core.package_identification:_identify(src) by extension 'ros'
[1.413s] Level 1:colcon.colcon_core.package_identification:_identify(src) by extensions ['cmake', 'python']
[1.413s] Level 1:colcon.colcon_core.package_identification:_identify(src) by extension 'cmake'
[1.413s] Level 1:colcon.colcon_core.package_identification:_identify(src) by extension 'python'
[1.413s] Level 1:colcon.colcon_core.package_identification:_identify(src) by extensions ['python_setup_py']
[1.413s] Level 1:colcon.colcon_core.package_identification:_identify(src) by extension 'python_setup_py'
[1.414s] Level 1:colcon.colcon_core.package_identification:_identify(src/pavlov_controller) by extensions ['ignore', 'ignore_ament_install']
[1.414s] Level 1:colcon.colcon_core.package_identification:_identify(src/pavlov_controller) by extension 'ignore'
[1.415s] Level 1:colcon.colcon_core.package_identification:_identify(src/pavlov_controller) by extension 'ignore_ament_install'
[1.415s] Level 1:colcon.colcon_core.package_identification:_identify(src/pavlov_controller) by extensions ['colcon_pkg']
[1.415s] Level 1:colcon.colcon_core.package_identification:_identify(src/pavlov_controller) by extension 'colcon_pkg'
[1.415s] Level 1:colcon.colcon_core.package_identification:_identify(src/pavlov_controller) by extensions ['colcon_meta']
[1.415s] Level 1:colcon.colcon_core.package_identification:_identify(src/pavlov_controller) by extension 'colcon_meta'
[1.415s] Level 1:colcon.colcon_core.package_identification:_identify(src/pavlov_controller) by extensions ['ros']
[1.415s] Level 1:colcon.colcon_core.package_identification:_identify(src/pavlov_controller) by extension 'ros'
[1.421s] DEBUG:colcon.colcon_core.package_identification:Package 'src/pavlov_controller' with type 'ros.ament_cmake' and name 'pavlov_controller'
[1.421s] Level 1:colcon.colcon_core.package_identification:_identify(src/pavlov_description) by extensions ['ignore', 'ignore_ament_install']
[1.421s] Level 1:colcon.colcon_core.package_identification:_identify(src/pavlov_description) by extension 'ignore'
[1.422s] Level 1:colcon.colcon_core.package_identification:_identify(src/pavlov_description) by extension 'ignore_ament_install'
[1.422s] Level 1:colcon.colcon_core.package_identification:_identify(src/pavlov_description) by extensions ['colcon_pkg']
[1.422s] Level 1:colcon.colcon_core.package_identification:_identify(src/pavlov_description) by extension 'colcon_pkg'
[1.422s] Level 1:colcon.colcon_core.package_identification:_identify(src/pavlov_description) by extensions ['colcon_meta']
[1.422s] Level 1:colcon.colcon_core.package_identification:_identify(src/pavlov_description) by extension 'colcon_meta'
[1.422s] Level 1:colcon.colcon_core.package_identification:_identify(src/pavlov_description) by extensions ['ros']
[1.422s] Level 1:colcon.colcon_core.package_identification:_identify(src/pavlov_description) by extension 'ros'
[1.427s] DEBUG:colcon.colcon_core.package_identification:Package 'src/pavlov_description' with type 'ros.ament_cmake' and name 'pavlov_description'
[1.427s] Level 1:colcon.colcon_core.package_discovery:discover_packages(recursive) using defaults
[1.427s] Level 1:colcon.colcon_core.package_discovery:discover_packages(ignore) discover
[1.427s] Level 1:colcon.colcon_core.package_discovery:discover_packages(ignore) using defaults
[1.427s] Level 1:colcon.colcon_core.package_discovery:discover_packages(path) discover
[1.427s] Level 1:colcon.colcon_core.package_discovery:discover_packages(path) using defaults
[1.476s] Level 1:colcon.colcon_core.package_discovery:discover_packages(prefix_path) check parameters
[1.477s] Level 1:colcon.colcon_core.package_discovery:discover_packages(prefix_path) discover
[1.485s] DEBUG:colcon.colcon_installed_package_information.package_discovery:Found 13 installed packages in /home/bengokaysaglam/bumperbot_ws/install
[1.487s] DEBUG:colcon.colcon_installed_package_information.package_discovery:Found 440 installed packages in /opt/ros/humble
[1.488s] Level 1:colcon.colcon_core.package_discovery:discover_packages(prefix_path) using defaults
[1.573s] Level 5:colcon.colcon_core.verb:set package 'pavlov_controller' build argument 'cmake_args' from command line to 'None'
[1.573s] Level 5:colcon.colcon_core.verb:set package 'pavlov_controller' build argument 'cmake_target' from command line to 'None'
[1.573s] Level 5:colcon.colcon_core.verb:set package 'pavlov_controller' build argument 'cmake_target_skip_unavailable' from command line to 'False'
[1.573s] Level 5:colcon.colcon_core.verb:set package 'pavlov_controller' build argument 'cmake_clean_cache' from command line to 'False'
[1.573s] Level 5:colcon.colcon_core.verb:set package 'pavlov_controller' build argument 'cmake_clean_first' from command line to 'False'
[1.573s] Level 5:colcon.colcon_core.verb:set package 'pavlov_controller' build argument 'cmake_force_configure' from command line to 'False'
[1.573s] Level 5:colcon.colcon_core.verb:set package 'pavlov_controller' build argument 'ament_cmake_args' from command line to 'None'
[1.573s] Level 5:colcon.colcon_core.verb:set package 'pavlov_controller' build argument 'catkin_cmake_args' from command line to 'None'
[1.573s] Level 5:colcon.colcon_core.verb:set package 'pavlov_controller' build argument 'catkin_skip_building_tests' from command line to 'False'
[1.573s] DEBUG:colcon.colcon_core.verb:Building package 'pavlov_controller' with the following arguments: {'ament_cmake_args': None, 'build_base': '/home/bengokaysaglam/pavlov_mini_wheel/build/pavlov_controller', 'catkin_cmake_args': None, 'catkin_skip_building_tests': False, 'cmake_args': None, 'cmake_clean_cache': False, 'cmake_clean_first': False, 'cmake_force_configure': False, 'cmake_target': None, 'cmake_target_skip_unavailable': False, 'install_base': '/home/bengokaysaglam/pavlov_mini_wheel/install/pavlov_controller', 'merge_install': False, 'path': '/home/bengokaysaglam/pavlov_mini_wheel/src/pavlov_controller', 'symlink_install': False, 'test_result_base': None}
[1.573s] Level 5:colcon.colcon_core.verb:set package 'pavlov_description' build argument 'cmake_args' from command line to 'None'
[1.573s] Level 5:colcon.colcon_core.verb:set package 'pavlov_description' build argument 'cmake_target' from command line to 'None'
[1.573s] Level 5:colcon.colcon_core.verb:set package 'pavlov_description' build argument 'cmake_target_skip_unavailable' from command line to 'False'
[1.573s] Level 5:colcon.colcon_core.verb:set package 'pavlov_description' build argument 'cmake_clean_cache' from command line to 'False'
[1.573s] Level 5:colcon.colcon_core.verb:set package 'pavlov_description' build argument 'cmake_clean_first' from command line to 'False'
[1.573s] Level 5:colcon.colcon_core.verb:set package 'pavlov_description' build argument 'cmake_force_configure' from command line to 'False'
[1.573s] Level 5:colcon.colcon_core.verb:set package 'pavlov_description' build argument 'ament_cmake_args' from command line to 'None'
[1.573s] Level 5:colcon.colcon_core.verb:set package 'pavlov_description' build argument 'catkin_cmake_args' from command line to 'None'
[1.573s] Level 5:colcon.colcon_core.verb:set package 'pavlov_description' build argument 'catkin_skip_building_tests' from command line to 'False'
[1.573s] DEBUG:colcon.colcon_core.verb:Building package 'pavlov_description' with the following arguments: {'ament_cmake_args': None, 'build_base': '/home/bengokaysaglam/pavlov_mini_wheel/build/pavlov_description', 'catkin_cmake_args': None, 'catkin_skip_building_tests': False, 'cmake_args': None, 'cmake_clean_cache': False, 'cmake_clean_first': False, 'cmake_force_configure': False, 'cmake_target': None, 'cmake_target_skip_unavailable': False, 'install_base': '/home/bengokaysaglam/pavlov_mini_wheel/install/pavlov_description', 'merge_install': False, 'path': '/home/bengokaysaglam/pavlov_mini_wheel/src/pavlov_description', 'symlink_install': False, 'test_result_base': None}
[1.573s] INFO:colcon.colcon_core.executor:Executing jobs using 'parallel' executor
[1.577s] DEBUG:colcon.colcon_parallel_executor.executor.parallel:run_until_complete
[1.577s] INFO:colcon.colcon_ros.task.ament_cmake.build:Building ROS package in '/home/bengokaysaglam/pavlov_mini_wheel/src/pavlov_controller' with build type 'ament_cmake'
[1.578s] INFO:colcon.colcon_cmake.task.cmake.build:Building CMake package in '/home/bengokaysaglam/pavlov_mini_wheel/src/pavlov_controller'
[1.592s] INFO:colcon.colcon_core.plugin_system:Skipping extension 'colcon_core.shell.bat': Not used on non-Windows systems
[1.593s] INFO:colcon.colcon_core.shell:Skip shell extension 'powershell' for command environment: Not usable outside of PowerShell
[1.593s] DEBUG:colcon.colcon_core.shell:Skip shell extension 'dsv' for command environment
[1.601s] INFO:colcon.colcon_ros.task.ament_cmake.build:Building ROS package in '/home/bengokaysaglam/pavlov_mini_wheel/src/pavlov_description' with build type 'ament_cmake'
[1.601s] INFO:colcon.colcon_cmake.task.cmake.build:Building CMake package in '/home/bengokaysaglam/pavlov_mini_wheel/src/pavlov_description'
[1.601s] INFO:colcon.colcon_core.shell:Skip shell extension 'powershell' for command environment: Not usable outside of PowerShell
[1.601s] DEBUG:colcon.colcon_core.shell:Skip shell extension 'dsv' for command environment
[1.617s] DEBUG:colcon.colcon_core.event_handler.log_command:Invoking command in '/home/bengokaysaglam/pavlov_mini_wheel/build/pavlov_controller': CMAKE_PREFIX_PATH=${CMAKE_PREFIX_PATH}:/home/bengokaysaglam/bumperbot_ws/install/bumperbot_py_examples:/opt/ros/humble /usr/bin/cmake --build /home/bengokaysaglam/pavlov_mini_wheel/build/pavlov_controller -- -j6 -l6
[1.647s] DEBUG:colcon.colcon_core.event_handler.log_command:Invoking command in '/home/bengokaysaglam/pavlov_mini_wheel/build/pavlov_description': CMAKE_PREFIX_PATH=${CMAKE_PREFIX_PATH}:/home/bengokaysaglam/bumperbot_ws/install/bumperbot_py_examples:/opt/ros/humble /usr/bin/cmake --build /home/bengokaysaglam/pavlov_mini_wheel/build/pavlov_description -- -j6 -l6
[1.850s] DEBUG:colcon.colcon_core.event_handler.log_command:Invoked command in '/home/bengokaysaglam/pavlov_mini_wheel/build/pavlov_description' returned '0': CMAKE_PREFIX_PATH=${CMAKE_PREFIX_PATH}:/home/bengokaysaglam/bumperbot_ws/install/bumperbot_py_examples:/opt/ros/humble /usr/bin/cmake --build /home/bengokaysaglam/pavlov_mini_wheel/build/pavlov_description -- -j6 -l6
[1.871s] DEBUG:colcon.colcon_core.event_handler.log_command:Invoking command in '/home/bengokaysaglam/pavlov_mini_wheel/build/pavlov_description': CMAKE_PREFIX_PATH=${CMAKE_PREFIX_PATH}:/home/bengokaysaglam/bumperbot_ws/install/bumperbot_py_examples:/opt/ros/humble /usr/bin/cmake --install /home/bengokaysaglam/pavlov_mini_wheel/build/pavlov_description
[1.934s] DEBUG:colcon.colcon_core.event_handler.log_command:Invoked command in '/home/bengokaysaglam/pavlov_mini_wheel/build/pavlov_controller' returned '0': CMAKE_PREFIX_PATH=${CMAKE_PREFIX_PATH}:/home/bengokaysaglam/bumperbot_ws/install/bumperbot_py_examples:/opt/ros/humble /usr/bin/cmake --build /home/bengokaysaglam/pavlov_mini_wheel/build/pavlov_controller -- -j6 -l6
[1.944s] DEBUG:colcon.colcon_core.event_handler.log_command:Invoking command in '/home/bengokaysaglam/pavlov_mini_wheel/build/pavlov_controller': CMAKE_PREFIX_PATH=${CMAKE_PREFIX_PATH}:/home/bengokaysaglam/bumperbot_ws/install/bumperbot_py_examples:/opt/ros/humble /usr/bin/cmake --install /home/bengokaysaglam/pavlov_mini_wheel/build/pavlov_controller
[1.984s] Level 1:colcon.colcon_core.environment:create_environment_scripts_only(pavlov_description)
[1.985s] DEBUG:colcon.colcon_core.event_handler.log_command:Invoked command in '/home/bengokaysaglam/pavlov_mini_wheel/build/pavlov_description' returned '0': CMAKE_PREFIX_PATH=${CMAKE_PREFIX_PATH}:/home/bengokaysaglam/bumperbot_ws/install/bumperbot_py_examples:/opt/ros/humble /usr/bin/cmake --install /home/bengokaysaglam/pavlov_mini_wheel/build/pavlov_description
[2.005s] Level 1:colcon.colcon_core.environment:checking '/home/bengokaysaglam/pavlov_mini_wheel/install/pavlov_description' for CMake module files
[2.005s] Level 1:colcon.colcon_core.environment:checking '/home/bengokaysaglam/pavlov_mini_wheel/install/pavlov_description' for CMake config files
[2.007s] Level 1:colcon.colcon_core.shell:create_environment_hook('pavlov_description', 'cmake_prefix_path')
[2.007s] INFO:colcon.colcon_core.shell:Creating environment hook '/home/bengokaysaglam/pavlov_mini_wheel/install/pavlov_description/share/pavlov_description/hook/cmake_prefix_path.ps1'
[2.011s] INFO:colcon.colcon_core.shell:Creating environment descriptor '/home/bengokaysaglam/pavlov_mini_wheel/install/pavlov_description/share/pavlov_description/hook/cmake_prefix_path.dsv'
[2.012s] INFO:colcon.colcon_core.shell:Creating environment hook '/home/bengokaysaglam/pavlov_mini_wheel/install/pavlov_description/share/pavlov_description/hook/cmake_prefix_path.sh'
[2.015s] Level 1:colcon.colcon_core.environment:checking '/home/bengokaysaglam/pavlov_mini_wheel/install/pavlov_description/bin'
[2.016s] Level 1:colcon.colcon_core.environment:checking '/home/bengokaysaglam/pavlov_mini_wheel/install/pavlov_description/lib/pkgconfig/pavlov_description.pc'
[2.016s] Level 1:colcon.colcon_core.environment:checking '/home/bengokaysaglam/pavlov_mini_wheel/install/pavlov_description/lib/python3.10/site-packages'
[2.016s] Level 1:colcon.colcon_core.environment:checking '/home/bengokaysaglam/pavlov_mini_wheel/install/pavlov_description/bin'
[2.017s] INFO:colcon.colcon_core.shell:Creating package script '/home/bengokaysaglam/pavlov_mini_wheel/install/pavlov_description/share/pavlov_description/package.ps1'
[2.019s] INFO:colcon.colcon_core.shell:Creating package descriptor '/home/bengokaysaglam/pavlov_mini_wheel/install/pavlov_description/share/pavlov_description/package.dsv'
[2.021s] INFO:colcon.colcon_core.shell:Creating package script '/home/bengokaysaglam/pavlov_mini_wheel/install/pavlov_description/share/pavlov_description/package.sh'
[2.023s] INFO:colcon.colcon_core.shell:Creating package script '/home/bengokaysaglam/pavlov_mini_wheel/install/pavlov_description/share/pavlov_description/package.bash'
[2.026s] INFO:colcon.colcon_core.shell:Creating package script '/home/bengokaysaglam/pavlov_mini_wheel/install/pavlov_description/share/pavlov_description/package.zsh'
[2.031s] Level 1:colcon.colcon_core.environment:create_file_with_runtime_dependencies(/home/bengokaysaglam/pavlov_mini_wheel/install/pavlov_description/share/colcon-core/packages/pavlov_description)
[2.032s] Level 1:colcon.colcon_core.environment:create_environment_scripts_only(pavlov_description)
[2.032s] Level 1:colcon.colcon_core.environment:checking '/home/bengokaysaglam/pavlov_mini_wheel/install/pavlov_description' for CMake module files
[2.033s] Level 1:colcon.colcon_core.environment:checking '/home/bengokaysaglam/pavlov_mini_wheel/install/pavlov_description' for CMake config files
[2.033s] Level 1:colcon.colcon_core.shell:create_environment_hook('pavlov_description', 'cmake_prefix_path')
[2.033s] INFO:colcon.colcon_core.shell:Creating environment hook '/home/bengokaysaglam/pavlov_mini_wheel/install/pavlov_description/share/pavlov_description/hook/cmake_prefix_path.ps1'
[2.034s] INFO:colcon.colcon_core.shell:Creating environment descriptor '/home/bengokaysaglam/pavlov_mini_wheel/install/pavlov_description/share/pavlov_description/hook/cmake_prefix_path.dsv'
[2.034s] INFO:colcon.colcon_core.shell:Creating environment hook '/home/bengokaysaglam/pavlov_mini_wheel/install/pavlov_description/share/pavlov_description/hook/cmake_prefix_path.sh'
[2.035s] Level 1:colcon.colcon_core.environment:checking '/home/bengokaysaglam/pavlov_mini_wheel/install/pavlov_description/bin'
[2.035s] Level 1:colcon.colcon_core.environment:checking '/home/bengokaysaglam/pavlov_mini_wheel/install/pavlov_description/lib/pkgconfig/pavlov_description.pc'
[2.035s] Level 1:colcon.colcon_core.environment:checking '/home/bengokaysaglam/pavlov_mini_wheel/install/pavlov_description/lib/python3.10/site-packages'
[2.035s] Level 1:colcon.colcon_core.environment:checking '/home/bengokaysaglam/pavlov_mini_wheel/install/pavlov_description/bin'
[2.035s] INFO:colcon.colcon_core.shell:Creating package script '/home/bengokaysaglam/pavlov_mini_wheel/install/pavlov_description/share/pavlov_description/package.ps1'
[2.036s] INFO:colcon.colcon_core.shell:Creating package descriptor '/home/bengokaysaglam/pavlov_mini_wheel/install/pavlov_description/share/pavlov_description/package.dsv'
[2.037s] INFO:colcon.colcon_core.shell:Creating package script '/home/bengokaysaglam/pavlov_mini_wheel/install/pavlov_description/share/pavlov_description/package.sh'
[2.038s] INFO:colcon.colcon_core.shell:Creating package script '/home/bengokaysaglam/pavlov_mini_wheel/install/pavlov_description/share/pavlov_description/package.bash'
[2.038s] INFO:colcon.colcon_core.shell:Creating package script '/home/bengokaysaglam/pavlov_mini_wheel/install/pavlov_description/share/pavlov_description/package.zsh'
[2.039s] Level 1:colcon.colcon_core.environment:create_file_with_runtime_dependencies(/home/bengokaysaglam/pavlov_mini_wheel/install/pavlov_description/share/colcon-core/packages/pavlov_description)
[2.042s] Level 1:colcon.colcon_core.environment:create_environment_scripts_only(pavlov_controller)
[2.042s] Level 1:colcon.colcon_core.environment:checking '/home/bengokaysaglam/pavlov_mini_wheel/install/pavlov_controller' for CMake module files
[2.043s] DEBUG:colcon.colcon_core.event_handler.log_command:Invoked command in '/home/bengokaysaglam/pavlov_mini_wheel/build/pavlov_controller' returned '0': CMAKE_PREFIX_PATH=${CMAKE_PREFIX_PATH}:/home/bengokaysaglam/bumperbot_ws/install/bumperbot_py_examples:/opt/ros/humble /usr/bin/cmake --install /home/bengokaysaglam/pavlov_mini_wheel/build/pavlov_controller
[2.046s] Level 1:colcon.colcon_core.environment:checking '/home/bengokaysaglam/pavlov_mini_wheel/install/pavlov_controller' for CMake config files
[2.048s] Level 1:colcon.colcon_core.shell:create_environment_hook('pavlov_controller', 'cmake_prefix_path')
[2.049s] INFO:colcon.colcon_core.shell:Creating environment hook '/home/bengokaysaglam/pavlov_mini_wheel/install/pavlov_controller/share/pavlov_controller/hook/cmake_prefix_path.ps1'
[2.050s] INFO:colcon.colcon_core.shell:Creating environment descriptor '/home/bengokaysaglam/pavlov_mini_wheel/install/pavlov_controller/share/pavlov_controller/hook/cmake_prefix_path.dsv'
[2.050s] INFO:colcon.colcon_core.shell:Creating environment hook '/home/bengokaysaglam/pavlov_mini_wheel/install/pavlov_controller/share/pavlov_controller/hook/cmake_prefix_path.sh'
[2.051s] Level 1:colcon.colcon_core.environment:checking '/home/bengokaysaglam/pavlov_mini_wheel/install/pavlov_controller/lib'
[2.051s] Level 1:colcon.colcon_core.environment:checking '/home/bengokaysaglam/pavlov_mini_wheel/install/pavlov_controller/bin'
[2.051s] Level 1:colcon.colcon_core.environment:checking '/home/bengokaysaglam/pavlov_mini_wheel/install/pavlov_controller/lib/pkgconfig/pavlov_controller.pc'
[2.052s] Level 1:colcon.colcon_core.environment:checking '/home/bengokaysaglam/pavlov_mini_wheel/install/pavlov_controller/lib/python3.10/site-packages'
[2.052s] Level 1:colcon.colcon_core.environment:checking '/home/bengokaysaglam/pavlov_mini_wheel/install/pavlov_controller/bin'
[2.052s] INFO:colcon.colcon_core.shell:Creating package script '/home/bengokaysaglam/pavlov_mini_wheel/install/pavlov_controller/share/pavlov_controller/package.ps1'
[2.053s] INFO:colcon.colcon_core.shell:Creating package descriptor '/home/bengokaysaglam/pavlov_mini_wheel/install/pavlov_controller/share/pavlov_controller/package.dsv'
[2.053s] INFO:colcon.colcon_core.shell:Creating package script '/home/bengokaysaglam/pavlov_mini_wheel/install/pavlov_controller/share/pavlov_controller/package.sh'
[2.054s] INFO:colcon.colcon_core.shell:Creating package script '/home/bengokaysaglam/pavlov_mini_wheel/install/pavlov_controller/share/pavlov_controller/package.bash'
[2.054s] INFO:colcon.colcon_core.shell:Creating package script '/home/bengokaysaglam/pavlov_mini_wheel/install/pavlov_controller/share/pavlov_controller/package.zsh'
[2.055s] Level 1:colcon.colcon_core.environment:create_file_with_runtime_dependencies(/home/bengokaysaglam/pavlov_mini_wheel/install/pavlov_controller/share/colcon-core/packages/pavlov_controller)
[2.055s] Level 1:colcon.colcon_core.environment:create_environment_scripts_only(pavlov_controller)
[2.055s] Level 1:colcon.colcon_core.environment:checking '/home/bengokaysaglam/pavlov_mini_wheel/install/pavlov_controller' for CMake module files
[2.056s] Level 1:colcon.colcon_core.environment:checking '/home/bengokaysaglam/pavlov_mini_wheel/install/pavlov_controller' for CMake config files
[2.056s] Level 1:colcon.colcon_core.shell:create_environment_hook('pavlov_controller', 'cmake_prefix_path')
[2.056s] INFO:colcon.colcon_core.shell:Creating environment hook '/home/bengokaysaglam/pavlov_mini_wheel/install/pavlov_controller/share/pavlov_controller/hook/cmake_prefix_path.ps1'
[2.057s] INFO:colcon.colcon_core.shell:Creating environment descriptor '/home/bengokaysaglam/pavlov_mini_wheel/install/pavlov_controller/share/pavlov_controller/hook/cmake_prefix_path.dsv'
[2.057s] INFO:colcon.colcon_core.shell:Creating environment hook '/home/bengokaysaglam/pavlov_mini_wheel/install/pavlov_controller/share/pavlov_controller/hook/cmake_prefix_path.sh'
[2.057s] Level 1:colcon.colcon_core.environment:checking '/home/bengokaysaglam/pavlov_mini_wheel/install/pavlov_controller/lib'
[2.057s] Level 1:colcon.colcon_core.environment:checking '/home/bengokaysaglam/pavlov_mini_wheel/install/pavlov_controller/bin'
[2.057s] Level 1:colcon.colcon_core.environment:checking '/home/bengokaysaglam/pavlov_mini_wheel/install/pavlov_controller/lib/pkgconfig/pavlov_controller.pc'
[2.058s] Level 1:colcon.colcon_core.environment:checking '/home/bengokaysaglam/pavlov_mini_wheel/install/pavlov_controller/lib/python3.10/site-packages'
[2.058s] Level 1:colcon.colcon_core.environment:checking '/home/bengokaysaglam/pavlov_mini_wheel/install/pavlov_controller/bin'
[2.058s] INFO:colcon.colcon_core.shell:Creating package script '/home/bengokaysaglam/pavlov_mini_wheel/install/pavlov_controller/share/pavlov_controller/package.ps1'
[2.058s] INFO:colcon.colcon_core.shell:Creating package descriptor '/home/bengokaysaglam/pavlov_mini_wheel/install/pavlov_controller/share/pavlov_controller/package.dsv'
[2.059s] INFO:colcon.colcon_core.shell:Creating package script '/home/bengokaysaglam/pavlov_mini_wheel/install/pavlov_controller/share/pavlov_controller/package.sh'
[2.059s] INFO:colcon.colcon_core.shell:Creating package script '/home/bengokaysaglam/pavlov_mini_wheel/install/pavlov_controller/share/pavlov_controller/package.bash'
[2.060s] INFO:colcon.colcon_core.shell:Creating package script '/home/bengokaysaglam/pavlov_mini_wheel/install/pavlov_controller/share/pavlov_controller/package.zsh'
[2.060s] Level 1:colcon.colcon_core.environment:create_file_with_runtime_dependencies(/home/bengokaysaglam/pavlov_mini_wheel/install/pavlov_controller/share/colcon-core/packages/pavlov_controller)
[2.060s] DEBUG:colcon.colcon_parallel_executor.executor.parallel:closing loop
[2.061s] DEBUG:colcon.colcon_parallel_executor.executor.parallel:loop closed
[2.061s] DEBUG:colcon.colcon_parallel_executor.executor.parallel:run_until_complete finished with '0'
[2.062s] DEBUG:colcon.colcon_core.event_reactor:joining thread
[2.081s] INFO:colcon.colcon_core.plugin_system:Skipping extension 'colcon_notification.desktop_notification.terminal_notifier': Not used on non-Darwin systems
[2.081s] INFO:colcon.colcon_core.plugin_system:Skipping extension 'colcon_notification.desktop_notification.win32': Not used on non-Windows systems
[2.081s] INFO:colcon.colcon_notification.desktop_notification:Sending desktop notification using 'notify2'
[2.119s] DEBUG:colcon.colcon_core.event_reactor:joined thread
[2.120s] INFO:colcon.colcon_core.shell:Creating prefix script '/home/bengokaysaglam/pavlov_mini_wheel/install/local_setup.ps1'
[2.122s] INFO:colcon.colcon_core.shell:Creating prefix util module '/home/bengokaysaglam/pavlov_mini_wheel/install/_local_setup_util_ps1.py'
[2.126s] INFO:colcon.colcon_core.shell:Creating prefix chain script '/home/bengokaysaglam/pavlov_mini_wheel/install/setup.ps1'
[2.129s] INFO:colcon.colcon_core.shell:Creating prefix script '/home/bengokaysaglam/pavlov_mini_wheel/install/local_setup.sh'
[2.135s] INFO:colcon.colcon_core.shell:Creating prefix util module '/home/bengokaysaglam/pavlov_mini_wheel/install/_local_setup_util_sh.py'
[2.136s] INFO:colcon.colcon_core.shell:Creating prefix chain script '/home/bengokaysaglam/pavlov_mini_wheel/install/setup.sh'
[2.138s] INFO:colcon.colcon_core.shell:Creating prefix script '/home/bengokaysaglam/pavlov_mini_wheel/install/local_setup.bash'
[2.139s] INFO:colcon.colcon_core.shell:Creating prefix chain script '/home/bengokaysaglam/pavlov_mini_wheel/install/setup.bash'
[2.141s] INFO:colcon.colcon_core.shell:Creating prefix script '/home/bengokaysaglam/pavlov_mini_wheel/install/local_setup.zsh'
[2.143s] INFO:colcon.colcon_core.shell:Creating prefix chain script '/home/bengokaysaglam/pavlov_mini_wheel/install/setup.zsh'
