[0.813s] DEBUG:colcon:Command line arguments: ['/usr/bin/colcon', 'build']
[0.813s] DEBUG:colcon:Parsed command line arguments: Namespace(log_base=None, log_level=None, verb_name='build', build_base='build', install_base='install', merge_install=False, symlink_install=False, test_result_base=None, continue_on_error=False, executor='parallel', parallel_workers=6, event_handlers=None, ignore_user_meta=False, metas=['./colcon.meta'], base_paths=['.'], packages_ignore=None, packages_ignore_regex=None, paths=None, packages_up_to=None, packages_up_to_regex=None, packages_above=None, packages_above_and_dependencies=None, packages_above_depth=None, packages_select_by_dep=None, packages_skip_by_dep=None, packages_skip_up_to=None, packages_select_build_failed=False, packages_skip_build_finished=False, packages_select_test_failures=False, packages_skip_test_passed=False, packages_select=None, packages_skip=None, packages_select_regex=None, packages_skip_regex=None, packages_start=None, packages_end=None, allow_overriding=[], cmake_args=None, cmake_target=None, cmake_target_skip_unavailable=False, cmake_clean_cache=False, cmake_clean_first=False, cmake_force_configure=False, ament_cmake_args=None, catkin_cmake_args=None, catkin_skip_building_tests=False, mixin_files=None, mixin=None, verb_parser=<colcon_mixin.mixin.mixin_argument.MixinArgumentDecorator object at 0x70ec0e6903d0>, verb_extension=<colcon_core.verb.build.BuildVerb object at 0x70ec0e65fdc0>, main=<bound method BuildVerb.main of <colcon_core.verb.build.BuildVerb object at 0x70ec0e65fdc0>>, mixin_verb=('build',))
[1.318s] Level 1:colcon.colcon_core.package_discovery:discover_packages(colcon_meta) check parameters
[1.318s] Level 1:colcon.colcon_core.package_discovery:discover_packages(recursive) check parameters
[1.318s] Level 1:colcon.colcon_core.package_discovery:discover_packages(ignore) check parameters
[1.318s] Level 1:colcon.colcon_core.package_discovery:discover_packages(path) check parameters
[1.318s] Level 1:colcon.colcon_core.package_discovery:discover_packages(colcon_meta) discover
[1.318s] Level 1:colcon.colcon_core.package_discovery:discover_packages(recursive) discover
[1.318s] INFO:colcon.colcon_core.package_discovery:Crawling recursively for packages in '/home/bengokaysaglam/pavlov_mini_wheel'
[1.318s] Level 1:colcon.colcon_core.package_identification:_identify(.) by extensions ['ignore', 'ignore_ament_install']
[1.318s] Level 1:colcon.colcon_core.package_identification:_identify(.) by extension 'ignore'
[1.318s] Level 1:colcon.colcon_core.package_identification:_identify(.) by extension 'ignore_ament_install'
[1.318s] Level 1:colcon.colcon_core.package_identification:_identify(.) by extensions ['colcon_pkg']
[1.319s] Level 1:colcon.colcon_core.package_identification:_identify(.) by extension 'colcon_pkg'
[1.319s] Level 1:colcon.colcon_core.package_identification:_identify(.) by extensions ['colcon_meta']
[1.319s] Level 1:colcon.colcon_core.package_identification:_identify(.) by extension 'colcon_meta'
[1.319s] Level 1:colcon.colcon_core.package_identification:_identify(.) by extensions ['ros']
[1.319s] Level 1:colcon.colcon_core.package_identification:_identify(.) by extension 'ros'
[1.363s] Level 1:colcon.colcon_core.package_identification:_identify(.) by extensions ['cmake', 'python']
[1.363s] Level 1:colcon.colcon_core.package_identification:_identify(.) by extension 'cmake'
[1.363s] Level 1:colcon.colcon_core.package_identification:_identify(.) by extension 'python'
[1.363s] Level 1:colcon.colcon_core.package_identification:_identify(.) by extensions ['python_setup_py']
[1.363s] Level 1:colcon.colcon_core.package_identification:_identify(.) by extension 'python_setup_py'
[1.363s] Level 1:colcon.colcon_core.package_identification:_identify(build) by extensions ['ignore', 'ignore_ament_install']
[1.363s] Level 1:colcon.colcon_core.package_identification:_identify(build) by extension 'ignore'
[1.363s] Level 1:colcon.colcon_core.package_identification:_identify(build) ignored
[1.363s] Level 1:colcon.colcon_core.package_identification:_identify(install) by extensions ['ignore', 'ignore_ament_install']
[1.363s] Level 1:colcon.colcon_core.package_identification:_identify(install) by extension 'ignore'
[1.363s] Level 1:colcon.colcon_core.package_identification:_identify(install) ignored
[1.364s] Level 1:colcon.colcon_core.package_identification:_identify(log) by extensions ['ignore', 'ignore_ament_install']
[1.365s] Level 1:colcon.colcon_core.package_identification:_identify(log) by extension 'ignore'
[1.365s] Level 1:colcon.colcon_core.package_identification:_identify(log) ignored
[1.365s] Level 1:colcon.colcon_core.package_identification:_identify(src) by extensions ['ignore', 'ignore_ament_install']
[1.365s] Level 1:colcon.colcon_core.package_identification:_identify(src) by extension 'ignore'
[1.365s] Level 1:colcon.colcon_core.package_identification:_identify(src) by extension 'ignore_ament_install'
[1.365s] Level 1:colcon.colcon_core.package_identification:_identify(src) by extensions ['colcon_pkg']
[1.365s] Level 1:colcon.colcon_core.package_identification:_identify(src) by extension 'colcon_pkg'
[1.365s] Level 1:colcon.colcon_core.package_identification:_identify(src) by extensions ['colcon_meta']
[1.365s] Level 1:colcon.colcon_core.package_identification:_identify(src) by extension 'colcon_meta'
[1.365s] Level 1:colcon.colcon_core.package_identification:_identify(src) by extensions ['ros']
[1.365s] Level 1:colcon.colcon_core.package_identification:_identify(src) by extension 'ros'
[1.366s] Level 1:colcon.colcon_core.package_identification:_identify(src) by extensions ['cmake', 'python']
[1.366s] Level 1:colcon.colcon_core.package_identification:_identify(src) by extension 'cmake'
[1.366s] Level 1:colcon.colcon_core.package_identification:_identify(src) by extension 'python'
[1.366s] Level 1:colcon.colcon_core.package_identification:_identify(src) by extensions ['python_setup_py']
[1.366s] Level 1:colcon.colcon_core.package_identification:_identify(src) by extension 'python_setup_py'
[1.366s] Level 1:colcon.colcon_core.package_identification:_identify(src/pavlov_controller) by extensions ['ignore', 'ignore_ament_install']
[1.366s] Level 1:colcon.colcon_core.package_identification:_identify(src/pavlov_controller) by extension 'ignore'
[1.366s] Level 1:colcon.colcon_core.package_identification:_identify(src/pavlov_controller) by extension 'ignore_ament_install'
[1.366s] Level 1:colcon.colcon_core.package_identification:_identify(src/pavlov_controller) by extensions ['colcon_pkg']
[1.367s] Level 1:colcon.colcon_core.package_identification:_identify(src/pavlov_controller) by extension 'colcon_pkg'
[1.367s] Level 1:colcon.colcon_core.package_identification:_identify(src/pavlov_controller) by extensions ['colcon_meta']
[1.367s] Level 1:colcon.colcon_core.package_identification:_identify(src/pavlov_controller) by extension 'colcon_meta'
[1.367s] Level 1:colcon.colcon_core.package_identification:_identify(src/pavlov_controller) by extensions ['ros']
[1.367s] Level 1:colcon.colcon_core.package_identification:_identify(src/pavlov_controller) by extension 'ros'
[1.371s] DEBUG:colcon.colcon_core.package_identification:Package 'src/pavlov_controller' with type 'ros.ament_cmake' and name 'pavlov_controller'
[1.372s] Level 1:colcon.colcon_core.package_identification:_identify(src/pavlov_description) by extensions ['ignore', 'ignore_ament_install']
[1.372s] Level 1:colcon.colcon_core.package_identification:_identify(src/pavlov_description) by extension 'ignore'
[1.372s] Level 1:colcon.colcon_core.package_identification:_identify(src/pavlov_description) by extension 'ignore_ament_install'
[1.372s] Level 1:colcon.colcon_core.package_identification:_identify(src/pavlov_description) by extensions ['colcon_pkg']
[1.372s] Level 1:colcon.colcon_core.package_identification:_identify(src/pavlov_description) by extension 'colcon_pkg'
[1.372s] Level 1:colcon.colcon_core.package_identification:_identify(src/pavlov_description) by extensions ['colcon_meta']
[1.372s] Level 1:colcon.colcon_core.package_identification:_identify(src/pavlov_description) by extension 'colcon_meta'
[1.373s] Level 1:colcon.colcon_core.package_identification:_identify(src/pavlov_description) by extensions ['ros']
[1.373s] Level 1:colcon.colcon_core.package_identification:_identify(src/pavlov_description) by extension 'ros'
[1.377s] DEBUG:colcon.colcon_core.package_identification:Package 'src/pavlov_description' with type 'ros.ament_cmake' and name 'pavlov_description'
[1.377s] Level 1:colcon.colcon_core.package_discovery:discover_packages(recursive) using defaults
[1.377s] Level 1:colcon.colcon_core.package_discovery:discover_packages(ignore) discover
[1.377s] Level 1:colcon.colcon_core.package_discovery:discover_packages(ignore) using defaults
[1.377s] Level 1:colcon.colcon_core.package_discovery:discover_packages(path) discover
[1.377s] Level 1:colcon.colcon_core.package_discovery:discover_packages(path) using defaults
[1.414s] Level 1:colcon.colcon_core.package_discovery:discover_packages(prefix_path) check parameters
[1.414s] Level 1:colcon.colcon_core.package_discovery:discover_packages(prefix_path) discover
[1.422s] DEBUG:colcon.colcon_installed_package_information.package_discovery:Found 13 installed packages in /home/bengokaysaglam/bumperbot_ws/install
[1.423s] DEBUG:colcon.colcon_installed_package_information.package_discovery:Found 440 installed packages in /opt/ros/humble
[1.425s] Level 1:colcon.colcon_core.package_discovery:discover_packages(prefix_path) using defaults
[1.492s] Level 5:colcon.colcon_core.verb:set package 'pavlov_controller' build argument 'cmake_args' from command line to 'None'
[1.493s] Level 5:colcon.colcon_core.verb:set package 'pavlov_controller' build argument 'cmake_target' from command line to 'None'
[1.493s] Level 5:colcon.colcon_core.verb:set package 'pavlov_controller' build argument 'cmake_target_skip_unavailable' from command line to 'False'
[1.493s] Level 5:colcon.colcon_core.verb:set package 'pavlov_controller' build argument 'cmake_clean_cache' from command line to 'False'
[1.493s] Level 5:colcon.colcon_core.verb:set package 'pavlov_controller' build argument 'cmake_clean_first' from command line to 'False'
[1.493s] Level 5:colcon.colcon_core.verb:set package 'pavlov_controller' build argument 'cmake_force_configure' from command line to 'False'
[1.493s] Level 5:colcon.colcon_core.verb:set package 'pavlov_controller' build argument 'ament_cmake_args' from command line to 'None'
[1.493s] Level 5:colcon.colcon_core.verb:set package 'pavlov_controller' build argument 'catkin_cmake_args' from command line to 'None'
[1.493s] Level 5:colcon.colcon_core.verb:set package 'pavlov_controller' build argument 'catkin_skip_building_tests' from command line to 'False'
[1.493s] DEBUG:colcon.colcon_core.verb:Building package 'pavlov_controller' with the following arguments: {'ament_cmake_args': None, 'build_base': '/home/bengokaysaglam/pavlov_mini_wheel/build/pavlov_controller', 'catkin_cmake_args': None, 'catkin_skip_building_tests': False, 'cmake_args': None, 'cmake_clean_cache': False, 'cmake_clean_first': False, 'cmake_force_configure': False, 'cmake_target': None, 'cmake_target_skip_unavailable': False, 'install_base': '/home/bengokaysaglam/pavlov_mini_wheel/install/pavlov_controller', 'merge_install': False, 'path': '/home/bengokaysaglam/pavlov_mini_wheel/src/pavlov_controller', 'symlink_install': False, 'test_result_base': None}
[1.493s] Level 5:colcon.colcon_core.verb:set package 'pavlov_description' build argument 'cmake_args' from command line to 'None'
[1.493s] Level 5:colcon.colcon_core.verb:set package 'pavlov_description' build argument 'cmake_target' from command line to 'None'
[1.493s] Level 5:colcon.colcon_core.verb:set package 'pavlov_description' build argument 'cmake_target_skip_unavailable' from command line to 'False'
[1.493s] Level 5:colcon.colcon_core.verb:set package 'pavlov_description' build argument 'cmake_clean_cache' from command line to 'False'
[1.493s] Level 5:colcon.colcon_core.verb:set package 'pavlov_description' build argument 'cmake_clean_first' from command line to 'False'
[1.493s] Level 5:colcon.colcon_core.verb:set package 'pavlov_description' build argument 'cmake_force_configure' from command line to 'False'
[1.493s] Level 5:colcon.colcon_core.verb:set package 'pavlov_description' build argument 'ament_cmake_args' from command line to 'None'
[1.493s] Level 5:colcon.colcon_core.verb:set package 'pavlov_description' build argument 'catkin_cmake_args' from command line to 'None'
[1.493s] Level 5:colcon.colcon_core.verb:set package 'pavlov_description' build argument 'catkin_skip_building_tests' from command line to 'False'
[1.493s] DEBUG:colcon.colcon_core.verb:Building package 'pavlov_description' with the following arguments: {'ament_cmake_args': None, 'build_base': '/home/bengokaysaglam/pavlov_mini_wheel/build/pavlov_description', 'catkin_cmake_args': None, 'catkin_skip_building_tests': False, 'cmake_args': None, 'cmake_clean_cache': False, 'cmake_clean_first': False, 'cmake_force_configure': False, 'cmake_target': None, 'cmake_target_skip_unavailable': False, 'install_base': '/home/bengokaysaglam/pavlov_mini_wheel/install/pavlov_description', 'merge_install': False, 'path': '/home/bengokaysaglam/pavlov_mini_wheel/src/pavlov_description', 'symlink_install': False, 'test_result_base': None}
[1.493s] INFO:colcon.colcon_core.executor:Executing jobs using 'parallel' executor
[1.495s] DEBUG:colcon.colcon_parallel_executor.executor.parallel:run_until_complete
[1.495s] INFO:colcon.colcon_ros.task.ament_cmake.build:Building ROS package in '/home/bengokaysaglam/pavlov_mini_wheel/src/pavlov_controller' with build type 'ament_cmake'
[1.495s] INFO:colcon.colcon_cmake.task.cmake.build:Building CMake package in '/home/bengokaysaglam/pavlov_mini_wheel/src/pavlov_controller'
[1.506s] INFO:colcon.colcon_core.plugin_system:Skipping extension 'colcon_core.shell.bat': Not used on non-Windows systems
[1.507s] INFO:colcon.colcon_core.shell:Skip shell extension 'powershell' for command environment: Not usable outside of PowerShell
[1.507s] DEBUG:colcon.colcon_core.shell:Skip shell extension 'dsv' for command environment
[1.513s] INFO:colcon.colcon_ros.task.ament_cmake.build:Building ROS package in '/home/bengokaysaglam/pavlov_mini_wheel/src/pavlov_description' with build type 'ament_cmake'
[1.513s] INFO:colcon.colcon_cmake.task.cmake.build:Building CMake package in '/home/bengokaysaglam/pavlov_mini_wheel/src/pavlov_description'
[1.513s] INFO:colcon.colcon_core.shell:Skip shell extension 'powershell' for command environment: Not usable outside of PowerShell
[1.513s] DEBUG:colcon.colcon_core.shell:Skip shell extension 'dsv' for command environment
[1.528s] DEBUG:colcon.colcon_core.event_handler.log_command:Invoking command in '/home/bengokaysaglam/pavlov_mini_wheel/build/pavlov_controller': CMAKE_PREFIX_PATH=${CMAKE_PREFIX_PATH}:/home/bengokaysaglam/bumperbot_ws/install/bumperbot_py_examples:/opt/ros/humble /usr/bin/cmake --build /home/bengokaysaglam/pavlov_mini_wheel/build/pavlov_controller -- -j6 -l6
[1.542s] DEBUG:colcon.colcon_core.event_handler.log_command:Invoking command in '/home/bengokaysaglam/pavlov_mini_wheel/build/pavlov_description': CMAKE_PREFIX_PATH=${CMAKE_PREFIX_PATH}:/home/bengokaysaglam/bumperbot_ws/install/bumperbot_py_examples:/opt/ros/humble /usr/bin/cmake --build /home/bengokaysaglam/pavlov_mini_wheel/build/pavlov_description -- -j6 -l6
[1.776s] DEBUG:colcon.colcon_core.event_handler.log_command:Invoked command in '/home/bengokaysaglam/pavlov_mini_wheel/build/pavlov_description' returned '0': CMAKE_PREFIX_PATH=${CMAKE_PREFIX_PATH}:/home/bengokaysaglam/bumperbot_ws/install/bumperbot_py_examples:/opt/ros/humble /usr/bin/cmake --build /home/bengokaysaglam/pavlov_mini_wheel/build/pavlov_description -- -j6 -l6
[1.800s] DEBUG:colcon.colcon_core.event_handler.log_command:Invoking command in '/home/bengokaysaglam/pavlov_mini_wheel/build/pavlov_description': CMAKE_PREFIX_PATH=${CMAKE_PREFIX_PATH}:/home/bengokaysaglam/bumperbot_ws/install/bumperbot_py_examples:/opt/ros/humble /usr/bin/cmake --install /home/bengokaysaglam/pavlov_mini_wheel/build/pavlov_description
[1.843s] DEBUG:colcon.colcon_core.event_handler.log_command:Invoked command in '/home/bengokaysaglam/pavlov_mini_wheel/build/pavlov_controller' returned '0': CMAKE_PREFIX_PATH=${CMAKE_PREFIX_PATH}:/home/bengokaysaglam/bumperbot_ws/install/bumperbot_py_examples:/opt/ros/humble /usr/bin/cmake --build /home/bengokaysaglam/pavlov_mini_wheel/build/pavlov_controller -- -j6 -l6
[1.853s] DEBUG:colcon.colcon_core.event_handler.log_command:Invoking command in '/home/bengokaysaglam/pavlov_mini_wheel/build/pavlov_controller': CMAKE_PREFIX_PATH=${CMAKE_PREFIX_PATH}:/home/bengokaysaglam/bumperbot_ws/install/bumperbot_py_examples:/opt/ros/humble /usr/bin/cmake --install /home/bengokaysaglam/pavlov_mini_wheel/build/pavlov_controller
[1.925s] Level 1:colcon.colcon_core.environment:create_environment_scripts_only(pavlov_description)
[1.930s] DEBUG:colcon.colcon_core.event_handler.log_command:Invoked command in '/home/bengokaysaglam/pavlov_mini_wheel/build/pavlov_description' returned '0': CMAKE_PREFIX_PATH=${CMAKE_PREFIX_PATH}:/home/bengokaysaglam/bumperbot_ws/install/bumperbot_py_examples:/opt/ros/humble /usr/bin/cmake --install /home/bengokaysaglam/pavlov_mini_wheel/build/pavlov_description
[1.950s] Level 1:colcon.colcon_core.environment:checking '/home/bengokaysaglam/pavlov_mini_wheel/install/pavlov_description' for CMake module files
[1.950s] Level 1:colcon.colcon_core.environment:checking '/home/bengokaysaglam/pavlov_mini_wheel/install/pavlov_description' for CMake config files
[1.952s] Level 1:colcon.colcon_core.shell:create_environment_hook('pavlov_description', 'cmake_prefix_path')
[1.952s] INFO:colcon.colcon_core.shell:Creating environment hook '/home/bengokaysaglam/pavlov_mini_wheel/install/pavlov_description/share/pavlov_description/hook/cmake_prefix_path.ps1'
[1.955s] INFO:colcon.colcon_core.shell:Creating environment descriptor '/home/bengokaysaglam/pavlov_mini_wheel/install/pavlov_description/share/pavlov_description/hook/cmake_prefix_path.dsv'
[1.956s] INFO:colcon.colcon_core.shell:Creating environment hook '/home/bengokaysaglam/pavlov_mini_wheel/install/pavlov_description/share/pavlov_description/hook/cmake_prefix_path.sh'
[1.958s] Level 1:colcon.colcon_core.environment:checking '/home/bengokaysaglam/pavlov_mini_wheel/install/pavlov_description/bin'
[1.958s] Level 1:colcon.colcon_core.environment:checking '/home/bengokaysaglam/pavlov_mini_wheel/install/pavlov_description/lib/pkgconfig/pavlov_description.pc'
[1.959s] Level 1:colcon.colcon_core.environment:checking '/home/bengokaysaglam/pavlov_mini_wheel/install/pavlov_description/lib/python3.10/site-packages'
[1.959s] Level 1:colcon.colcon_core.environment:checking '/home/bengokaysaglam/pavlov_mini_wheel/install/pavlov_description/bin'
[1.959s] INFO:colcon.colcon_core.shell:Creating package script '/home/bengokaysaglam/pavlov_mini_wheel/install/pavlov_description/share/pavlov_description/package.ps1'
[1.961s] INFO:colcon.colcon_core.shell:Creating package descriptor '/home/bengokaysaglam/pavlov_mini_wheel/install/pavlov_description/share/pavlov_description/package.dsv'
[1.962s] INFO:colcon.colcon_core.shell:Creating package script '/home/bengokaysaglam/pavlov_mini_wheel/install/pavlov_description/share/pavlov_description/package.sh'
[1.964s] INFO:colcon.colcon_core.shell:Creating package script '/home/bengokaysaglam/pavlov_mini_wheel/install/pavlov_description/share/pavlov_description/package.bash'
[1.966s] INFO:colcon.colcon_core.shell:Creating package script '/home/bengokaysaglam/pavlov_mini_wheel/install/pavlov_description/share/pavlov_description/package.zsh'
[1.968s] Level 1:colcon.colcon_core.environment:create_file_with_runtime_dependencies(/home/bengokaysaglam/pavlov_mini_wheel/install/pavlov_description/share/colcon-core/packages/pavlov_description)
[1.969s] Level 1:colcon.colcon_core.environment:create_environment_scripts_only(pavlov_description)
[1.969s] Level 1:colcon.colcon_core.environment:checking '/home/bengokaysaglam/pavlov_mini_wheel/install/pavlov_description' for CMake module files
[1.970s] Level 1:colcon.colcon_core.environment:checking '/home/bengokaysaglam/pavlov_mini_wheel/install/pavlov_description' for CMake config files
[1.970s] Level 1:colcon.colcon_core.shell:create_environment_hook('pavlov_description', 'cmake_prefix_path')
[1.970s] INFO:colcon.colcon_core.shell:Creating environment hook '/home/bengokaysaglam/pavlov_mini_wheel/install/pavlov_description/share/pavlov_description/hook/cmake_prefix_path.ps1'
[1.971s] INFO:colcon.colcon_core.shell:Creating environment descriptor '/home/bengokaysaglam/pavlov_mini_wheel/install/pavlov_description/share/pavlov_description/hook/cmake_prefix_path.dsv'
[1.971s] INFO:colcon.colcon_core.shell:Creating environment hook '/home/bengokaysaglam/pavlov_mini_wheel/install/pavlov_description/share/pavlov_description/hook/cmake_prefix_path.sh'
[1.972s] Level 1:colcon.colcon_core.environment:checking '/home/bengokaysaglam/pavlov_mini_wheel/install/pavlov_description/bin'
[1.972s] Level 1:colcon.colcon_core.environment:checking '/home/bengokaysaglam/pavlov_mini_wheel/install/pavlov_description/lib/pkgconfig/pavlov_description.pc'
[1.972s] Level 1:colcon.colcon_core.environment:checking '/home/bengokaysaglam/pavlov_mini_wheel/install/pavlov_description/lib/python3.10/site-packages'
[1.972s] Level 1:colcon.colcon_core.environment:checking '/home/bengokaysaglam/pavlov_mini_wheel/install/pavlov_description/bin'
[1.972s] INFO:colcon.colcon_core.shell:Creating package script '/home/bengokaysaglam/pavlov_mini_wheel/install/pavlov_description/share/pavlov_description/package.ps1'
[1.973s] INFO:colcon.colcon_core.shell:Creating package descriptor '/home/bengokaysaglam/pavlov_mini_wheel/install/pavlov_description/share/pavlov_description/package.dsv'
[1.973s] INFO:colcon.colcon_core.shell:Creating package script '/home/bengokaysaglam/pavlov_mini_wheel/install/pavlov_description/share/pavlov_description/package.sh'
[1.974s] INFO:colcon.colcon_core.shell:Creating package script '/home/bengokaysaglam/pavlov_mini_wheel/install/pavlov_description/share/pavlov_description/package.bash'
[1.974s] INFO:colcon.colcon_core.shell:Creating package script '/home/bengokaysaglam/pavlov_mini_wheel/install/pavlov_description/share/pavlov_description/package.zsh'
[1.974s] Level 1:colcon.colcon_core.environment:create_file_with_runtime_dependencies(/home/bengokaysaglam/pavlov_mini_wheel/install/pavlov_description/share/colcon-core/packages/pavlov_description)
[1.976s] Level 1:colcon.colcon_core.environment:create_environment_scripts_only(pavlov_controller)
[1.976s] Level 1:colcon.colcon_core.environment:checking '/home/bengokaysaglam/pavlov_mini_wheel/install/pavlov_controller' for CMake module files
[1.977s] DEBUG:colcon.colcon_core.event_handler.log_command:Invoked command in '/home/bengokaysaglam/pavlov_mini_wheel/build/pavlov_controller' returned '0': CMAKE_PREFIX_PATH=${CMAKE_PREFIX_PATH}:/home/bengokaysaglam/bumperbot_ws/install/bumperbot_py_examples:/opt/ros/humble /usr/bin/cmake --install /home/bengokaysaglam/pavlov_mini_wheel/build/pavlov_controller
[1.981s] Level 1:colcon.colcon_core.environment:checking '/home/bengokaysaglam/pavlov_mini_wheel/install/pavlov_controller' for CMake config files
[1.983s] Level 1:colcon.colcon_core.shell:create_environment_hook('pavlov_controller', 'cmake_prefix_path')
[1.983s] INFO:colcon.colcon_core.shell:Creating environment hook '/home/bengokaysaglam/pavlov_mini_wheel/install/pavlov_controller/share/pavlov_controller/hook/cmake_prefix_path.ps1'
[1.985s] INFO:colcon.colcon_core.shell:Creating environment descriptor '/home/bengokaysaglam/pavlov_mini_wheel/install/pavlov_controller/share/pavlov_controller/hook/cmake_prefix_path.dsv'
[1.986s] INFO:colcon.colcon_core.shell:Creating environment hook '/home/bengokaysaglam/pavlov_mini_wheel/install/pavlov_controller/share/pavlov_controller/hook/cmake_prefix_path.sh'
[1.987s] Level 1:colcon.colcon_core.environment:checking '/home/bengokaysaglam/pavlov_mini_wheel/install/pavlov_controller/lib'
[1.987s] Level 1:colcon.colcon_core.environment:checking '/home/bengokaysaglam/pavlov_mini_wheel/install/pavlov_controller/bin'
[1.987s] Level 1:colcon.colcon_core.environment:checking '/home/bengokaysaglam/pavlov_mini_wheel/install/pavlov_controller/lib/pkgconfig/pavlov_controller.pc'
[1.987s] Level 1:colcon.colcon_core.environment:checking '/home/bengokaysaglam/pavlov_mini_wheel/install/pavlov_controller/lib/python3.10/site-packages'
[1.988s] Level 1:colcon.colcon_core.environment:checking '/home/bengokaysaglam/pavlov_mini_wheel/install/pavlov_controller/bin'
[1.988s] INFO:colcon.colcon_core.shell:Creating package script '/home/bengokaysaglam/pavlov_mini_wheel/install/pavlov_controller/share/pavlov_controller/package.ps1'
[1.988s] INFO:colcon.colcon_core.shell:Creating package descriptor '/home/bengokaysaglam/pavlov_mini_wheel/install/pavlov_controller/share/pavlov_controller/package.dsv'
[1.989s] INFO:colcon.colcon_core.shell:Creating package script '/home/bengokaysaglam/pavlov_mini_wheel/install/pavlov_controller/share/pavlov_controller/package.sh'
[1.989s] INFO:colcon.colcon_core.shell:Creating package script '/home/bengokaysaglam/pavlov_mini_wheel/install/pavlov_controller/share/pavlov_controller/package.bash'
[1.989s] INFO:colcon.colcon_core.shell:Creating package script '/home/bengokaysaglam/pavlov_mini_wheel/install/pavlov_controller/share/pavlov_controller/package.zsh'
[1.990s] Level 1:colcon.colcon_core.environment:create_file_with_runtime_dependencies(/home/bengokaysaglam/pavlov_mini_wheel/install/pavlov_controller/share/colcon-core/packages/pavlov_controller)
[1.990s] Level 1:colcon.colcon_core.environment:create_environment_scripts_only(pavlov_controller)
[1.990s] Level 1:colcon.colcon_core.environment:checking '/home/bengokaysaglam/pavlov_mini_wheel/install/pavlov_controller' for CMake module files
[1.991s] Level 1:colcon.colcon_core.environment:checking '/home/bengokaysaglam/pavlov_mini_wheel/install/pavlov_controller' for CMake config files
[1.991s] Level 1:colcon.colcon_core.shell:create_environment_hook('pavlov_controller', 'cmake_prefix_path')
[1.991s] INFO:colcon.colcon_core.shell:Creating environment hook '/home/bengokaysaglam/pavlov_mini_wheel/install/pavlov_controller/share/pavlov_controller/hook/cmake_prefix_path.ps1'
[1.992s] INFO:colcon.colcon_core.shell:Creating environment descriptor '/home/bengokaysaglam/pavlov_mini_wheel/install/pavlov_controller/share/pavlov_controller/hook/cmake_prefix_path.dsv'
[1.992s] INFO:colcon.colcon_core.shell:Creating environment hook '/home/bengokaysaglam/pavlov_mini_wheel/install/pavlov_controller/share/pavlov_controller/hook/cmake_prefix_path.sh'
[1.993s] Level 1:colcon.colcon_core.environment:checking '/home/bengokaysaglam/pavlov_mini_wheel/install/pavlov_controller/lib'
[1.993s] Level 1:colcon.colcon_core.environment:checking '/home/bengokaysaglam/pavlov_mini_wheel/install/pavlov_controller/bin'
[1.993s] Level 1:colcon.colcon_core.environment:checking '/home/bengokaysaglam/pavlov_mini_wheel/install/pavlov_controller/lib/pkgconfig/pavlov_controller.pc'
[1.993s] Level 1:colcon.colcon_core.environment:checking '/home/bengokaysaglam/pavlov_mini_wheel/install/pavlov_controller/lib/python3.10/site-packages'
[1.993s] Level 1:colcon.colcon_core.environment:checking '/home/bengokaysaglam/pavlov_mini_wheel/install/pavlov_controller/bin'
[1.994s] INFO:colcon.colcon_core.shell:Creating package script '/home/bengokaysaglam/pavlov_mini_wheel/install/pavlov_controller/share/pavlov_controller/package.ps1'
[1.994s] INFO:colcon.colcon_core.shell:Creating package descriptor '/home/bengokaysaglam/pavlov_mini_wheel/install/pavlov_controller/share/pavlov_controller/package.dsv'
[1.995s] INFO:colcon.colcon_core.shell:Creating package script '/home/bengokaysaglam/pavlov_mini_wheel/install/pavlov_controller/share/pavlov_controller/package.sh'
[1.995s] INFO:colcon.colcon_core.shell:Creating package script '/home/bengokaysaglam/pavlov_mini_wheel/install/pavlov_controller/share/pavlov_controller/package.bash'
[1.996s] INFO:colcon.colcon_core.shell:Creating package script '/home/bengokaysaglam/pavlov_mini_wheel/install/pavlov_controller/share/pavlov_controller/package.zsh'
[1.997s] Level 1:colcon.colcon_core.environment:create_file_with_runtime_dependencies(/home/bengokaysaglam/pavlov_mini_wheel/install/pavlov_controller/share/colcon-core/packages/pavlov_controller)
[1.997s] DEBUG:colcon.colcon_parallel_executor.executor.parallel:closing loop
[1.998s] DEBUG:colcon.colcon_parallel_executor.executor.parallel:loop closed
[1.999s] DEBUG:colcon.colcon_parallel_executor.executor.parallel:run_until_complete finished with '0'
[1.999s] DEBUG:colcon.colcon_core.event_reactor:joining thread
[2.011s] INFO:colcon.colcon_core.plugin_system:Skipping extension 'colcon_notification.desktop_notification.terminal_notifier': Not used on non-Darwin systems
[2.012s] INFO:colcon.colcon_core.plugin_system:Skipping extension 'colcon_notification.desktop_notification.win32': Not used on non-Windows systems
[2.012s] INFO:colcon.colcon_notification.desktop_notification:Sending desktop notification using 'notify2'
[2.046s] DEBUG:colcon.colcon_core.event_reactor:joined thread
[2.046s] INFO:colcon.colcon_core.shell:Creating prefix script '/home/bengokaysaglam/pavlov_mini_wheel/install/local_setup.ps1'
[2.048s] INFO:colcon.colcon_core.shell:Creating prefix util module '/home/bengokaysaglam/pavlov_mini_wheel/install/_local_setup_util_ps1.py'
[2.052s] INFO:colcon.colcon_core.shell:Creating prefix chain script '/home/bengokaysaglam/pavlov_mini_wheel/install/setup.ps1'
[2.056s] INFO:colcon.colcon_core.shell:Creating prefix script '/home/bengokaysaglam/pavlov_mini_wheel/install/local_setup.sh'
[2.058s] INFO:colcon.colcon_core.shell:Creating prefix util module '/home/bengokaysaglam/pavlov_mini_wheel/install/_local_setup_util_sh.py'
[2.059s] INFO:colcon.colcon_core.shell:Creating prefix chain script '/home/bengokaysaglam/pavlov_mini_wheel/install/setup.sh'
[2.061s] INFO:colcon.colcon_core.shell:Creating prefix script '/home/bengokaysaglam/pavlov_mini_wheel/install/local_setup.bash'
[2.062s] INFO:colcon.colcon_core.shell:Creating prefix chain script '/home/bengokaysaglam/pavlov_mini_wheel/install/setup.bash'
[2.065s] INFO:colcon.colcon_core.shell:Creating prefix script '/home/bengokaysaglam/pavlov_mini_wheel/install/local_setup.zsh'
[2.066s] INFO:colcon.colcon_core.shell:Creating prefix chain script '/home/bengokaysaglam/pavlov_mini_wheel/install/setup.zsh'
