[0.039s] Invoking command in '/home/bengokaysaglam/pavlov_mini_wheel/build/pavlov_controller': CMAKE_PREFIX_PATH=${CMAKE_PREFIX_PATH}:/home/bengokaysaglam/bumperbot_ws/install/bumperbot_py_examples:/opt/ros/humble /usr/bin/cmake --build /home/bengokaysaglam/pavlov_mini_wheel/build/pavlov_controller -- -j6 -l6
[0.137s] Invoked command in '/home/bengokaysaglam/pavlov_mini_wheel/build/pavlov_controller' returned '0': CMAKE_PREFIX_PATH=${CMAKE_PREFIX_PATH}:/home/bengokaysaglam/bumperbot_ws/install/bumperbot_py_examples:/opt/ros/humble /usr/bin/cmake --build /home/bengokaysaglam/pavlov_mini_wheel/build/pavlov_controller -- -j6 -l6
[0.160s] Invoking command in '/home/bengokaysaglam/pavlov_mini_wheel/build/pavlov_controller': CMAKE_PREFIX_PATH=${CMAKE_PREFIX_PATH}:/home/bengokaysaglam/bumperbot_ws/install/bumperbot_py_examples:/opt/ros/humble /usr/bin/cmake --install /home/bengokaysaglam/pavlov_mini_wheel/build/pavlov_controller
[0.169s] -- Install configuration: ""
[0.169s] -- Up-to-date: /home/bengokaysaglam/pavlov_mini_wheel/install/pavlov_controller/share/pavlov_controller/launch
[0.169s] -- Installing: /home/bengokaysaglam/pavlov_mini_wheel/install/pavlov_controller/share/pavlov_controller/launch/keyboard_controller.launch.py
[0.170s] -- Up-to-date: /home/bengokaysaglam/pavlov_mini_wheel/install/pavlov_controller/share/pavlov_controller/config
[0.171s] -- Up-to-date: /home/bengokaysaglam/pavlov_mini_wheel/install/pavlov_controller/share/pavlov_controller/config/controller_params.yaml
[0.171s] -- Up-to-date: /home/bengokaysaglam/pavlov_mini_wheel/install/pavlov_controller/share/pavlov_controller/config/ros2_controller.yaml
[0.171s] -- Up-to-date: /home/bengokaysaglam/pavlov_mini_wheel/install/pavlov_controller/lib/pavlov_controller/keyboard_controller.py
[0.171s] -- Up-to-date: /home/bengokaysaglam/pavlov_mini_wheel/install/pavlov_controller/share/ament_index/resource_index/package_run_dependencies/pavlov_controller
[0.171s] -- Up-to-date: /home/bengokaysaglam/pavlov_mini_wheel/install/pavlov_controller/share/ament_index/resource_index/parent_prefix_path/pavlov_controller
[0.171s] -- Up-to-date: /home/bengokaysaglam/pavlov_mini_wheel/install/pavlov_controller/share/pavlov_controller/environment/ament_prefix_path.sh
[0.171s] -- Up-to-date: /home/bengokaysaglam/pavlov_mini_wheel/install/pavlov_controller/share/pavlov_controller/environment/ament_prefix_path.dsv
[0.172s] -- Up-to-date: /home/bengokaysaglam/pavlov_mini_wheel/install/pavlov_controller/share/pavlov_controller/environment/path.sh
[0.172s] -- Up-to-date: /home/bengokaysaglam/pavlov_mini_wheel/install/pavlov_controller/share/pavlov_controller/environment/path.dsv
[0.172s] -- Up-to-date: /home/bengokaysaglam/pavlov_mini_wheel/install/pavlov_controller/share/pavlov_controller/local_setup.bash
[0.172s] -- Up-to-date: /home/bengokaysaglam/pavlov_mini_wheel/install/pavlov_controller/share/pavlov_controller/local_setup.sh
[0.172s] -- Up-to-date: /home/bengokaysaglam/pavlov_mini_wheel/install/pavlov_controller/share/pavlov_controller/local_setup.zsh
[0.172s] -- Up-to-date: /home/bengokaysaglam/pavlov_mini_wheel/install/pavlov_controller/share/pavlov_controller/local_setup.dsv
[0.172s] -- Installing: /home/bengokaysaglam/pavlov_mini_wheel/install/pavlov_controller/share/pavlov_controller/package.dsv
[0.172s] -- Up-to-date: /home/bengokaysaglam/pavlov_mini_wheel/install/pavlov_controller/share/ament_index/resource_index/packages/pavlov_controller
[0.172s] -- Up-to-date: /home/bengokaysaglam/pavlov_mini_wheel/install/pavlov_controller/share/pavlov_controller/cmake/pavlov_controllerConfig.cmake
[0.172s] -- Up-to-date: /home/bengokaysaglam/pavlov_mini_wheel/install/pavlov_controller/share/pavlov_controller/cmake/pavlov_controllerConfig-version.cmake
[0.172s] -- Up-to-date: /home/bengokaysaglam/pavlov_mini_wheel/install/pavlov_controller/share/pavlov_controller/package.xml
[0.176s] Invoked command in '/home/bengokaysaglam/pavlov_mini_wheel/build/pavlov_controller' returned '0': CMAKE_PREFIX_PATH=${CMAKE_PREFIX_PATH}:/home/bengokaysaglam/bumperbot_ws/install/bumperbot_py_examples:/opt/ros/humble /usr/bin/cmake --install /home/bengokaysaglam/pavlov_mini_wheel/build/pavlov_controller
