[0.038s] Invoking command in '/home/bengokaysaglam/pavlov_mini_wheel/build/pavlov_description': CMAKE_PREFIX_PATH=${CMAKE_PREFIX_PATH}:/home/bengokaysaglam/bumperbot_ws/install/bumperbot_py_examples:/opt/ros/humble /usr/bin/cmake /home/bengokaysaglam/pavlov_mini_wheel/src/pavlov_description -DAMENT_CMAKE_SYMLINK_INSTALL=1 -DCMAKE_INSTALL_PREFIX=/home/bengokaysaglam/pavlov_mini_wheel/install/pavlov_description
[0.095s] -- Found ament_cmake: 1.3.12 (/opt/ros/humble/share/ament_cmake/cmake)
[0.529s] -- Override CMake install command with custom implementation using symlinks instead of copying resources
[0.607s] -- Found ament_lint_auto: 0.12.14 (/opt/ros/humble/share/ament_lint_auto/cmake)
[0.880s] -- Added test 'flake8' to check Python code syntax and style conventions
[0.883s] -- Added test 'lint_cmake' to check CMake code style
[0.886s] -- Added test 'pep257' to check Python code against some of the docstring style conventions in PEP 257
[0.898s] -- Added test 'xmllint' to check XML markup files
[0.907s] -- Configuring done
[0.933s] -- Generating done
[0.940s] -- Build files have been written to: /home/bengokaysaglam/pavlov_mini_wheel/build/pavlov_description
[1.119s] Invoked command in '/home/bengokaysaglam/pavlov_mini_wheel/build/pavlov_description' returned '0': CMAKE_PREFIX_PATH=${CMAKE_PREFIX_PATH}:/home/bengokaysaglam/bumperbot_ws/install/bumperbot_py_examples:/opt/ros/humble /usr/bin/cmake /home/bengokaysaglam/pavlov_mini_wheel/src/pavlov_description -DAMENT_CMAKE_SYMLINK_INSTALL=1 -DCMAKE_INSTALL_PREFIX=/home/bengokaysaglam/pavlov_mini_wheel/install/pavlov_description
[1.123s] Invoking command in '/home/bengokaysaglam/pavlov_mini_wheel/build/pavlov_description': CMAKE_PREFIX_PATH=${CMAKE_PREFIX_PATH}:/home/bengokaysaglam/bumperbot_ws/install/bumperbot_py_examples:/opt/ros/humble /usr/bin/cmake --build /home/bengokaysaglam/pavlov_mini_wheel/build/pavlov_description -- -j6 -l6
[1.449s] Invoked command in '/home/bengokaysaglam/pavlov_mini_wheel/build/pavlov_description' returned '0': CMAKE_PREFIX_PATH=${CMAKE_PREFIX_PATH}:/home/bengokaysaglam/bumperbot_ws/install/bumperbot_py_examples:/opt/ros/humble /usr/bin/cmake --build /home/bengokaysaglam/pavlov_mini_wheel/build/pavlov_description -- -j6 -l6
[1.482s] Invoking command in '/home/bengokaysaglam/pavlov_mini_wheel/build/pavlov_description': CMAKE_PREFIX_PATH=${CMAKE_PREFIX_PATH}:/home/bengokaysaglam/bumperbot_ws/install/bumperbot_py_examples:/opt/ros/humble /usr/bin/cmake --install /home/bengokaysaglam/pavlov_mini_wheel/build/pavlov_description
[1.499s] -- Install configuration: ""
[1.500s] -- Execute custom install script
[1.503s] -- Up-to-date symlink: /home/bengokaysaglam/pavlov_mini_wheel/install/pavlov_description/share/pavlov_description/launch/__pycache__/gazebo.launch.cpython-310.pyc
[1.503s] -- Up-to-date symlink: /home/bengokaysaglam/pavlov_mini_wheel/install/pavlov_description/share/pavlov_description/launch/display.launch.py
[1.503s] -- Up-to-date symlink: /home/bengokaysaglam/pavlov_mini_wheel/install/pavlov_description/share/pavlov_description/launch/gazebo.launch.py
[1.503s] -- Up-to-date symlink: /home/bengokaysaglam/pavlov_mini_wheel/install/pavlov_description/share/pavlov_description/models/red_ball/model.config
[1.504s] -- Up-to-date symlink: /home/bengokaysaglam/pavlov_mini_wheel/install/pavlov_description/share/pavlov_description/models/red_ball/model.sdf
[1.504s] -- Up-to-date symlink: /home/bengokaysaglam/pavlov_mini_wheel/install/pavlov_description/share/pavlov_description/rviz/rviz_config.rviz
[1.504s] -- Up-to-date symlink: /home/bengokaysaglam/pavlov_mini_wheel/install/pavlov_description/share/pavlov_description/meshes/base.dae
[1.504s] -- Up-to-date symlink: /home/bengokaysaglam/pavlov_mini_wheel/install/pavlov_description/share/pavlov_description/meshes/femur_bl.dae
[1.504s] -- Up-to-date symlink: /home/bengokaysaglam/pavlov_mini_wheel/install/pavlov_description/share/pavlov_description/meshes/femur_br.dae
[1.504s] -- Up-to-date symlink: /home/bengokaysaglam/pavlov_mini_wheel/install/pavlov_description/share/pavlov_description/meshes/femur_fl.dae
[1.504s] -- Up-to-date symlink: /home/bengokaysaglam/pavlov_mini_wheel/install/pavlov_description/share/pavlov_description/meshes/femur_fr.dae
[1.504s] -- Up-to-date symlink: /home/bengokaysaglam/pavlov_mini_wheel/install/pavlov_description/share/pavlov_description/meshes/hip_bl.dae
[1.504s] -- Up-to-date symlink: /home/bengokaysaglam/pavlov_mini_wheel/install/pavlov_description/share/pavlov_description/meshes/hip_br.dae
[1.504s] -- Up-to-date symlink: /home/bengokaysaglam/pavlov_mini_wheel/install/pavlov_description/share/pavlov_description/meshes/hip_fl.dae
[1.504s] -- Up-to-date symlink: /home/bengokaysaglam/pavlov_mini_wheel/install/pavlov_description/share/pavlov_description/meshes/hip_fr.dae
[1.506s] -- Up-to-date symlink: /home/bengokaysaglam/pavlov_mini_wheel/install/pavlov_description/share/pavlov_description/meshes/lidar.dae
[1.506s] -- Up-to-date symlink: /home/bengokaysaglam/pavlov_mini_wheel/install/pavlov_description/share/pavlov_description/meshes/tibia_bl.dae
[1.507s] -- Up-to-date symlink: /home/bengokaysaglam/pavlov_mini_wheel/install/pavlov_description/share/pavlov_description/meshes/tibia_br.dae
[1.507s] -- Up-to-date symlink: /home/bengokaysaglam/pavlov_mini_wheel/install/pavlov_description/share/pavlov_description/meshes/tibia_fl.dae
[1.507s] -- Up-to-date symlink: /home/bengokaysaglam/pavlov_mini_wheel/install/pavlov_description/share/pavlov_description/meshes/tibia_fr.dae
[1.507s] -- Up-to-date symlink: /home/bengokaysaglam/pavlov_mini_wheel/install/pavlov_description/share/pavlov_description/meshes/wheel_left_link.STL
[1.507s] -- Up-to-date symlink: /home/bengokaysaglam/pavlov_mini_wheel/install/pavlov_description/share/pavlov_description/meshes/wheel_right_link.STL
[1.507s] -- Up-to-date symlink: /home/bengokaysaglam/pavlov_mini_wheel/install/pavlov_description/share/pavlov_description/urdf/pavlov_mini_ros2_control.xacro
[1.507s] -- Up-to-date symlink: /home/bengokaysaglam/pavlov_mini_wheel/install/pavlov_description/share/pavlov_description/urdf/pavlov_mini_wheel.urdf.xacro
[1.507s] -- Up-to-date symlink: /home/bengokaysaglam/pavlov_mini_wheel/install/pavlov_description/share/pavlov_description/worlds/empty_with_sensors.sdf
[1.507s] -- Up-to-date symlink: /home/bengokaysaglam/pavlov_mini_wheel/install/pavlov_description/share/ament_index/resource_index/package_run_dependencies/pavlov_description
[1.509s] -- Up-to-date symlink: /home/bengokaysaglam/pavlov_mini_wheel/install/pavlov_description/share/ament_index/resource_index/parent_prefix_path/pavlov_description
[1.509s] -- Up-to-date symlink: /home/bengokaysaglam/pavlov_mini_wheel/install/pavlov_description/share/pavlov_description/environment/ament_prefix_path.sh
[1.512s] -- Up-to-date symlink: /home/bengokaysaglam/pavlov_mini_wheel/install/pavlov_description/share/pavlov_description/environment/ament_prefix_path.dsv
[1.512s] -- Up-to-date symlink: /home/bengokaysaglam/pavlov_mini_wheel/install/pavlov_description/share/pavlov_description/environment/path.sh
[1.512s] -- Up-to-date symlink: /home/bengokaysaglam/pavlov_mini_wheel/install/pavlov_description/share/pavlov_description/environment/path.dsv
[1.512s] -- Up-to-date symlink: /home/bengokaysaglam/pavlov_mini_wheel/install/pavlov_description/share/pavlov_description/local_setup.bash
[1.513s] -- Up-to-date symlink: /home/bengokaysaglam/pavlov_mini_wheel/install/pavlov_description/share/pavlov_description/local_setup.sh
[1.513s] -- Up-to-date symlink: /home/bengokaysaglam/pavlov_mini_wheel/install/pavlov_description/share/pavlov_description/local_setup.zsh
[1.514s] -- Up-to-date symlink: /home/bengokaysaglam/pavlov_mini_wheel/install/pavlov_description/share/pavlov_description/local_setup.dsv
[1.514s] -- Symlinking: /home/bengokaysaglam/pavlov_mini_wheel/install/pavlov_description/share/pavlov_description/package.dsv
[1.547s] -- Up-to-date symlink: /home/bengokaysaglam/pavlov_mini_wheel/install/pavlov_description/share/ament_index/resource_index/packages/pavlov_description
[1.553s] -- Up-to-date symlink: /home/bengokaysaglam/pavlov_mini_wheel/install/pavlov_description/share/pavlov_description/cmake/pavlov_descriptionConfig.cmake
[1.553s] -- Up-to-date symlink: /home/bengokaysaglam/pavlov_mini_wheel/install/pavlov_description/share/pavlov_description/cmake/pavlov_descriptionConfig-version.cmake
[1.553s] -- Up-to-date symlink: /home/bengokaysaglam/pavlov_mini_wheel/install/pavlov_description/share/pavlov_description/package.xml
[1.663s] Invoked command in '/home/bengokaysaglam/pavlov_mini_wheel/build/pavlov_description' returned '0': CMAKE_PREFIX_PATH=${CMAKE_PREFIX_PATH}:/home/bengokaysaglam/bumperbot_ws/install/bumperbot_py_examples:/opt/ros/humble /usr/bin/cmake --install /home/bengokaysaglam/pavlov_mini_wheel/build/pavlov_description
