[1.884s] DEBUG:colcon:Command line arguments: ['/usr/bin/colcon', 'build']
[1.884s] DEBUG:colcon:Parsed command line arguments: Namespace(log_base=None, log_level=None, verb_name='build', build_base='build', install_base='install', merge_install=False, symlink_install=False, test_result_base=None, continue_on_error=False, executor='parallel', parallel_workers=6, event_handlers=None, ignore_user_meta=False, metas=['./colcon.meta'], base_paths=['.'], packages_ignore=None, packages_ignore_regex=None, paths=None, packages_up_to=None, packages_up_to_regex=None, packages_above=None, packages_above_and_dependencies=None, packages_above_depth=None, packages_select_by_dep=None, packages_skip_by_dep=None, packages_skip_up_to=None, packages_select_build_failed=False, packages_skip_build_finished=False, packages_select_test_failures=False, packages_skip_test_passed=False, packages_select=None, packages_skip=None, packages_select_regex=None, packages_skip_regex=None, packages_start=None, packages_end=None, allow_overriding=[], cmake_args=None, cmake_target=None, cmake_target_skip_unavailable=False, cmake_clean_cache=False, cmake_clean_first=False, cmake_force_configure=False, ament_cmake_args=None, catkin_cmake_args=None, catkin_skip_building_tests=False, mixin_files=None, mixin=None, verb_parser=<colcon_mixin.mixin.mixin_argument.MixinArgumentDecorator object at 0x7009f48903d0>, verb_extension=<colcon_core.verb.build.BuildVerb object at 0x7009f485fdc0>, main=<bound method BuildVerb.main of <colcon_core.verb.build.BuildVerb object at 0x7009f485fdc0>>, mixin_verb=('build',))
[2.911s] Level 1:colcon.colcon_core.package_discovery:discover_packages(colcon_meta) check parameters
[2.911s] Level 1:colcon.colcon_core.package_discovery:discover_packages(recursive) check parameters
[2.911s] Level 1:colcon.colcon_core.package_discovery:discover_packages(ignore) check parameters
[2.911s] Level 1:colcon.colcon_core.package_discovery:discover_packages(path) check parameters
[2.912s] Level 1:colcon.colcon_core.package_discovery:discover_packages(colcon_meta) discover
[2.912s] Level 1:colcon.colcon_core.package_discovery:discover_packages(recursive) discover
[2.912s] INFO:colcon.colcon_core.package_discovery:Crawling recursively for packages in '/home/bengokaysaglam/pavlov_mini_wheel'
[2.912s] Level 1:colcon.colcon_core.package_identification:_identify(.) by extensions ['ignore', 'ignore_ament_install']
[2.912s] Level 1:colcon.colcon_core.package_identification:_identify(.) by extension 'ignore'
[2.912s] Level 1:colcon.colcon_core.package_identification:_identify(.) by extension 'ignore_ament_install'
[2.912s] Level 1:colcon.colcon_core.package_identification:_identify(.) by extensions ['colcon_pkg']
[2.912s] Level 1:colcon.colcon_core.package_identification:_identify(.) by extension 'colcon_pkg'
[2.912s] Level 1:colcon.colcon_core.package_identification:_identify(.) by extensions ['colcon_meta']
[2.912s] Level 1:colcon.colcon_core.package_identification:_identify(.) by extension 'colcon_meta'
[2.912s] Level 1:colcon.colcon_core.package_identification:_identify(.) by extensions ['ros']
[2.912s] Level 1:colcon.colcon_core.package_identification:_identify(.) by extension 'ros'
[3.057s] Level 1:colcon.colcon_core.package_identification:_identify(.) by extensions ['cmake', 'python']
[3.057s] Level 1:colcon.colcon_core.package_identification:_identify(.) by extension 'cmake'
[3.057s] Level 1:colcon.colcon_core.package_identification:_identify(.) by extension 'python'
[3.057s] Level 1:colcon.colcon_core.package_identification:_identify(.) by extensions ['python_setup_py']
[3.057s] Level 1:colcon.colcon_core.package_identification:_identify(.) by extension 'python_setup_py'
[3.057s] Level 1:colcon.colcon_core.package_identification:_identify(build) by extensions ['ignore', 'ignore_ament_install']
[3.057s] Level 1:colcon.colcon_core.package_identification:_identify(build) by extension 'ignore'
[3.057s] Level 1:colcon.colcon_core.package_identification:_identify(build) ignored
[3.057s] Level 1:colcon.colcon_core.package_identification:_identify(install) by extensions ['ignore', 'ignore_ament_install']
[3.057s] Level 1:colcon.colcon_core.package_identification:_identify(install) by extension 'ignore'
[3.058s] Level 1:colcon.colcon_core.package_identification:_identify(install) ignored
[3.058s] Level 1:colcon.colcon_core.package_identification:_identify(log) by extensions ['ignore', 'ignore_ament_install']
[3.058s] Level 1:colcon.colcon_core.package_identification:_identify(log) by extension 'ignore'
[3.058s] Level 1:colcon.colcon_core.package_identification:_identify(log) ignored
[3.058s] Level 1:colcon.colcon_core.package_identification:_identify(src) by extensions ['ignore', 'ignore_ament_install']
[3.058s] Level 1:colcon.colcon_core.package_identification:_identify(src) by extension 'ignore'
[3.058s] Level 1:colcon.colcon_core.package_identification:_identify(src) by extension 'ignore_ament_install'
[3.058s] Level 1:colcon.colcon_core.package_identification:_identify(src) by extensions ['colcon_pkg']
[3.058s] Level 1:colcon.colcon_core.package_identification:_identify(src) by extension 'colcon_pkg'
[3.058s] Level 1:colcon.colcon_core.package_identification:_identify(src) by extensions ['colcon_meta']
[3.058s] Level 1:colcon.colcon_core.package_identification:_identify(src) by extension 'colcon_meta'
[3.058s] Level 1:colcon.colcon_core.package_identification:_identify(src) by extensions ['ros']
[3.058s] Level 1:colcon.colcon_core.package_identification:_identify(src) by extension 'ros'
[3.058s] Level 1:colcon.colcon_core.package_identification:_identify(src) by extensions ['cmake', 'python']
[3.058s] Level 1:colcon.colcon_core.package_identification:_identify(src) by extension 'cmake'
[3.058s] Level 1:colcon.colcon_core.package_identification:_identify(src) by extension 'python'
[3.058s] Level 1:colcon.colcon_core.package_identification:_identify(src) by extensions ['python_setup_py']
[3.058s] Level 1:colcon.colcon_core.package_identification:_identify(src) by extension 'python_setup_py'
[3.058s] Level 1:colcon.colcon_core.package_identification:_identify(src/pavlov_controller) by extensions ['ignore', 'ignore_ament_install']
[3.059s] Level 1:colcon.colcon_core.package_identification:_identify(src/pavlov_controller) by extension 'ignore'
[3.059s] Level 1:colcon.colcon_core.package_identification:_identify(src/pavlov_controller) by extension 'ignore_ament_install'
[3.059s] Level 1:colcon.colcon_core.package_identification:_identify(src/pavlov_controller) by extensions ['colcon_pkg']
[3.059s] Level 1:colcon.colcon_core.package_identification:_identify(src/pavlov_controller) by extension 'colcon_pkg'
[3.059s] Level 1:colcon.colcon_core.package_identification:_identify(src/pavlov_controller) by extensions ['colcon_meta']
[3.059s] Level 1:colcon.colcon_core.package_identification:_identify(src/pavlov_controller) by extension 'colcon_meta'
[3.059s] Level 1:colcon.colcon_core.package_identification:_identify(src/pavlov_controller) by extensions ['ros']
[3.059s] Level 1:colcon.colcon_core.package_identification:_identify(src/pavlov_controller) by extension 'ros'
[3.068s] DEBUG:colcon.colcon_core.package_identification:Package 'src/pavlov_controller' with type 'ros.ament_cmake' and name 'pavlov_controller'
[3.068s] Level 1:colcon.colcon_core.package_identification:_identify(src/pavlov_description) by extensions ['ignore', 'ignore_ament_install']
[3.068s] Level 1:colcon.colcon_core.package_identification:_identify(src/pavlov_description) by extension 'ignore'
[3.068s] Level 1:colcon.colcon_core.package_identification:_identify(src/pavlov_description) by extension 'ignore_ament_install'
[3.069s] Level 1:colcon.colcon_core.package_identification:_identify(src/pavlov_description) by extensions ['colcon_pkg']
[3.069s] Level 1:colcon.colcon_core.package_identification:_identify(src/pavlov_description) by extension 'colcon_pkg'
[3.069s] Level 1:colcon.colcon_core.package_identification:_identify(src/pavlov_description) by extensions ['colcon_meta']
[3.069s] Level 1:colcon.colcon_core.package_identification:_identify(src/pavlov_description) by extension 'colcon_meta'
[3.069s] Level 1:colcon.colcon_core.package_identification:_identify(src/pavlov_description) by extensions ['ros']
[3.069s] Level 1:colcon.colcon_core.package_identification:_identify(src/pavlov_description) by extension 'ros'
[3.077s] DEBUG:colcon.colcon_core.package_identification:Package 'src/pavlov_description' with type 'ros.ament_cmake' and name 'pavlov_description'
[3.077s] Level 1:colcon.colcon_core.package_discovery:discover_packages(recursive) using defaults
[3.077s] Level 1:colcon.colcon_core.package_discovery:discover_packages(ignore) discover
[3.077s] Level 1:colcon.colcon_core.package_discovery:discover_packages(ignore) using defaults
[3.077s] Level 1:colcon.colcon_core.package_discovery:discover_packages(path) discover
[3.077s] Level 1:colcon.colcon_core.package_discovery:discover_packages(path) using defaults
[3.182s] Level 1:colcon.colcon_core.package_discovery:discover_packages(prefix_path) check parameters
[3.183s] Level 1:colcon.colcon_core.package_discovery:discover_packages(prefix_path) discover
[3.199s] DEBUG:colcon.colcon_installed_package_information.package_discovery:Found 13 installed packages in /home/bengokaysaglam/bumperbot_ws/install
[3.201s] DEBUG:colcon.colcon_installed_package_information.package_discovery:Found 440 installed packages in /opt/ros/humble
[3.204s] Level 1:colcon.colcon_core.package_discovery:discover_packages(prefix_path) using defaults
[3.389s] Level 5:colcon.colcon_core.verb:set package 'pavlov_controller' build argument 'cmake_args' from command line to 'None'
[3.389s] Level 5:colcon.colcon_core.verb:set package 'pavlov_controller' build argument 'cmake_target' from command line to 'None'
[3.389s] Level 5:colcon.colcon_core.verb:set package 'pavlov_controller' build argument 'cmake_target_skip_unavailable' from command line to 'False'
[3.389s] Level 5:colcon.colcon_core.verb:set package 'pavlov_controller' build argument 'cmake_clean_cache' from command line to 'False'
[3.389s] Level 5:colcon.colcon_core.verb:set package 'pavlov_controller' build argument 'cmake_clean_first' from command line to 'False'
[3.389s] Level 5:colcon.colcon_core.verb:set package 'pavlov_controller' build argument 'cmake_force_configure' from command line to 'False'
[3.389s] Level 5:colcon.colcon_core.verb:set package 'pavlov_controller' build argument 'ament_cmake_args' from command line to 'None'
[3.389s] Level 5:colcon.colcon_core.verb:set package 'pavlov_controller' build argument 'catkin_cmake_args' from command line to 'None'
[3.389s] Level 5:colcon.colcon_core.verb:set package 'pavlov_controller' build argument 'catkin_skip_building_tests' from command line to 'False'
[3.389s] DEBUG:colcon.colcon_core.verb:Building package 'pavlov_controller' with the following arguments: {'ament_cmake_args': None, 'build_base': '/home/bengokaysaglam/pavlov_mini_wheel/build/pavlov_controller', 'catkin_cmake_args': None, 'catkin_skip_building_tests': False, 'cmake_args': None, 'cmake_clean_cache': False, 'cmake_clean_first': False, 'cmake_force_configure': False, 'cmake_target': None, 'cmake_target_skip_unavailable': False, 'install_base': '/home/bengokaysaglam/pavlov_mini_wheel/install/pavlov_controller', 'merge_install': False, 'path': '/home/bengokaysaglam/pavlov_mini_wheel/src/pavlov_controller', 'symlink_install': False, 'test_result_base': None}
[3.390s] Level 5:colcon.colcon_core.verb:set package 'pavlov_description' build argument 'cmake_args' from command line to 'None'
[3.390s] Level 5:colcon.colcon_core.verb:set package 'pavlov_description' build argument 'cmake_target' from command line to 'None'
[3.390s] Level 5:colcon.colcon_core.verb:set package 'pavlov_description' build argument 'cmake_target_skip_unavailable' from command line to 'False'
[3.390s] Level 5:colcon.colcon_core.verb:set package 'pavlov_description' build argument 'cmake_clean_cache' from command line to 'False'
[3.390s] Level 5:colcon.colcon_core.verb:set package 'pavlov_description' build argument 'cmake_clean_first' from command line to 'False'
[3.390s] Level 5:colcon.colcon_core.verb:set package 'pavlov_description' build argument 'cmake_force_configure' from command line to 'False'
[3.390s] Level 5:colcon.colcon_core.verb:set package 'pavlov_description' build argument 'ament_cmake_args' from command line to 'None'
[3.390s] Level 5:colcon.colcon_core.verb:set package 'pavlov_description' build argument 'catkin_cmake_args' from command line to 'None'
[3.390s] Level 5:colcon.colcon_core.verb:set package 'pavlov_description' build argument 'catkin_skip_building_tests' from command line to 'False'
[3.390s] DEBUG:colcon.colcon_core.verb:Building package 'pavlov_description' with the following arguments: {'ament_cmake_args': None, 'build_base': '/home/bengokaysaglam/pavlov_mini_wheel/build/pavlov_description', 'catkin_cmake_args': None, 'catkin_skip_building_tests': False, 'cmake_args': None, 'cmake_clean_cache': False, 'cmake_clean_first': False, 'cmake_force_configure': False, 'cmake_target': None, 'cmake_target_skip_unavailable': False, 'install_base': '/home/bengokaysaglam/pavlov_mini_wheel/install/pavlov_description', 'merge_install': False, 'path': '/home/bengokaysaglam/pavlov_mini_wheel/src/pavlov_description', 'symlink_install': False, 'test_result_base': None}
[3.390s] INFO:colcon.colcon_core.executor:Executing jobs using 'parallel' executor
[3.394s] DEBUG:colcon.colcon_parallel_executor.executor.parallel:run_until_complete
[3.394s] INFO:colcon.colcon_ros.task.ament_cmake.build:Building ROS package in '/home/bengokaysaglam/pavlov_mini_wheel/src/pavlov_controller' with build type 'ament_cmake'
[3.394s] INFO:colcon.colcon_cmake.task.cmake.build:Building CMake package in '/home/bengokaysaglam/pavlov_mini_wheel/src/pavlov_controller'
[3.415s] INFO:colcon.colcon_core.plugin_system:Skipping extension 'colcon_core.shell.bat': Not used on non-Windows systems
[3.416s] INFO:colcon.colcon_core.shell:Skip shell extension 'powershell' for command environment: Not usable outside of PowerShell
[3.416s] DEBUG:colcon.colcon_core.shell:Skip shell extension 'dsv' for command environment
[3.425s] INFO:colcon.colcon_ros.task.ament_cmake.build:Building ROS package in '/home/bengokaysaglam/pavlov_mini_wheel/src/pavlov_description' with build type 'ament_cmake'
[3.429s] INFO:colcon.colcon_cmake.task.cmake.build:Building CMake package in '/home/bengokaysaglam/pavlov_mini_wheel/src/pavlov_description'
[3.430s] INFO:colcon.colcon_core.shell:Skip shell extension 'powershell' for command environment: Not usable outside of PowerShell
[3.430s] DEBUG:colcon.colcon_core.shell:Skip shell extension 'dsv' for command environment
[3.493s] DEBUG:colcon.colcon_core.event_handler.log_command:Invoking command in '/home/bengokaysaglam/pavlov_mini_wheel/build/pavlov_controller': CMAKE_PREFIX_PATH=${CMAKE_PREFIX_PATH}:/home/bengokaysaglam/bumperbot_ws/install/bumperbot_py_examples:/opt/ros/humble /usr/bin/cmake --build /home/bengokaysaglam/pavlov_mini_wheel/build/pavlov_controller -- -j6 -l6
[3.561s] DEBUG:colcon.colcon_core.event_handler.log_command:Invoking command in '/home/bengokaysaglam/pavlov_mini_wheel/build/pavlov_description': CMAKE_PREFIX_PATH=${CMAKE_PREFIX_PATH}:/home/bengokaysaglam/bumperbot_ws/install/bumperbot_py_examples:/opt/ros/humble /usr/bin/cmake --build /home/bengokaysaglam/pavlov_mini_wheel/build/pavlov_description -- -j6 -l6
[3.959s] DEBUG:colcon.colcon_core.event_handler.log_command:Invoked command in '/home/bengokaysaglam/pavlov_mini_wheel/build/pavlov_description' returned '0': CMAKE_PREFIX_PATH=${CMAKE_PREFIX_PATH}:/home/bengokaysaglam/bumperbot_ws/install/bumperbot_py_examples:/opt/ros/humble /usr/bin/cmake --build /home/bengokaysaglam/pavlov_mini_wheel/build/pavlov_description -- -j6 -l6
[4.010s] DEBUG:colcon.colcon_core.event_handler.log_command:Invoking command in '/home/bengokaysaglam/pavlov_mini_wheel/build/pavlov_description': CMAKE_PREFIX_PATH=${CMAKE_PREFIX_PATH}:/home/bengokaysaglam/bumperbot_ws/install/bumperbot_py_examples:/opt/ros/humble /usr/bin/cmake --install /home/bengokaysaglam/pavlov_mini_wheel/build/pavlov_description
[4.026s] Level 1:colcon.colcon_core.environment:create_environment_scripts_only(pavlov_description)
[4.029s] DEBUG:colcon.colcon_core.event_handler.log_command:Invoked command in '/home/bengokaysaglam/pavlov_mini_wheel/build/pavlov_description' returned '0': CMAKE_PREFIX_PATH=${CMAKE_PREFIX_PATH}:/home/bengokaysaglam/bumperbot_ws/install/bumperbot_py_examples:/opt/ros/humble /usr/bin/cmake --install /home/bengokaysaglam/pavlov_mini_wheel/build/pavlov_description
[4.096s] Level 1:colcon.colcon_core.environment:checking '/home/bengokaysaglam/pavlov_mini_wheel/install/pavlov_description' for CMake module files
[4.097s] Level 1:colcon.colcon_core.environment:checking '/home/bengokaysaglam/pavlov_mini_wheel/install/pavlov_description' for CMake config files
[4.097s] Level 1:colcon.colcon_core.shell:create_environment_hook('pavlov_description', 'cmake_prefix_path')
[4.098s] INFO:colcon.colcon_core.shell:Creating environment hook '/home/bengokaysaglam/pavlov_mini_wheel/install/pavlov_description/share/pavlov_description/hook/cmake_prefix_path.ps1'
[4.101s] INFO:colcon.colcon_core.shell:Creating environment descriptor '/home/bengokaysaglam/pavlov_mini_wheel/install/pavlov_description/share/pavlov_description/hook/cmake_prefix_path.dsv'
[4.104s] INFO:colcon.colcon_core.shell:Creating environment hook '/home/bengokaysaglam/pavlov_mini_wheel/install/pavlov_description/share/pavlov_description/hook/cmake_prefix_path.sh'
[4.108s] Level 1:colcon.colcon_core.environment:checking '/home/bengokaysaglam/pavlov_mini_wheel/install/pavlov_description/bin'
[4.108s] Level 1:colcon.colcon_core.environment:checking '/home/bengokaysaglam/pavlov_mini_wheel/install/pavlov_description/lib/pkgconfig/pavlov_description.pc'
[4.108s] Level 1:colcon.colcon_core.environment:checking '/home/bengokaysaglam/pavlov_mini_wheel/install/pavlov_description/lib/python3.10/site-packages'
[4.108s] Level 1:colcon.colcon_core.environment:checking '/home/bengokaysaglam/pavlov_mini_wheel/install/pavlov_description/bin'
[4.108s] INFO:colcon.colcon_core.shell:Creating package script '/home/bengokaysaglam/pavlov_mini_wheel/install/pavlov_description/share/pavlov_description/package.ps1'
[4.122s] INFO:colcon.colcon_core.shell:Creating package descriptor '/home/bengokaysaglam/pavlov_mini_wheel/install/pavlov_description/share/pavlov_description/package.dsv'
[4.131s] INFO:colcon.colcon_core.shell:Creating package script '/home/bengokaysaglam/pavlov_mini_wheel/install/pavlov_description/share/pavlov_description/package.sh'
[4.150s] INFO:colcon.colcon_core.shell:Creating package script '/home/bengokaysaglam/pavlov_mini_wheel/install/pavlov_description/share/pavlov_description/package.bash'
[4.164s] INFO:colcon.colcon_core.shell:Creating package script '/home/bengokaysaglam/pavlov_mini_wheel/install/pavlov_description/share/pavlov_description/package.zsh'
[4.179s] Level 1:colcon.colcon_core.environment:create_file_with_runtime_dependencies(/home/bengokaysaglam/pavlov_mini_wheel/install/pavlov_description/share/colcon-core/packages/pavlov_description)
[4.184s] Level 1:colcon.colcon_core.environment:create_environment_scripts_only(pavlov_description)
[4.185s] Level 1:colcon.colcon_core.environment:checking '/home/bengokaysaglam/pavlov_mini_wheel/install/pavlov_description' for CMake module files
[4.186s] Level 1:colcon.colcon_core.environment:checking '/home/bengokaysaglam/pavlov_mini_wheel/install/pavlov_description' for CMake config files
[4.186s] Level 1:colcon.colcon_core.shell:create_environment_hook('pavlov_description', 'cmake_prefix_path')
[4.187s] INFO:colcon.colcon_core.shell:Creating environment hook '/home/bengokaysaglam/pavlov_mini_wheel/install/pavlov_description/share/pavlov_description/hook/cmake_prefix_path.ps1'
[4.187s] INFO:colcon.colcon_core.shell:Creating environment descriptor '/home/bengokaysaglam/pavlov_mini_wheel/install/pavlov_description/share/pavlov_description/hook/cmake_prefix_path.dsv'
[4.188s] INFO:colcon.colcon_core.shell:Creating environment hook '/home/bengokaysaglam/pavlov_mini_wheel/install/pavlov_description/share/pavlov_description/hook/cmake_prefix_path.sh'
[4.190s] Level 1:colcon.colcon_core.environment:checking '/home/bengokaysaglam/pavlov_mini_wheel/install/pavlov_description/bin'
[4.190s] Level 1:colcon.colcon_core.environment:checking '/home/bengokaysaglam/pavlov_mini_wheel/install/pavlov_description/lib/pkgconfig/pavlov_description.pc'
[4.191s] Level 1:colcon.colcon_core.environment:checking '/home/bengokaysaglam/pavlov_mini_wheel/install/pavlov_description/lib/python3.10/site-packages'
[4.191s] Level 1:colcon.colcon_core.environment:checking '/home/bengokaysaglam/pavlov_mini_wheel/install/pavlov_description/bin'
[4.192s] INFO:colcon.colcon_core.shell:Creating package script '/home/bengokaysaglam/pavlov_mini_wheel/install/pavlov_description/share/pavlov_description/package.ps1'
[4.192s] INFO:colcon.colcon_core.shell:Creating package descriptor '/home/bengokaysaglam/pavlov_mini_wheel/install/pavlov_description/share/pavlov_description/package.dsv'
[4.194s] INFO:colcon.colcon_core.shell:Creating package script '/home/bengokaysaglam/pavlov_mini_wheel/install/pavlov_description/share/pavlov_description/package.sh'
[4.198s] INFO:colcon.colcon_core.shell:Creating package script '/home/bengokaysaglam/pavlov_mini_wheel/install/pavlov_description/share/pavlov_description/package.bash'
[4.199s] INFO:colcon.colcon_core.shell:Creating package script '/home/bengokaysaglam/pavlov_mini_wheel/install/pavlov_description/share/pavlov_description/package.zsh'
[4.199s] Level 1:colcon.colcon_core.environment:create_file_with_runtime_dependencies(/home/bengokaysaglam/pavlov_mini_wheel/install/pavlov_description/share/colcon-core/packages/pavlov_description)
[4.239s] DEBUG:colcon.colcon_core.event_handler.log_command:Invoked command in '/home/bengokaysaglam/pavlov_mini_wheel/build/pavlov_controller' returned '0': CMAKE_PREFIX_PATH=${CMAKE_PREFIX_PATH}:/home/bengokaysaglam/bumperbot_ws/install/bumperbot_py_examples:/opt/ros/humble /usr/bin/cmake --build /home/bengokaysaglam/pavlov_mini_wheel/build/pavlov_controller -- -j6 -l6
[4.248s] DEBUG:colcon.colcon_core.event_handler.log_command:Invoking command in '/home/bengokaysaglam/pavlov_mini_wheel/build/pavlov_controller': CMAKE_PREFIX_PATH=${CMAKE_PREFIX_PATH}:/home/bengokaysaglam/bumperbot_ws/install/bumperbot_py_examples:/opt/ros/humble /usr/bin/cmake --install /home/bengokaysaglam/pavlov_mini_wheel/build/pavlov_controller
[4.275s] Level 1:colcon.colcon_core.environment:create_environment_scripts_only(pavlov_controller)
[4.275s] Level 1:colcon.colcon_core.environment:checking '/home/bengokaysaglam/pavlov_mini_wheel/install/pavlov_controller' for CMake module files
[4.276s] Level 1:colcon.colcon_core.environment:checking '/home/bengokaysaglam/pavlov_mini_wheel/install/pavlov_controller' for CMake config files
[4.276s] Level 1:colcon.colcon_core.shell:create_environment_hook('pavlov_controller', 'cmake_prefix_path')
[4.277s] INFO:colcon.colcon_core.shell:Creating environment hook '/home/bengokaysaglam/pavlov_mini_wheel/install/pavlov_controller/share/pavlov_controller/hook/cmake_prefix_path.ps1'
[4.278s] DEBUG:colcon.colcon_core.event_handler.log_command:Invoked command in '/home/bengokaysaglam/pavlov_mini_wheel/build/pavlov_controller' returned '0': CMAKE_PREFIX_PATH=${CMAKE_PREFIX_PATH}:/home/bengokaysaglam/bumperbot_ws/install/bumperbot_py_examples:/opt/ros/humble /usr/bin/cmake --install /home/bengokaysaglam/pavlov_mini_wheel/build/pavlov_controller
[4.279s] INFO:colcon.colcon_core.shell:Creating environment descriptor '/home/bengokaysaglam/pavlov_mini_wheel/install/pavlov_controller/share/pavlov_controller/hook/cmake_prefix_path.dsv'
[4.282s] INFO:colcon.colcon_core.shell:Creating environment hook '/home/bengokaysaglam/pavlov_mini_wheel/install/pavlov_controller/share/pavlov_controller/hook/cmake_prefix_path.sh'
[4.283s] Level 1:colcon.colcon_core.environment:checking '/home/bengokaysaglam/pavlov_mini_wheel/install/pavlov_controller/lib'
[4.285s] Level 1:colcon.colcon_core.environment:checking '/home/bengokaysaglam/pavlov_mini_wheel/install/pavlov_controller/bin'
[4.285s] Level 1:colcon.colcon_core.environment:checking '/home/bengokaysaglam/pavlov_mini_wheel/install/pavlov_controller/lib/pkgconfig/pavlov_controller.pc'
[4.286s] Level 1:colcon.colcon_core.environment:checking '/home/bengokaysaglam/pavlov_mini_wheel/install/pavlov_controller/lib/python3.10/site-packages'
[4.287s] Level 1:colcon.colcon_core.environment:checking '/home/bengokaysaglam/pavlov_mini_wheel/install/pavlov_controller/bin'
[4.287s] INFO:colcon.colcon_core.shell:Creating package script '/home/bengokaysaglam/pavlov_mini_wheel/install/pavlov_controller/share/pavlov_controller/package.ps1'
[4.288s] INFO:colcon.colcon_core.shell:Creating package descriptor '/home/bengokaysaglam/pavlov_mini_wheel/install/pavlov_controller/share/pavlov_controller/package.dsv'
[4.289s] INFO:colcon.colcon_core.shell:Creating package script '/home/bengokaysaglam/pavlov_mini_wheel/install/pavlov_controller/share/pavlov_controller/package.sh'
[4.291s] INFO:colcon.colcon_core.shell:Creating package script '/home/bengokaysaglam/pavlov_mini_wheel/install/pavlov_controller/share/pavlov_controller/package.bash'
[4.291s] INFO:colcon.colcon_core.shell:Creating package script '/home/bengokaysaglam/pavlov_mini_wheel/install/pavlov_controller/share/pavlov_controller/package.zsh'
[4.292s] Level 1:colcon.colcon_core.environment:create_file_with_runtime_dependencies(/home/bengokaysaglam/pavlov_mini_wheel/install/pavlov_controller/share/colcon-core/packages/pavlov_controller)
[4.293s] Level 1:colcon.colcon_core.environment:create_environment_scripts_only(pavlov_controller)
[4.293s] Level 1:colcon.colcon_core.environment:checking '/home/bengokaysaglam/pavlov_mini_wheel/install/pavlov_controller' for CMake module files
[4.294s] Level 1:colcon.colcon_core.environment:checking '/home/bengokaysaglam/pavlov_mini_wheel/install/pavlov_controller' for CMake config files
[4.294s] Level 1:colcon.colcon_core.shell:create_environment_hook('pavlov_controller', 'cmake_prefix_path')
[4.294s] INFO:colcon.colcon_core.shell:Creating environment hook '/home/bengokaysaglam/pavlov_mini_wheel/install/pavlov_controller/share/pavlov_controller/hook/cmake_prefix_path.ps1'
[4.294s] INFO:colcon.colcon_core.shell:Creating environment descriptor '/home/bengokaysaglam/pavlov_mini_wheel/install/pavlov_controller/share/pavlov_controller/hook/cmake_prefix_path.dsv'
[4.295s] INFO:colcon.colcon_core.shell:Creating environment hook '/home/bengokaysaglam/pavlov_mini_wheel/install/pavlov_controller/share/pavlov_controller/hook/cmake_prefix_path.sh'
[4.296s] Level 1:colcon.colcon_core.environment:checking '/home/bengokaysaglam/pavlov_mini_wheel/install/pavlov_controller/lib'
[4.297s] Level 1:colcon.colcon_core.environment:checking '/home/bengokaysaglam/pavlov_mini_wheel/install/pavlov_controller/bin'
[4.297s] Level 1:colcon.colcon_core.environment:checking '/home/bengokaysaglam/pavlov_mini_wheel/install/pavlov_controller/lib/pkgconfig/pavlov_controller.pc'
[4.297s] Level 1:colcon.colcon_core.environment:checking '/home/bengokaysaglam/pavlov_mini_wheel/install/pavlov_controller/lib/python3.10/site-packages'
[4.298s] Level 1:colcon.colcon_core.environment:checking '/home/bengokaysaglam/pavlov_mini_wheel/install/pavlov_controller/bin'
[4.298s] INFO:colcon.colcon_core.shell:Creating package script '/home/bengokaysaglam/pavlov_mini_wheel/install/pavlov_controller/share/pavlov_controller/package.ps1'
[4.299s] INFO:colcon.colcon_core.shell:Creating package descriptor '/home/bengokaysaglam/pavlov_mini_wheel/install/pavlov_controller/share/pavlov_controller/package.dsv'
[4.299s] INFO:colcon.colcon_core.shell:Creating package script '/home/bengokaysaglam/pavlov_mini_wheel/install/pavlov_controller/share/pavlov_controller/package.sh'
[4.300s] INFO:colcon.colcon_core.shell:Creating package script '/home/bengokaysaglam/pavlov_mini_wheel/install/pavlov_controller/share/pavlov_controller/package.bash'
[4.301s] INFO:colcon.colcon_core.shell:Creating package script '/home/bengokaysaglam/pavlov_mini_wheel/install/pavlov_controller/share/pavlov_controller/package.zsh'
[4.301s] Level 1:colcon.colcon_core.environment:create_file_with_runtime_dependencies(/home/bengokaysaglam/pavlov_mini_wheel/install/pavlov_controller/share/colcon-core/packages/pavlov_controller)
[4.302s] DEBUG:colcon.colcon_parallel_executor.executor.parallel:closing loop
[4.302s] DEBUG:colcon.colcon_parallel_executor.executor.parallel:loop closed
[4.302s] DEBUG:colcon.colcon_parallel_executor.executor.parallel:run_until_complete finished with '0'
[4.304s] DEBUG:colcon.colcon_core.event_reactor:joining thread
[4.335s] INFO:colcon.colcon_core.plugin_system:Skipping extension 'colcon_notification.desktop_notification.terminal_notifier': Not used on non-Darwin systems
[4.335s] INFO:colcon.colcon_core.plugin_system:Skipping extension 'colcon_notification.desktop_notification.win32': Not used on non-Windows systems
[4.335s] INFO:colcon.colcon_notification.desktop_notification:Sending desktop notification using 'notify2'
[4.392s] DEBUG:colcon.colcon_core.event_reactor:joined thread
[4.394s] INFO:colcon.colcon_core.shell:Creating prefix script '/home/bengokaysaglam/pavlov_mini_wheel/install/local_setup.ps1'
[4.397s] INFO:colcon.colcon_core.shell:Creating prefix util module '/home/bengokaysaglam/pavlov_mini_wheel/install/_local_setup_util_ps1.py'
[4.401s] INFO:colcon.colcon_core.shell:Creating prefix chain script '/home/bengokaysaglam/pavlov_mini_wheel/install/setup.ps1'
[4.405s] INFO:colcon.colcon_core.shell:Creating prefix script '/home/bengokaysaglam/pavlov_mini_wheel/install/local_setup.sh'
[4.407s] INFO:colcon.colcon_core.shell:Creating prefix util module '/home/bengokaysaglam/pavlov_mini_wheel/install/_local_setup_util_sh.py'
[4.408s] INFO:colcon.colcon_core.shell:Creating prefix chain script '/home/bengokaysaglam/pavlov_mini_wheel/install/setup.sh'
[4.411s] INFO:colcon.colcon_core.shell:Creating prefix script '/home/bengokaysaglam/pavlov_mini_wheel/install/local_setup.bash'
[4.415s] INFO:colcon.colcon_core.shell:Creating prefix chain script '/home/bengokaysaglam/pavlov_mini_wheel/install/setup.bash'
[4.420s] INFO:colcon.colcon_core.shell:Creating prefix script '/home/bengokaysaglam/pavlov_mini_wheel/install/local_setup.zsh'
[4.424s] INFO:colcon.colcon_core.shell:Creating prefix chain script '/home/bengokaysaglam/pavlov_mini_wheel/install/setup.zsh'
