[0.116s] DEBUG:colcon:Command line arguments: ['/usr/bin/colcon', 'build']
[0.116s] DEBUG:colcon:Parsed command line arguments: Namespace(log_base=None, log_level=None, verb_name='build', build_base='build', install_base='install', merge_install=False, symlink_install=False, test_result_base=None, continue_on_error=False, executor='parallel', parallel_workers=6, event_handlers=None, ignore_user_meta=False, metas=['./colcon.meta'], base_paths=['.'], packages_ignore=None, packages_ignore_regex=None, paths=None, packages_up_to=None, packages_up_to_regex=None, packages_above=None, packages_above_and_dependencies=None, packages_above_depth=None, packages_select_by_dep=None, packages_skip_by_dep=None, packages_skip_up_to=None, packages_select_build_failed=False, packages_skip_build_finished=False, packages_select_test_failures=False, packages_skip_test_passed=False, packages_select=None, packages_skip=None, packages_select_regex=None, packages_skip_regex=None, packages_start=None, packages_end=None, allow_overriding=[], cmake_args=None, cmake_target=None, cmake_target_skip_unavailable=False, cmake_clean_cache=False, cmake_clean_first=False, cmake_force_configure=False, ament_cmake_args=None, catkin_cmake_args=None, catkin_skip_building_tests=False, mixin_files=None, mixin=None, verb_parser=<colcon_mixin.mixin.mixin_argument.MixinArgumentDecorator object at 0x7a5c1bc8c3a0>, verb_extension=<colcon_core.verb.build.BuildVerb object at 0x7a5c1bc5bd90>, main=<bound method BuildVerb.main of <colcon_core.verb.build.BuildVerb object at 0x7a5c1bc5bd90>>, mixin_verb=('build',))
[0.296s] Level 1:colcon.colcon_core.package_discovery:discover_packages(colcon_meta) check parameters
[0.297s] Level 1:colcon.colcon_core.package_discovery:discover_packages(recursive) check parameters
[0.297s] Level 1:colcon.colcon_core.package_discovery:discover_packages(ignore) check parameters
[0.297s] Level 1:colcon.colcon_core.package_discovery:discover_packages(path) check parameters
[0.297s] Level 1:colcon.colcon_core.package_discovery:discover_packages(colcon_meta) discover
[0.297s] Level 1:colcon.colcon_core.package_discovery:discover_packages(recursive) discover
[0.297s] INFO:colcon.colcon_core.package_discovery:Crawling recursively for packages in '/home/bengokaysaglam/pavlov_mini_wheel'
[0.297s] Level 1:colcon.colcon_core.package_identification:_identify(.) by extensions ['ignore', 'ignore_ament_install']
[0.297s] Level 1:colcon.colcon_core.package_identification:_identify(.) by extension 'ignore'
[0.297s] Level 1:colcon.colcon_core.package_identification:_identify(.) by extension 'ignore_ament_install'
[0.297s] Level 1:colcon.colcon_core.package_identification:_identify(.) by extensions ['colcon_pkg']
[0.297s] Level 1:colcon.colcon_core.package_identification:_identify(.) by extension 'colcon_pkg'
[0.297s] Level 1:colcon.colcon_core.package_identification:_identify(.) by extensions ['colcon_meta']
[0.297s] Level 1:colcon.colcon_core.package_identification:_identify(.) by extension 'colcon_meta'
[0.297s] Level 1:colcon.colcon_core.package_identification:_identify(.) by extensions ['ros']
[0.298s] Level 1:colcon.colcon_core.package_identification:_identify(.) by extension 'ros'
[0.326s] Level 1:colcon.colcon_core.package_identification:_identify(.) by extensions ['cmake', 'python']
[0.326s] Level 1:colcon.colcon_core.package_identification:_identify(.) by extension 'cmake'
[0.326s] Level 1:colcon.colcon_core.package_identification:_identify(.) by extension 'python'
[0.326s] Level 1:colcon.colcon_core.package_identification:_identify(.) by extensions ['python_setup_py']
[0.326s] Level 1:colcon.colcon_core.package_identification:_identify(.) by extension 'python_setup_py'
[0.327s] Level 1:colcon.colcon_core.package_identification:_identify(build) by extensions ['ignore', 'ignore_ament_install']
[0.327s] Level 1:colcon.colcon_core.package_identification:_identify(build) by extension 'ignore'
[0.327s] Level 1:colcon.colcon_core.package_identification:_identify(build) ignored
[0.328s] Level 1:colcon.colcon_core.package_identification:_identify(install) by extensions ['ignore', 'ignore_ament_install']
[0.328s] Level 1:colcon.colcon_core.package_identification:_identify(install) by extension 'ignore'
[0.328s] Level 1:colcon.colcon_core.package_identification:_identify(install) ignored
[0.329s] Level 1:colcon.colcon_core.package_identification:_identify(log) by extensions ['ignore', 'ignore_ament_install']
[0.329s] Level 1:colcon.colcon_core.package_identification:_identify(log) by extension 'ignore'
[0.329s] Level 1:colcon.colcon_core.package_identification:_identify(log) ignored
[0.329s] Level 1:colcon.colcon_core.package_identification:_identify(src) by extensions ['ignore', 'ignore_ament_install']
[0.329s] Level 1:colcon.colcon_core.package_identification:_identify(src) by extension 'ignore'
[0.329s] Level 1:colcon.colcon_core.package_identification:_identify(src) by extension 'ignore_ament_install'
[0.329s] Level 1:colcon.colcon_core.package_identification:_identify(src) by extensions ['colcon_pkg']
[0.329s] Level 1:colcon.colcon_core.package_identification:_identify(src) by extension 'colcon_pkg'
[0.329s] Level 1:colcon.colcon_core.package_identification:_identify(src) by extensions ['colcon_meta']
[0.330s] Level 1:colcon.colcon_core.package_identification:_identify(src) by extension 'colcon_meta'
[0.330s] Level 1:colcon.colcon_core.package_identification:_identify(src) by extensions ['ros']
[0.330s] Level 1:colcon.colcon_core.package_identification:_identify(src) by extension 'ros'
[0.330s] Level 1:colcon.colcon_core.package_identification:_identify(src) by extensions ['cmake', 'python']
[0.330s] Level 1:colcon.colcon_core.package_identification:_identify(src) by extension 'cmake'
[0.330s] Level 1:colcon.colcon_core.package_identification:_identify(src) by extension 'python'
[0.330s] Level 1:colcon.colcon_core.package_identification:_identify(src) by extensions ['python_setup_py']
[0.330s] Level 1:colcon.colcon_core.package_identification:_identify(src) by extension 'python_setup_py'
[0.330s] Level 1:colcon.colcon_core.package_identification:_identify(src/pavlov_controller) by extensions ['ignore', 'ignore_ament_install']
[0.330s] Level 1:colcon.colcon_core.package_identification:_identify(src/pavlov_controller) by extension 'ignore'
[0.330s] Level 1:colcon.colcon_core.package_identification:_identify(src/pavlov_controller) by extension 'ignore_ament_install'
[0.330s] Level 1:colcon.colcon_core.package_identification:_identify(src/pavlov_controller) by extensions ['colcon_pkg']
[0.330s] Level 1:colcon.colcon_core.package_identification:_identify(src/pavlov_controller) by extension 'colcon_pkg'
[0.330s] Level 1:colcon.colcon_core.package_identification:_identify(src/pavlov_controller) by extensions ['colcon_meta']
[0.330s] Level 1:colcon.colcon_core.package_identification:_identify(src/pavlov_controller) by extension 'colcon_meta'
[0.330s] Level 1:colcon.colcon_core.package_identification:_identify(src/pavlov_controller) by extensions ['ros']
[0.330s] Level 1:colcon.colcon_core.package_identification:_identify(src/pavlov_controller) by extension 'ros'
[0.334s] DEBUG:colcon.colcon_core.package_identification:Package 'src/pavlov_controller' with type 'ros.ament_cmake' and name 'pavlov_controller'
[0.334s] Level 1:colcon.colcon_core.package_identification:_identify(src/pavlov_description) by extensions ['ignore', 'ignore_ament_install']
[0.334s] Level 1:colcon.colcon_core.package_identification:_identify(src/pavlov_description) by extension 'ignore'
[0.334s] Level 1:colcon.colcon_core.package_identification:_identify(src/pavlov_description) by extension 'ignore_ament_install'
[0.334s] Level 1:colcon.colcon_core.package_identification:_identify(src/pavlov_description) by extensions ['colcon_pkg']
[0.334s] Level 1:colcon.colcon_core.package_identification:_identify(src/pavlov_description) by extension 'colcon_pkg'
[0.334s] Level 1:colcon.colcon_core.package_identification:_identify(src/pavlov_description) by extensions ['colcon_meta']
[0.334s] Level 1:colcon.colcon_core.package_identification:_identify(src/pavlov_description) by extension 'colcon_meta'
[0.335s] Level 1:colcon.colcon_core.package_identification:_identify(src/pavlov_description) by extensions ['ros']
[0.335s] Level 1:colcon.colcon_core.package_identification:_identify(src/pavlov_description) by extension 'ros'
[0.339s] DEBUG:colcon.colcon_core.package_identification:Package 'src/pavlov_description' with type 'ros.ament_cmake' and name 'pavlov_description'
[0.339s] Level 1:colcon.colcon_core.package_discovery:discover_packages(recursive) using defaults
[0.339s] Level 1:colcon.colcon_core.package_discovery:discover_packages(ignore) discover
[0.339s] Level 1:colcon.colcon_core.package_discovery:discover_packages(ignore) using defaults
[0.340s] Level 1:colcon.colcon_core.package_discovery:discover_packages(path) discover
[0.340s] Level 1:colcon.colcon_core.package_discovery:discover_packages(path) using defaults
[0.358s] Level 1:colcon.colcon_core.package_discovery:discover_packages(prefix_path) check parameters
[0.359s] Level 1:colcon.colcon_core.package_discovery:discover_packages(prefix_path) discover
[0.361s] DEBUG:colcon.colcon_installed_package_information.package_discovery:Found 13 installed packages in /home/bengokaysaglam/bumperbot_ws/install
[0.364s] DEBUG:colcon.colcon_installed_package_information.package_discovery:Found 440 installed packages in /opt/ros/humble
[0.365s] Level 1:colcon.colcon_core.package_discovery:discover_packages(prefix_path) using defaults
[0.418s] Level 5:colcon.colcon_core.verb:set package 'pavlov_controller' build argument 'cmake_args' from command line to 'None'
[0.419s] Level 5:colcon.colcon_core.verb:set package 'pavlov_controller' build argument 'cmake_target' from command line to 'None'
[0.419s] Level 5:colcon.colcon_core.verb:set package 'pavlov_controller' build argument 'cmake_target_skip_unavailable' from command line to 'False'
[0.419s] Level 5:colcon.colcon_core.verb:set package 'pavlov_controller' build argument 'cmake_clean_cache' from command line to 'False'
[0.419s] Level 5:colcon.colcon_core.verb:set package 'pavlov_controller' build argument 'cmake_clean_first' from command line to 'False'
[0.419s] Level 5:colcon.colcon_core.verb:set package 'pavlov_controller' build argument 'cmake_force_configure' from command line to 'False'
[0.419s] Level 5:colcon.colcon_core.verb:set package 'pavlov_controller' build argument 'ament_cmake_args' from command line to 'None'
[0.420s] Level 5:colcon.colcon_core.verb:set package 'pavlov_controller' build argument 'catkin_cmake_args' from command line to 'None'
[0.420s] Level 5:colcon.colcon_core.verb:set package 'pavlov_controller' build argument 'catkin_skip_building_tests' from command line to 'False'
[0.420s] DEBUG:colcon.colcon_core.verb:Building package 'pavlov_controller' with the following arguments: {'ament_cmake_args': None, 'build_base': '/home/bengokaysaglam/pavlov_mini_wheel/build/pavlov_controller', 'catkin_cmake_args': None, 'catkin_skip_building_tests': False, 'cmake_args': None, 'cmake_clean_cache': False, 'cmake_clean_first': False, 'cmake_force_configure': False, 'cmake_target': None, 'cmake_target_skip_unavailable': False, 'install_base': '/home/bengokaysaglam/pavlov_mini_wheel/install/pavlov_controller', 'merge_install': False, 'path': '/home/bengokaysaglam/pavlov_mini_wheel/src/pavlov_controller', 'symlink_install': False, 'test_result_base': None}
[0.421s] Level 5:colcon.colcon_core.verb:set package 'pavlov_description' build argument 'cmake_args' from command line to 'None'
[0.421s] Level 5:colcon.colcon_core.verb:set package 'pavlov_description' build argument 'cmake_target' from command line to 'None'
[0.421s] Level 5:colcon.colcon_core.verb:set package 'pavlov_description' build argument 'cmake_target_skip_unavailable' from command line to 'False'
[0.421s] Level 5:colcon.colcon_core.verb:set package 'pavlov_description' build argument 'cmake_clean_cache' from command line to 'False'
[0.421s] Level 5:colcon.colcon_core.verb:set package 'pavlov_description' build argument 'cmake_clean_first' from command line to 'False'
[0.421s] Level 5:colcon.colcon_core.verb:set package 'pavlov_description' build argument 'cmake_force_configure' from command line to 'False'
[0.421s] Level 5:colcon.colcon_core.verb:set package 'pavlov_description' build argument 'ament_cmake_args' from command line to 'None'
[0.421s] Level 5:colcon.colcon_core.verb:set package 'pavlov_description' build argument 'catkin_cmake_args' from command line to 'None'
[0.421s] Level 5:colcon.colcon_core.verb:set package 'pavlov_description' build argument 'catkin_skip_building_tests' from command line to 'False'
[0.421s] DEBUG:colcon.colcon_core.verb:Building package 'pavlov_description' with the following arguments: {'ament_cmake_args': None, 'build_base': '/home/bengokaysaglam/pavlov_mini_wheel/build/pavlov_description', 'catkin_cmake_args': None, 'catkin_skip_building_tests': False, 'cmake_args': None, 'cmake_clean_cache': False, 'cmake_clean_first': False, 'cmake_force_configure': False, 'cmake_target': None, 'cmake_target_skip_unavailable': False, 'install_base': '/home/bengokaysaglam/pavlov_mini_wheel/install/pavlov_description', 'merge_install': False, 'path': '/home/bengokaysaglam/pavlov_mini_wheel/src/pavlov_description', 'symlink_install': False, 'test_result_base': None}
[0.421s] INFO:colcon.colcon_core.executor:Executing jobs using 'parallel' executor
[0.422s] DEBUG:colcon.colcon_parallel_executor.executor.parallel:run_until_complete
[0.423s] INFO:colcon.colcon_ros.task.ament_cmake.build:Building ROS package in '/home/bengokaysaglam/pavlov_mini_wheel/src/pavlov_controller' with build type 'ament_cmake'
[0.423s] INFO:colcon.colcon_cmake.task.cmake.build:Building CMake package in '/home/bengokaysaglam/pavlov_mini_wheel/src/pavlov_controller'
[0.426s] INFO:colcon.colcon_core.plugin_system:Skipping extension 'colcon_core.shell.bat': Not used on non-Windows systems
[0.426s] INFO:colcon.colcon_core.shell:Skip shell extension 'powershell' for command environment: Not usable outside of PowerShell
[0.427s] DEBUG:colcon.colcon_core.shell:Skip shell extension 'dsv' for command environment
[0.433s] INFO:colcon.colcon_ros.task.ament_cmake.build:Building ROS package in '/home/bengokaysaglam/pavlov_mini_wheel/src/pavlov_description' with build type 'ament_cmake'
[0.433s] INFO:colcon.colcon_cmake.task.cmake.build:Building CMake package in '/home/bengokaysaglam/pavlov_mini_wheel/src/pavlov_description'
[0.434s] INFO:colcon.colcon_core.shell:Skip shell extension 'powershell' for command environment: Not usable outside of PowerShell
[0.434s] DEBUG:colcon.colcon_core.shell:Skip shell extension 'dsv' for command environment
[0.452s] DEBUG:colcon.colcon_core.event_handler.log_command:Invoking command in '/home/bengokaysaglam/pavlov_mini_wheel/build/pavlov_controller': CMAKE_PREFIX_PATH=${CMAKE_PREFIX_PATH}:/home/bengokaysaglam/bumperbot_ws/install/bumperbot_py_examples:/opt/ros/humble /usr/bin/cmake --build /home/bengokaysaglam/pavlov_mini_wheel/build/pavlov_controller -- -j6 -l6
[0.458s] DEBUG:colcon.colcon_core.event_handler.log_command:Invoking command in '/home/bengokaysaglam/pavlov_mini_wheel/build/pavlov_description': CMAKE_PREFIX_PATH=${CMAKE_PREFIX_PATH}:/home/bengokaysaglam/bumperbot_ws/install/bumperbot_py_examples:/opt/ros/humble /usr/bin/cmake --build /home/bengokaysaglam/pavlov_mini_wheel/build/pavlov_description -- -j6 -l6
[0.529s] DEBUG:colcon.colcon_core.event_handler.log_command:Invoked command in '/home/bengokaysaglam/pavlov_mini_wheel/build/pavlov_description' returned '0': CMAKE_PREFIX_PATH=${CMAKE_PREFIX_PATH}:/home/bengokaysaglam/bumperbot_ws/install/bumperbot_py_examples:/opt/ros/humble /usr/bin/cmake --build /home/bengokaysaglam/pavlov_mini_wheel/build/pavlov_description -- -j6 -l6
[0.554s] DEBUG:colcon.colcon_core.event_handler.log_command:Invoking command in '/home/bengokaysaglam/pavlov_mini_wheel/build/pavlov_description': CMAKE_PREFIX_PATH=${CMAKE_PREFIX_PATH}:/home/bengokaysaglam/bumperbot_ws/install/bumperbot_py_examples:/opt/ros/humble /usr/bin/cmake --install /home/bengokaysaglam/pavlov_mini_wheel/build/pavlov_description
[0.558s] DEBUG:colcon.colcon_core.event_handler.log_command:Invoked command in '/home/bengokaysaglam/pavlov_mini_wheel/build/pavlov_controller' returned '0': CMAKE_PREFIX_PATH=${CMAKE_PREFIX_PATH}:/home/bengokaysaglam/bumperbot_ws/install/bumperbot_py_examples:/opt/ros/humble /usr/bin/cmake --build /home/bengokaysaglam/pavlov_mini_wheel/build/pavlov_controller -- -j6 -l6
[0.558s] DEBUG:colcon.colcon_core.event_handler.log_command:Invoking command in '/home/bengokaysaglam/pavlov_mini_wheel/build/pavlov_controller': CMAKE_PREFIX_PATH=${CMAKE_PREFIX_PATH}:/home/bengokaysaglam/bumperbot_ws/install/bumperbot_py_examples:/opt/ros/humble /usr/bin/cmake --install /home/bengokaysaglam/pavlov_mini_wheel/build/pavlov_controller
[0.609s] Level 1:colcon.colcon_core.environment:create_environment_scripts_only(pavlov_controller)
[0.611s] DEBUG:colcon.colcon_core.event_handler.log_command:Invoked command in '/home/bengokaysaglam/pavlov_mini_wheel/build/pavlov_controller' returned '0': CMAKE_PREFIX_PATH=${CMAKE_PREFIX_PATH}:/home/bengokaysaglam/bumperbot_ws/install/bumperbot_py_examples:/opt/ros/humble /usr/bin/cmake --install /home/bengokaysaglam/pavlov_mini_wheel/build/pavlov_controller
[0.614s] Level 1:colcon.colcon_core.environment:checking '/home/bengokaysaglam/pavlov_mini_wheel/install/pavlov_controller' for CMake module files
[0.615s] Level 1:colcon.colcon_core.environment:checking '/home/bengokaysaglam/pavlov_mini_wheel/install/pavlov_controller' for CMake config files
[0.616s] Level 1:colcon.colcon_core.shell:create_environment_hook('pavlov_controller', 'cmake_prefix_path')
[0.617s] INFO:colcon.colcon_core.shell:Creating environment hook '/home/bengokaysaglam/pavlov_mini_wheel/install/pavlov_controller/share/pavlov_controller/hook/cmake_prefix_path.ps1'
[0.618s] INFO:colcon.colcon_core.shell:Creating environment descriptor '/home/bengokaysaglam/pavlov_mini_wheel/install/pavlov_controller/share/pavlov_controller/hook/cmake_prefix_path.dsv'
[0.621s] INFO:colcon.colcon_core.shell:Creating environment hook '/home/bengokaysaglam/pavlov_mini_wheel/install/pavlov_controller/share/pavlov_controller/hook/cmake_prefix_path.sh'
[0.625s] Level 1:colcon.colcon_core.environment:checking '/home/bengokaysaglam/pavlov_mini_wheel/install/pavlov_controller/lib'
[0.625s] Level 1:colcon.colcon_core.environment:checking '/home/bengokaysaglam/pavlov_mini_wheel/install/pavlov_controller/bin'
[0.626s] Level 1:colcon.colcon_core.environment:checking '/home/bengokaysaglam/pavlov_mini_wheel/install/pavlov_controller/lib/pkgconfig/pavlov_controller.pc'
[0.626s] Level 1:colcon.colcon_core.environment:checking '/home/bengokaysaglam/pavlov_mini_wheel/install/pavlov_controller/lib/python3.10/site-packages'
[0.626s] Level 1:colcon.colcon_core.environment:checking '/home/bengokaysaglam/pavlov_mini_wheel/install/pavlov_controller/bin'
[0.627s] INFO:colcon.colcon_core.shell:Creating package script '/home/bengokaysaglam/pavlov_mini_wheel/install/pavlov_controller/share/pavlov_controller/package.ps1'
[0.629s] INFO:colcon.colcon_core.shell:Creating package descriptor '/home/bengokaysaglam/pavlov_mini_wheel/install/pavlov_controller/share/pavlov_controller/package.dsv'
[0.631s] INFO:colcon.colcon_core.shell:Creating package script '/home/bengokaysaglam/pavlov_mini_wheel/install/pavlov_controller/share/pavlov_controller/package.sh'
[0.632s] INFO:colcon.colcon_core.shell:Creating package script '/home/bengokaysaglam/pavlov_mini_wheel/install/pavlov_controller/share/pavlov_controller/package.bash'
[0.633s] INFO:colcon.colcon_core.shell:Creating package script '/home/bengokaysaglam/pavlov_mini_wheel/install/pavlov_controller/share/pavlov_controller/package.zsh'
[0.634s] Level 1:colcon.colcon_core.environment:create_file_with_runtime_dependencies(/home/bengokaysaglam/pavlov_mini_wheel/install/pavlov_controller/share/colcon-core/packages/pavlov_controller)
[0.635s] Level 1:colcon.colcon_core.environment:create_environment_scripts_only(pavlov_controller)
[0.636s] Level 1:colcon.colcon_core.environment:checking '/home/bengokaysaglam/pavlov_mini_wheel/install/pavlov_controller' for CMake module files
[0.636s] Level 1:colcon.colcon_core.environment:checking '/home/bengokaysaglam/pavlov_mini_wheel/install/pavlov_controller' for CMake config files
[0.637s] Level 1:colcon.colcon_core.shell:create_environment_hook('pavlov_controller', 'cmake_prefix_path')
[0.637s] INFO:colcon.colcon_core.shell:Creating environment hook '/home/bengokaysaglam/pavlov_mini_wheel/install/pavlov_controller/share/pavlov_controller/hook/cmake_prefix_path.ps1'
[0.638s] INFO:colcon.colcon_core.shell:Creating environment descriptor '/home/bengokaysaglam/pavlov_mini_wheel/install/pavlov_controller/share/pavlov_controller/hook/cmake_prefix_path.dsv'
[0.640s] INFO:colcon.colcon_core.shell:Creating environment hook '/home/bengokaysaglam/pavlov_mini_wheel/install/pavlov_controller/share/pavlov_controller/hook/cmake_prefix_path.sh'
[0.642s] Level 1:colcon.colcon_core.environment:checking '/home/bengokaysaglam/pavlov_mini_wheel/install/pavlov_controller/lib'
[0.643s] Level 1:colcon.colcon_core.environment:checking '/home/bengokaysaglam/pavlov_mini_wheel/install/pavlov_controller/bin'
[0.643s] Level 1:colcon.colcon_core.environment:checking '/home/bengokaysaglam/pavlov_mini_wheel/install/pavlov_controller/lib/pkgconfig/pavlov_controller.pc'
[0.643s] Level 1:colcon.colcon_core.environment:checking '/home/bengokaysaglam/pavlov_mini_wheel/install/pavlov_controller/lib/python3.10/site-packages'
[0.643s] Level 1:colcon.colcon_core.environment:checking '/home/bengokaysaglam/pavlov_mini_wheel/install/pavlov_controller/bin'
[0.644s] INFO:colcon.colcon_core.shell:Creating package script '/home/bengokaysaglam/pavlov_mini_wheel/install/pavlov_controller/share/pavlov_controller/package.ps1'
[0.645s] INFO:colcon.colcon_core.shell:Creating package descriptor '/home/bengokaysaglam/pavlov_mini_wheel/install/pavlov_controller/share/pavlov_controller/package.dsv'
[0.645s] INFO:colcon.colcon_core.shell:Creating package script '/home/bengokaysaglam/pavlov_mini_wheel/install/pavlov_controller/share/pavlov_controller/package.sh'
[0.646s] INFO:colcon.colcon_core.shell:Creating package script '/home/bengokaysaglam/pavlov_mini_wheel/install/pavlov_controller/share/pavlov_controller/package.bash'
[0.647s] INFO:colcon.colcon_core.shell:Creating package script '/home/bengokaysaglam/pavlov_mini_wheel/install/pavlov_controller/share/pavlov_controller/package.zsh'
[0.648s] Level 1:colcon.colcon_core.environment:create_file_with_runtime_dependencies(/home/bengokaysaglam/pavlov_mini_wheel/install/pavlov_controller/share/colcon-core/packages/pavlov_controller)
[0.650s] Level 1:colcon.colcon_core.environment:create_environment_scripts_only(pavlov_description)
[0.651s] DEBUG:colcon.colcon_core.event_handler.log_command:Invoked command in '/home/bengokaysaglam/pavlov_mini_wheel/build/pavlov_description' returned '0': CMAKE_PREFIX_PATH=${CMAKE_PREFIX_PATH}:/home/bengokaysaglam/bumperbot_ws/install/bumperbot_py_examples:/opt/ros/humble /usr/bin/cmake --install /home/bengokaysaglam/pavlov_mini_wheel/build/pavlov_description
[0.651s] Level 1:colcon.colcon_core.environment:checking '/home/bengokaysaglam/pavlov_mini_wheel/install/pavlov_description' for CMake module files
[0.652s] Level 1:colcon.colcon_core.environment:checking '/home/bengokaysaglam/pavlov_mini_wheel/install/pavlov_description' for CMake config files
[0.652s] Level 1:colcon.colcon_core.shell:create_environment_hook('pavlov_description', 'cmake_prefix_path')
[0.653s] INFO:colcon.colcon_core.shell:Creating environment hook '/home/bengokaysaglam/pavlov_mini_wheel/install/pavlov_description/share/pavlov_description/hook/cmake_prefix_path.ps1'
[0.653s] INFO:colcon.colcon_core.shell:Creating environment descriptor '/home/bengokaysaglam/pavlov_mini_wheel/install/pavlov_description/share/pavlov_description/hook/cmake_prefix_path.dsv'
[0.654s] INFO:colcon.colcon_core.shell:Creating environment hook '/home/bengokaysaglam/pavlov_mini_wheel/install/pavlov_description/share/pavlov_description/hook/cmake_prefix_path.sh'
[0.655s] Level 1:colcon.colcon_core.environment:checking '/home/bengokaysaglam/pavlov_mini_wheel/install/pavlov_description/bin'
[0.655s] Level 1:colcon.colcon_core.environment:checking '/home/bengokaysaglam/pavlov_mini_wheel/install/pavlov_description/lib/pkgconfig/pavlov_description.pc'
[0.656s] Level 1:colcon.colcon_core.environment:checking '/home/bengokaysaglam/pavlov_mini_wheel/install/pavlov_description/lib/python3.10/site-packages'
[0.656s] Level 1:colcon.colcon_core.environment:checking '/home/bengokaysaglam/pavlov_mini_wheel/install/pavlov_description/bin'
[0.657s] INFO:colcon.colcon_core.shell:Creating package script '/home/bengokaysaglam/pavlov_mini_wheel/install/pavlov_description/share/pavlov_description/package.ps1'
[0.657s] INFO:colcon.colcon_core.shell:Creating package descriptor '/home/bengokaysaglam/pavlov_mini_wheel/install/pavlov_description/share/pavlov_description/package.dsv'
[0.658s] INFO:colcon.colcon_core.shell:Creating package script '/home/bengokaysaglam/pavlov_mini_wheel/install/pavlov_description/share/pavlov_description/package.sh'
[0.659s] INFO:colcon.colcon_core.shell:Creating package script '/home/bengokaysaglam/pavlov_mini_wheel/install/pavlov_description/share/pavlov_description/package.bash'
[0.660s] INFO:colcon.colcon_core.shell:Creating package script '/home/bengokaysaglam/pavlov_mini_wheel/install/pavlov_description/share/pavlov_description/package.zsh'
[0.661s] Level 1:colcon.colcon_core.environment:create_file_with_runtime_dependencies(/home/bengokaysaglam/pavlov_mini_wheel/install/pavlov_description/share/colcon-core/packages/pavlov_description)
[0.662s] Level 1:colcon.colcon_core.environment:create_environment_scripts_only(pavlov_description)
[0.662s] Level 1:colcon.colcon_core.environment:checking '/home/bengokaysaglam/pavlov_mini_wheel/install/pavlov_description' for CMake module files
[0.663s] Level 1:colcon.colcon_core.environment:checking '/home/bengokaysaglam/pavlov_mini_wheel/install/pavlov_description' for CMake config files
[0.663s] Level 1:colcon.colcon_core.shell:create_environment_hook('pavlov_description', 'cmake_prefix_path')
[0.663s] INFO:colcon.colcon_core.shell:Creating environment hook '/home/bengokaysaglam/pavlov_mini_wheel/install/pavlov_description/share/pavlov_description/hook/cmake_prefix_path.ps1'
[0.664s] INFO:colcon.colcon_core.shell:Creating environment descriptor '/home/bengokaysaglam/pavlov_mini_wheel/install/pavlov_description/share/pavlov_description/hook/cmake_prefix_path.dsv'
[0.664s] INFO:colcon.colcon_core.shell:Creating environment hook '/home/bengokaysaglam/pavlov_mini_wheel/install/pavlov_description/share/pavlov_description/hook/cmake_prefix_path.sh'
[0.665s] Level 1:colcon.colcon_core.environment:checking '/home/bengokaysaglam/pavlov_mini_wheel/install/pavlov_description/bin'
[0.665s] Level 1:colcon.colcon_core.environment:checking '/home/bengokaysaglam/pavlov_mini_wheel/install/pavlov_description/lib/pkgconfig/pavlov_description.pc'
[0.665s] Level 1:colcon.colcon_core.environment:checking '/home/bengokaysaglam/pavlov_mini_wheel/install/pavlov_description/lib/python3.10/site-packages'
[0.666s] Level 1:colcon.colcon_core.environment:checking '/home/bengokaysaglam/pavlov_mini_wheel/install/pavlov_description/bin'
[0.666s] INFO:colcon.colcon_core.shell:Creating package script '/home/bengokaysaglam/pavlov_mini_wheel/install/pavlov_description/share/pavlov_description/package.ps1'
[0.667s] INFO:colcon.colcon_core.shell:Creating package descriptor '/home/bengokaysaglam/pavlov_mini_wheel/install/pavlov_description/share/pavlov_description/package.dsv'
[0.668s] INFO:colcon.colcon_core.shell:Creating package script '/home/bengokaysaglam/pavlov_mini_wheel/install/pavlov_description/share/pavlov_description/package.sh'
[0.668s] INFO:colcon.colcon_core.shell:Creating package script '/home/bengokaysaglam/pavlov_mini_wheel/install/pavlov_description/share/pavlov_description/package.bash'
[0.669s] INFO:colcon.colcon_core.shell:Creating package script '/home/bengokaysaglam/pavlov_mini_wheel/install/pavlov_description/share/pavlov_description/package.zsh'
[0.669s] Level 1:colcon.colcon_core.environment:create_file_with_runtime_dependencies(/home/bengokaysaglam/pavlov_mini_wheel/install/pavlov_description/share/colcon-core/packages/pavlov_description)
[0.670s] DEBUG:colcon.colcon_parallel_executor.executor.parallel:closing loop
[0.670s] DEBUG:colcon.colcon_parallel_executor.executor.parallel:loop closed
[0.670s] DEBUG:colcon.colcon_parallel_executor.executor.parallel:run_until_complete finished with '0'
[0.670s] DEBUG:colcon.colcon_core.event_reactor:joining thread
[0.692s] INFO:colcon.colcon_core.plugin_system:Skipping extension 'colcon_notification.desktop_notification.terminal_notifier': Not used on non-Darwin systems
[0.693s] INFO:colcon.colcon_core.plugin_system:Skipping extension 'colcon_notification.desktop_notification.win32': Not used on non-Windows systems
[0.694s] INFO:colcon.colcon_notification.desktop_notification:Sending desktop notification using 'notify2'
[0.719s] DEBUG:colcon.colcon_core.event_reactor:joined thread
[0.720s] INFO:colcon.colcon_core.shell:Creating prefix script '/home/bengokaysaglam/pavlov_mini_wheel/install/local_setup.ps1'
[0.721s] INFO:colcon.colcon_core.shell:Creating prefix util module '/home/bengokaysaglam/pavlov_mini_wheel/install/_local_setup_util_ps1.py'
[0.723s] INFO:colcon.colcon_core.shell:Creating prefix chain script '/home/bengokaysaglam/pavlov_mini_wheel/install/setup.ps1'
[0.724s] INFO:colcon.colcon_core.shell:Creating prefix script '/home/bengokaysaglam/pavlov_mini_wheel/install/local_setup.sh'
[0.725s] INFO:colcon.colcon_core.shell:Creating prefix util module '/home/bengokaysaglam/pavlov_mini_wheel/install/_local_setup_util_sh.py'
[0.726s] INFO:colcon.colcon_core.shell:Creating prefix chain script '/home/bengokaysaglam/pavlov_mini_wheel/install/setup.sh'
[0.728s] INFO:colcon.colcon_core.shell:Creating prefix script '/home/bengokaysaglam/pavlov_mini_wheel/install/local_setup.bash'
[0.729s] INFO:colcon.colcon_core.shell:Creating prefix chain script '/home/bengokaysaglam/pavlov_mini_wheel/install/setup.bash'
[0.733s] INFO:colcon.colcon_core.shell:Creating prefix script '/home/bengokaysaglam/pavlov_mini_wheel/install/local_setup.zsh'
[0.733s] INFO:colcon.colcon_core.shell:Creating prefix chain script '/home/bengokaysaglam/pavlov_mini_wheel/install/setup.zsh'
