[1.718s] DEBUG:colcon:Command line arguments: ['/usr/bin/colcon', 'build']
[1.719s] DEBUG:colcon:Parsed command line arguments: Namespace(log_base=None, log_level=None, verb_name='build', build_base='build', install_base='install', merge_install=False, symlink_install=False, test_result_base=None, continue_on_error=False, executor='parallel', parallel_workers=6, event_handlers=None, ignore_user_meta=False, metas=['./colcon.meta'], base_paths=['.'], packages_ignore=None, packages_ignore_regex=None, paths=None, packages_up_to=None, packages_up_to_regex=None, packages_above=None, packages_above_and_dependencies=None, packages_above_depth=None, packages_select_by_dep=None, packages_skip_by_dep=None, packages_skip_up_to=None, packages_select_build_failed=False, packages_skip_build_finished=False, packages_select_test_failures=False, packages_skip_test_passed=False, packages_select=None, packages_skip=None, packages_select_regex=None, packages_skip_regex=None, packages_start=None, packages_end=None, allow_overriding=[], cmake_args=None, cmake_target=None, cmake_target_skip_unavailable=False, cmake_clean_cache=False, cmake_clean_first=False, cmake_force_configure=False, ament_cmake_args=None, catkin_cmake_args=None, catkin_skip_building_tests=False, mixin_files=None, mixin=None, verb_parser=<colcon_mixin.mixin.mixin_argument.MixinArgumentDecorator object at 0x7a48fbd8c3d0>, verb_extension=<colcon_core.verb.build.BuildVerb object at 0x7a48fbd5bdc0>, main=<bound method BuildVerb.main of <colcon_core.verb.build.BuildVerb object at 0x7a48fbd5bdc0>>, mixin_verb=('build',))
[2.578s] Level 1:colcon.colcon_core.package_discovery:discover_packages(colcon_meta) check parameters
[2.579s] Level 1:colcon.colcon_core.package_discovery:discover_packages(recursive) check parameters
[2.579s] Level 1:colcon.colcon_core.package_discovery:discover_packages(ignore) check parameters
[2.579s] Level 1:colcon.colcon_core.package_discovery:discover_packages(path) check parameters
[2.579s] Level 1:colcon.colcon_core.package_discovery:discover_packages(colcon_meta) discover
[2.579s] Level 1:colcon.colcon_core.package_discovery:discover_packages(recursive) discover
[2.579s] INFO:colcon.colcon_core.package_discovery:Crawling recursively for packages in '/home/bengokaysaglam/pavlov_mini_wheel'
[2.579s] Level 1:colcon.colcon_core.package_identification:_identify(.) by extensions ['ignore', 'ignore_ament_install']
[2.579s] Level 1:colcon.colcon_core.package_identification:_identify(.) by extension 'ignore'
[2.579s] Level 1:colcon.colcon_core.package_identification:_identify(.) by extension 'ignore_ament_install'
[2.579s] Level 1:colcon.colcon_core.package_identification:_identify(.) by extensions ['colcon_pkg']
[2.579s] Level 1:colcon.colcon_core.package_identification:_identify(.) by extension 'colcon_pkg'
[2.579s] Level 1:colcon.colcon_core.package_identification:_identify(.) by extensions ['colcon_meta']
[2.579s] Level 1:colcon.colcon_core.package_identification:_identify(.) by extension 'colcon_meta'
[2.579s] Level 1:colcon.colcon_core.package_identification:_identify(.) by extensions ['ros']
[2.579s] Level 1:colcon.colcon_core.package_identification:_identify(.) by extension 'ros'
[2.665s] Level 1:colcon.colcon_core.package_identification:_identify(.) by extensions ['cmake', 'python']
[2.665s] Level 1:colcon.colcon_core.package_identification:_identify(.) by extension 'cmake'
[2.666s] Level 1:colcon.colcon_core.package_identification:_identify(.) by extension 'python'
[2.666s] Level 1:colcon.colcon_core.package_identification:_identify(.) by extensions ['python_setup_py']
[2.666s] Level 1:colcon.colcon_core.package_identification:_identify(.) by extension 'python_setup_py'
[2.666s] Level 1:colcon.colcon_core.package_identification:_identify(build) by extensions ['ignore', 'ignore_ament_install']
[2.666s] Level 1:colcon.colcon_core.package_identification:_identify(build) by extension 'ignore'
[2.666s] Level 1:colcon.colcon_core.package_identification:_identify(build) ignored
[2.666s] Level 1:colcon.colcon_core.package_identification:_identify(install) by extensions ['ignore', 'ignore_ament_install']
[2.666s] Level 1:colcon.colcon_core.package_identification:_identify(install) by extension 'ignore'
[2.666s] Level 1:colcon.colcon_core.package_identification:_identify(install) ignored
[2.667s] Level 1:colcon.colcon_core.package_identification:_identify(log) by extensions ['ignore', 'ignore_ament_install']
[2.667s] Level 1:colcon.colcon_core.package_identification:_identify(log) by extension 'ignore'
[2.667s] Level 1:colcon.colcon_core.package_identification:_identify(log) ignored
[2.668s] Level 1:colcon.colcon_core.package_identification:_identify(src) by extensions ['ignore', 'ignore_ament_install']
[2.668s] Level 1:colcon.colcon_core.package_identification:_identify(src) by extension 'ignore'
[2.668s] Level 1:colcon.colcon_core.package_identification:_identify(src) by extension 'ignore_ament_install'
[2.668s] Level 1:colcon.colcon_core.package_identification:_identify(src) by extensions ['colcon_pkg']
[2.668s] Level 1:colcon.colcon_core.package_identification:_identify(src) by extension 'colcon_pkg'
[2.668s] Level 1:colcon.colcon_core.package_identification:_identify(src) by extensions ['colcon_meta']
[2.668s] Level 1:colcon.colcon_core.package_identification:_identify(src) by extension 'colcon_meta'
[2.668s] Level 1:colcon.colcon_core.package_identification:_identify(src) by extensions ['ros']
[2.668s] Level 1:colcon.colcon_core.package_identification:_identify(src) by extension 'ros'
[2.668s] Level 1:colcon.colcon_core.package_identification:_identify(src) by extensions ['cmake', 'python']
[2.668s] Level 1:colcon.colcon_core.package_identification:_identify(src) by extension 'cmake'
[2.668s] Level 1:colcon.colcon_core.package_identification:_identify(src) by extension 'python'
[2.669s] Level 1:colcon.colcon_core.package_identification:_identify(src) by extensions ['python_setup_py']
[2.669s] Level 1:colcon.colcon_core.package_identification:_identify(src) by extension 'python_setup_py'
[2.669s] Level 1:colcon.colcon_core.package_identification:_identify(src/pavlov_controller) by extensions ['ignore', 'ignore_ament_install']
[2.669s] Level 1:colcon.colcon_core.package_identification:_identify(src/pavlov_controller) by extension 'ignore'
[2.669s] Level 1:colcon.colcon_core.package_identification:_identify(src/pavlov_controller) by extension 'ignore_ament_install'
[2.670s] Level 1:colcon.colcon_core.package_identification:_identify(src/pavlov_controller) by extensions ['colcon_pkg']
[2.670s] Level 1:colcon.colcon_core.package_identification:_identify(src/pavlov_controller) by extension 'colcon_pkg'
[2.670s] Level 1:colcon.colcon_core.package_identification:_identify(src/pavlov_controller) by extensions ['colcon_meta']
[2.670s] Level 1:colcon.colcon_core.package_identification:_identify(src/pavlov_controller) by extension 'colcon_meta'
[2.670s] Level 1:colcon.colcon_core.package_identification:_identify(src/pavlov_controller) by extensions ['ros']
[2.670s] Level 1:colcon.colcon_core.package_identification:_identify(src/pavlov_controller) by extension 'ros'
[2.684s] DEBUG:colcon.colcon_core.package_identification:Package 'src/pavlov_controller' with type 'ros.ament_cmake' and name 'pavlov_controller'
[2.688s] Level 1:colcon.colcon_core.package_identification:_identify(src/pavlov_description) by extensions ['ignore', 'ignore_ament_install']
[2.688s] Level 1:colcon.colcon_core.package_identification:_identify(src/pavlov_description) by extension 'ignore'
[2.689s] Level 1:colcon.colcon_core.package_identification:_identify(src/pavlov_description) by extension 'ignore_ament_install'
[2.689s] Level 1:colcon.colcon_core.package_identification:_identify(src/pavlov_description) by extensions ['colcon_pkg']
[2.689s] Level 1:colcon.colcon_core.package_identification:_identify(src/pavlov_description) by extension 'colcon_pkg'
[2.689s] Level 1:colcon.colcon_core.package_identification:_identify(src/pavlov_description) by extensions ['colcon_meta']
[2.689s] Level 1:colcon.colcon_core.package_identification:_identify(src/pavlov_description) by extension 'colcon_meta'
[2.689s] Level 1:colcon.colcon_core.package_identification:_identify(src/pavlov_description) by extensions ['ros']
[2.689s] Level 1:colcon.colcon_core.package_identification:_identify(src/pavlov_description) by extension 'ros'
[2.699s] DEBUG:colcon.colcon_core.package_identification:Package 'src/pavlov_description' with type 'ros.ament_cmake' and name 'pavlov_description'
[2.699s] Level 1:colcon.colcon_core.package_discovery:discover_packages(recursive) using defaults
[2.699s] Level 1:colcon.colcon_core.package_discovery:discover_packages(ignore) discover
[2.699s] Level 1:colcon.colcon_core.package_discovery:discover_packages(ignore) using defaults
[2.699s] Level 1:colcon.colcon_core.package_discovery:discover_packages(path) discover
[2.699s] Level 1:colcon.colcon_core.package_discovery:discover_packages(path) using defaults
[2.776s] Level 1:colcon.colcon_core.package_discovery:discover_packages(prefix_path) check parameters
[2.776s] Level 1:colcon.colcon_core.package_discovery:discover_packages(prefix_path) discover
[2.789s] DEBUG:colcon.colcon_installed_package_information.package_discovery:Found 13 installed packages in /home/bengokaysaglam/bumperbot_ws/install
[2.792s] DEBUG:colcon.colcon_installed_package_information.package_discovery:Found 440 installed packages in /opt/ros/humble
[2.798s] Level 1:colcon.colcon_core.package_discovery:discover_packages(prefix_path) using defaults
[2.923s] Level 5:colcon.colcon_core.verb:set package 'pavlov_controller' build argument 'cmake_args' from command line to 'None'
[2.923s] Level 5:colcon.colcon_core.verb:set package 'pavlov_controller' build argument 'cmake_target' from command line to 'None'
[2.923s] Level 5:colcon.colcon_core.verb:set package 'pavlov_controller' build argument 'cmake_target_skip_unavailable' from command line to 'False'
[2.923s] Level 5:colcon.colcon_core.verb:set package 'pavlov_controller' build argument 'cmake_clean_cache' from command line to 'False'
[2.923s] Level 5:colcon.colcon_core.verb:set package 'pavlov_controller' build argument 'cmake_clean_first' from command line to 'False'
[2.923s] Level 5:colcon.colcon_core.verb:set package 'pavlov_controller' build argument 'cmake_force_configure' from command line to 'False'
[2.923s] Level 5:colcon.colcon_core.verb:set package 'pavlov_controller' build argument 'ament_cmake_args' from command line to 'None'
[2.923s] Level 5:colcon.colcon_core.verb:set package 'pavlov_controller' build argument 'catkin_cmake_args' from command line to 'None'
[2.923s] Level 5:colcon.colcon_core.verb:set package 'pavlov_controller' build argument 'catkin_skip_building_tests' from command line to 'False'
[2.923s] DEBUG:colcon.colcon_core.verb:Building package 'pavlov_controller' with the following arguments: {'ament_cmake_args': None, 'build_base': '/home/bengokaysaglam/pavlov_mini_wheel/build/pavlov_controller', 'catkin_cmake_args': None, 'catkin_skip_building_tests': False, 'cmake_args': None, 'cmake_clean_cache': False, 'cmake_clean_first': False, 'cmake_force_configure': False, 'cmake_target': None, 'cmake_target_skip_unavailable': False, 'install_base': '/home/bengokaysaglam/pavlov_mini_wheel/install/pavlov_controller', 'merge_install': False, 'path': '/home/bengokaysaglam/pavlov_mini_wheel/src/pavlov_controller', 'symlink_install': False, 'test_result_base': None}
[2.923s] Level 5:colcon.colcon_core.verb:set package 'pavlov_description' build argument 'cmake_args' from command line to 'None'
[2.924s] Level 5:colcon.colcon_core.verb:set package 'pavlov_description' build argument 'cmake_target' from command line to 'None'
[2.924s] Level 5:colcon.colcon_core.verb:set package 'pavlov_description' build argument 'cmake_target_skip_unavailable' from command line to 'False'
[2.924s] Level 5:colcon.colcon_core.verb:set package 'pavlov_description' build argument 'cmake_clean_cache' from command line to 'False'
[2.924s] Level 5:colcon.colcon_core.verb:set package 'pavlov_description' build argument 'cmake_clean_first' from command line to 'False'
[2.924s] Level 5:colcon.colcon_core.verb:set package 'pavlov_description' build argument 'cmake_force_configure' from command line to 'False'
[2.924s] Level 5:colcon.colcon_core.verb:set package 'pavlov_description' build argument 'ament_cmake_args' from command line to 'None'
[2.924s] Level 5:colcon.colcon_core.verb:set package 'pavlov_description' build argument 'catkin_cmake_args' from command line to 'None'
[2.924s] Level 5:colcon.colcon_core.verb:set package 'pavlov_description' build argument 'catkin_skip_building_tests' from command line to 'False'
[2.924s] DEBUG:colcon.colcon_core.verb:Building package 'pavlov_description' with the following arguments: {'ament_cmake_args': None, 'build_base': '/home/bengokaysaglam/pavlov_mini_wheel/build/pavlov_description', 'catkin_cmake_args': None, 'catkin_skip_building_tests': False, 'cmake_args': None, 'cmake_clean_cache': False, 'cmake_clean_first': False, 'cmake_force_configure': False, 'cmake_target': None, 'cmake_target_skip_unavailable': False, 'install_base': '/home/bengokaysaglam/pavlov_mini_wheel/install/pavlov_description', 'merge_install': False, 'path': '/home/bengokaysaglam/pavlov_mini_wheel/src/pavlov_description', 'symlink_install': False, 'test_result_base': None}
[2.924s] INFO:colcon.colcon_core.executor:Executing jobs using 'parallel' executor
[2.925s] DEBUG:colcon.colcon_parallel_executor.executor.parallel:run_until_complete
[2.925s] INFO:colcon.colcon_ros.task.ament_cmake.build:Building ROS package in '/home/bengokaysaglam/pavlov_mini_wheel/src/pavlov_controller' with build type 'ament_cmake'
[2.926s] INFO:colcon.colcon_cmake.task.cmake.build:Building CMake package in '/home/bengokaysaglam/pavlov_mini_wheel/src/pavlov_controller'
[2.953s] INFO:colcon.colcon_core.plugin_system:Skipping extension 'colcon_core.shell.bat': Not used on non-Windows systems
[2.953s] INFO:colcon.colcon_core.shell:Skip shell extension 'powershell' for command environment: Not usable outside of PowerShell
[2.953s] DEBUG:colcon.colcon_core.shell:Skip shell extension 'dsv' for command environment
[2.968s] INFO:colcon.colcon_ros.task.ament_cmake.build:Building ROS package in '/home/bengokaysaglam/pavlov_mini_wheel/src/pavlov_description' with build type 'ament_cmake'
[2.968s] INFO:colcon.colcon_cmake.task.cmake.build:Building CMake package in '/home/bengokaysaglam/pavlov_mini_wheel/src/pavlov_description'
[2.969s] INFO:colcon.colcon_core.shell:Skip shell extension 'powershell' for command environment: Not usable outside of PowerShell
[2.969s] DEBUG:colcon.colcon_core.shell:Skip shell extension 'dsv' for command environment
[2.985s] DEBUG:colcon.colcon_core.event_handler.log_command:Invoking command in '/home/bengokaysaglam/pavlov_mini_wheel/build/pavlov_controller': CMAKE_PREFIX_PATH=${CMAKE_PREFIX_PATH}:/home/bengokaysaglam/bumperbot_ws/install/bumperbot_py_examples:/opt/ros/humble /usr/bin/cmake --build /home/bengokaysaglam/pavlov_mini_wheel/build/pavlov_controller -- -j6 -l6
[3.011s] DEBUG:colcon.colcon_core.event_handler.log_command:Invoking command in '/home/bengokaysaglam/pavlov_mini_wheel/build/pavlov_description': CMAKE_PREFIX_PATH=${CMAKE_PREFIX_PATH}:/home/bengokaysaglam/bumperbot_ws/install/bumperbot_py_examples:/opt/ros/humble /usr/bin/cmake --build /home/bengokaysaglam/pavlov_mini_wheel/build/pavlov_description -- -j6 -l6
[3.190s] DEBUG:colcon.colcon_core.event_handler.log_command:Invoked command in '/home/bengokaysaglam/pavlov_mini_wheel/build/pavlov_description' returned '0': CMAKE_PREFIX_PATH=${CMAKE_PREFIX_PATH}:/home/bengokaysaglam/bumperbot_ws/install/bumperbot_py_examples:/opt/ros/humble /usr/bin/cmake --build /home/bengokaysaglam/pavlov_mini_wheel/build/pavlov_description -- -j6 -l6
[3.208s] DEBUG:colcon.colcon_core.event_handler.log_command:Invoking command in '/home/bengokaysaglam/pavlov_mini_wheel/build/pavlov_description': CMAKE_PREFIX_PATH=${CMAKE_PREFIX_PATH}:/home/bengokaysaglam/bumperbot_ws/install/bumperbot_py_examples:/opt/ros/humble /usr/bin/cmake --install /home/bengokaysaglam/pavlov_mini_wheel/build/pavlov_description
[3.285s] DEBUG:colcon.colcon_core.event_handler.log_command:Invoked command in '/home/bengokaysaglam/pavlov_mini_wheel/build/pavlov_controller' returned '0': CMAKE_PREFIX_PATH=${CMAKE_PREFIX_PATH}:/home/bengokaysaglam/bumperbot_ws/install/bumperbot_py_examples:/opt/ros/humble /usr/bin/cmake --build /home/bengokaysaglam/pavlov_mini_wheel/build/pavlov_controller -- -j6 -l6
[3.287s] DEBUG:colcon.colcon_core.event_handler.log_command:Invoking command in '/home/bengokaysaglam/pavlov_mini_wheel/build/pavlov_controller': CMAKE_PREFIX_PATH=${CMAKE_PREFIX_PATH}:/home/bengokaysaglam/bumperbot_ws/install/bumperbot_py_examples:/opt/ros/humble /usr/bin/cmake --install /home/bengokaysaglam/pavlov_mini_wheel/build/pavlov_controller
[3.316s] Level 1:colcon.colcon_core.environment:create_environment_scripts_only(pavlov_description)
[3.317s] DEBUG:colcon.colcon_core.event_handler.log_command:Invoked command in '/home/bengokaysaglam/pavlov_mini_wheel/build/pavlov_description' returned '0': CMAKE_PREFIX_PATH=${CMAKE_PREFIX_PATH}:/home/bengokaysaglam/bumperbot_ws/install/bumperbot_py_examples:/opt/ros/humble /usr/bin/cmake --install /home/bengokaysaglam/pavlov_mini_wheel/build/pavlov_description
[3.355s] Level 1:colcon.colcon_core.environment:checking '/home/bengokaysaglam/pavlov_mini_wheel/install/pavlov_description' for CMake module files
[3.355s] Level 1:colcon.colcon_core.environment:checking '/home/bengokaysaglam/pavlov_mini_wheel/install/pavlov_description' for CMake config files
[3.356s] Level 1:colcon.colcon_core.shell:create_environment_hook('pavlov_description', 'cmake_prefix_path')
[3.356s] INFO:colcon.colcon_core.shell:Creating environment hook '/home/bengokaysaglam/pavlov_mini_wheel/install/pavlov_description/share/pavlov_description/hook/cmake_prefix_path.ps1'
[3.361s] INFO:colcon.colcon_core.shell:Creating environment descriptor '/home/bengokaysaglam/pavlov_mini_wheel/install/pavlov_description/share/pavlov_description/hook/cmake_prefix_path.dsv'
[3.363s] INFO:colcon.colcon_core.shell:Creating environment hook '/home/bengokaysaglam/pavlov_mini_wheel/install/pavlov_description/share/pavlov_description/hook/cmake_prefix_path.sh'
[3.366s] Level 1:colcon.colcon_core.environment:checking '/home/bengokaysaglam/pavlov_mini_wheel/install/pavlov_description/bin'
[3.367s] Level 1:colcon.colcon_core.environment:checking '/home/bengokaysaglam/pavlov_mini_wheel/install/pavlov_description/lib/pkgconfig/pavlov_description.pc'
[3.367s] Level 1:colcon.colcon_core.environment:checking '/home/bengokaysaglam/pavlov_mini_wheel/install/pavlov_description/lib/python3.10/site-packages'
[3.368s] Level 1:colcon.colcon_core.environment:checking '/home/bengokaysaglam/pavlov_mini_wheel/install/pavlov_description/bin'
[3.368s] INFO:colcon.colcon_core.shell:Creating package script '/home/bengokaysaglam/pavlov_mini_wheel/install/pavlov_description/share/pavlov_description/package.ps1'
[3.370s] INFO:colcon.colcon_core.shell:Creating package descriptor '/home/bengokaysaglam/pavlov_mini_wheel/install/pavlov_description/share/pavlov_description/package.dsv'
[3.372s] INFO:colcon.colcon_core.shell:Creating package script '/home/bengokaysaglam/pavlov_mini_wheel/install/pavlov_description/share/pavlov_description/package.sh'
[3.374s] INFO:colcon.colcon_core.shell:Creating package script '/home/bengokaysaglam/pavlov_mini_wheel/install/pavlov_description/share/pavlov_description/package.bash'
[3.378s] INFO:colcon.colcon_core.shell:Creating package script '/home/bengokaysaglam/pavlov_mini_wheel/install/pavlov_description/share/pavlov_description/package.zsh'
[3.381s] Level 1:colcon.colcon_core.environment:create_file_with_runtime_dependencies(/home/bengokaysaglam/pavlov_mini_wheel/install/pavlov_description/share/colcon-core/packages/pavlov_description)
[3.382s] Level 1:colcon.colcon_core.environment:create_environment_scripts_only(pavlov_description)
[3.382s] Level 1:colcon.colcon_core.environment:checking '/home/bengokaysaglam/pavlov_mini_wheel/install/pavlov_description' for CMake module files
[3.383s] Level 1:colcon.colcon_core.environment:checking '/home/bengokaysaglam/pavlov_mini_wheel/install/pavlov_description' for CMake config files
[3.384s] Level 1:colcon.colcon_core.shell:create_environment_hook('pavlov_description', 'cmake_prefix_path')
[3.384s] INFO:colcon.colcon_core.shell:Creating environment hook '/home/bengokaysaglam/pavlov_mini_wheel/install/pavlov_description/share/pavlov_description/hook/cmake_prefix_path.ps1'
[3.385s] INFO:colcon.colcon_core.shell:Creating environment descriptor '/home/bengokaysaglam/pavlov_mini_wheel/install/pavlov_description/share/pavlov_description/hook/cmake_prefix_path.dsv'
[3.386s] INFO:colcon.colcon_core.shell:Creating environment hook '/home/bengokaysaglam/pavlov_mini_wheel/install/pavlov_description/share/pavlov_description/hook/cmake_prefix_path.sh'
[3.387s] Level 1:colcon.colcon_core.environment:checking '/home/bengokaysaglam/pavlov_mini_wheel/install/pavlov_description/bin'
[3.387s] Level 1:colcon.colcon_core.environment:checking '/home/bengokaysaglam/pavlov_mini_wheel/install/pavlov_description/lib/pkgconfig/pavlov_description.pc'
[3.388s] Level 1:colcon.colcon_core.environment:checking '/home/bengokaysaglam/pavlov_mini_wheel/install/pavlov_description/lib/python3.10/site-packages'
[3.388s] Level 1:colcon.colcon_core.environment:checking '/home/bengokaysaglam/pavlov_mini_wheel/install/pavlov_description/bin'
[3.388s] INFO:colcon.colcon_core.shell:Creating package script '/home/bengokaysaglam/pavlov_mini_wheel/install/pavlov_description/share/pavlov_description/package.ps1'
[3.389s] INFO:colcon.colcon_core.shell:Creating package descriptor '/home/bengokaysaglam/pavlov_mini_wheel/install/pavlov_description/share/pavlov_description/package.dsv'
[3.390s] INFO:colcon.colcon_core.shell:Creating package script '/home/bengokaysaglam/pavlov_mini_wheel/install/pavlov_description/share/pavlov_description/package.sh'
[3.391s] INFO:colcon.colcon_core.shell:Creating package script '/home/bengokaysaglam/pavlov_mini_wheel/install/pavlov_description/share/pavlov_description/package.bash'
[3.392s] INFO:colcon.colcon_core.shell:Creating package script '/home/bengokaysaglam/pavlov_mini_wheel/install/pavlov_description/share/pavlov_description/package.zsh'
[3.396s] Level 1:colcon.colcon_core.environment:create_file_with_runtime_dependencies(/home/bengokaysaglam/pavlov_mini_wheel/install/pavlov_description/share/colcon-core/packages/pavlov_description)
[3.398s] Level 1:colcon.colcon_core.environment:create_environment_scripts_only(pavlov_controller)
[3.398s] Level 1:colcon.colcon_core.environment:checking '/home/bengokaysaglam/pavlov_mini_wheel/install/pavlov_controller' for CMake module files
[3.399s] Level 1:colcon.colcon_core.environment:checking '/home/bengokaysaglam/pavlov_mini_wheel/install/pavlov_controller' for CMake config files
[3.399s] Level 1:colcon.colcon_core.shell:create_environment_hook('pavlov_controller', 'cmake_prefix_path')
[3.400s] INFO:colcon.colcon_core.shell:Creating environment hook '/home/bengokaysaglam/pavlov_mini_wheel/install/pavlov_controller/share/pavlov_controller/hook/cmake_prefix_path.ps1'
[3.402s] DEBUG:colcon.colcon_core.event_handler.log_command:Invoked command in '/home/bengokaysaglam/pavlov_mini_wheel/build/pavlov_controller' returned '0': CMAKE_PREFIX_PATH=${CMAKE_PREFIX_PATH}:/home/bengokaysaglam/bumperbot_ws/install/bumperbot_py_examples:/opt/ros/humble /usr/bin/cmake --install /home/bengokaysaglam/pavlov_mini_wheel/build/pavlov_controller
[3.402s] INFO:colcon.colcon_core.shell:Creating environment descriptor '/home/bengokaysaglam/pavlov_mini_wheel/install/pavlov_controller/share/pavlov_controller/hook/cmake_prefix_path.dsv'
[3.404s] INFO:colcon.colcon_core.shell:Creating environment hook '/home/bengokaysaglam/pavlov_mini_wheel/install/pavlov_controller/share/pavlov_controller/hook/cmake_prefix_path.sh'
[3.405s] Level 1:colcon.colcon_core.environment:checking '/home/bengokaysaglam/pavlov_mini_wheel/install/pavlov_controller/lib'
[3.406s] Level 1:colcon.colcon_core.environment:checking '/home/bengokaysaglam/pavlov_mini_wheel/install/pavlov_controller/bin'
[3.406s] Level 1:colcon.colcon_core.environment:checking '/home/bengokaysaglam/pavlov_mini_wheel/install/pavlov_controller/lib/pkgconfig/pavlov_controller.pc'
[3.407s] Level 1:colcon.colcon_core.environment:checking '/home/bengokaysaglam/pavlov_mini_wheel/install/pavlov_controller/lib/python3.10/site-packages'
[3.407s] Level 1:colcon.colcon_core.environment:checking '/home/bengokaysaglam/pavlov_mini_wheel/install/pavlov_controller/bin'
[3.408s] INFO:colcon.colcon_core.shell:Creating package script '/home/bengokaysaglam/pavlov_mini_wheel/install/pavlov_controller/share/pavlov_controller/package.ps1'
[3.408s] INFO:colcon.colcon_core.shell:Creating package descriptor '/home/bengokaysaglam/pavlov_mini_wheel/install/pavlov_controller/share/pavlov_controller/package.dsv'
[3.409s] INFO:colcon.colcon_core.shell:Creating package script '/home/bengokaysaglam/pavlov_mini_wheel/install/pavlov_controller/share/pavlov_controller/package.sh'
[3.409s] INFO:colcon.colcon_core.shell:Creating package script '/home/bengokaysaglam/pavlov_mini_wheel/install/pavlov_controller/share/pavlov_controller/package.bash'
[3.410s] INFO:colcon.colcon_core.shell:Creating package script '/home/bengokaysaglam/pavlov_mini_wheel/install/pavlov_controller/share/pavlov_controller/package.zsh'
[3.410s] Level 1:colcon.colcon_core.environment:create_file_with_runtime_dependencies(/home/bengokaysaglam/pavlov_mini_wheel/install/pavlov_controller/share/colcon-core/packages/pavlov_controller)
[3.411s] Level 1:colcon.colcon_core.environment:create_environment_scripts_only(pavlov_controller)
[3.412s] Level 1:colcon.colcon_core.environment:checking '/home/bengokaysaglam/pavlov_mini_wheel/install/pavlov_controller' for CMake module files
[3.412s] Level 1:colcon.colcon_core.environment:checking '/home/bengokaysaglam/pavlov_mini_wheel/install/pavlov_controller' for CMake config files
[3.413s] Level 1:colcon.colcon_core.shell:create_environment_hook('pavlov_controller', 'cmake_prefix_path')
[3.413s] INFO:colcon.colcon_core.shell:Creating environment hook '/home/bengokaysaglam/pavlov_mini_wheel/install/pavlov_controller/share/pavlov_controller/hook/cmake_prefix_path.ps1'
[3.414s] INFO:colcon.colcon_core.shell:Creating environment descriptor '/home/bengokaysaglam/pavlov_mini_wheel/install/pavlov_controller/share/pavlov_controller/hook/cmake_prefix_path.dsv'
[3.415s] INFO:colcon.colcon_core.shell:Creating environment hook '/home/bengokaysaglam/pavlov_mini_wheel/install/pavlov_controller/share/pavlov_controller/hook/cmake_prefix_path.sh'
[3.415s] Level 1:colcon.colcon_core.environment:checking '/home/bengokaysaglam/pavlov_mini_wheel/install/pavlov_controller/lib'
[3.415s] Level 1:colcon.colcon_core.environment:checking '/home/bengokaysaglam/pavlov_mini_wheel/install/pavlov_controller/bin'
[3.416s] Level 1:colcon.colcon_core.environment:checking '/home/bengokaysaglam/pavlov_mini_wheel/install/pavlov_controller/lib/pkgconfig/pavlov_controller.pc'
[3.416s] Level 1:colcon.colcon_core.environment:checking '/home/bengokaysaglam/pavlov_mini_wheel/install/pavlov_controller/lib/python3.10/site-packages'
[3.416s] Level 1:colcon.colcon_core.environment:checking '/home/bengokaysaglam/pavlov_mini_wheel/install/pavlov_controller/bin'
[3.417s] INFO:colcon.colcon_core.shell:Creating package script '/home/bengokaysaglam/pavlov_mini_wheel/install/pavlov_controller/share/pavlov_controller/package.ps1'
[3.418s] INFO:colcon.colcon_core.shell:Creating package descriptor '/home/bengokaysaglam/pavlov_mini_wheel/install/pavlov_controller/share/pavlov_controller/package.dsv'
[3.419s] INFO:colcon.colcon_core.shell:Creating package script '/home/bengokaysaglam/pavlov_mini_wheel/install/pavlov_controller/share/pavlov_controller/package.sh'
[3.420s] INFO:colcon.colcon_core.shell:Creating package script '/home/bengokaysaglam/pavlov_mini_wheel/install/pavlov_controller/share/pavlov_controller/package.bash'
[3.421s] INFO:colcon.colcon_core.shell:Creating package script '/home/bengokaysaglam/pavlov_mini_wheel/install/pavlov_controller/share/pavlov_controller/package.zsh'
[3.421s] Level 1:colcon.colcon_core.environment:create_file_with_runtime_dependencies(/home/bengokaysaglam/pavlov_mini_wheel/install/pavlov_controller/share/colcon-core/packages/pavlov_controller)
[3.422s] DEBUG:colcon.colcon_parallel_executor.executor.parallel:closing loop
[3.422s] DEBUG:colcon.colcon_parallel_executor.executor.parallel:loop closed
[3.422s] DEBUG:colcon.colcon_parallel_executor.executor.parallel:run_until_complete finished with '0'
[3.422s] DEBUG:colcon.colcon_core.event_reactor:joining thread
[3.436s] INFO:colcon.colcon_core.plugin_system:Skipping extension 'colcon_notification.desktop_notification.terminal_notifier': Not used on non-Darwin systems
[3.437s] INFO:colcon.colcon_core.plugin_system:Skipping extension 'colcon_notification.desktop_notification.win32': Not used on non-Windows systems
[3.437s] INFO:colcon.colcon_notification.desktop_notification:Sending desktop notification using 'notify2'
[3.473s] DEBUG:colcon.colcon_core.event_reactor:joined thread
[3.473s] INFO:colcon.colcon_core.shell:Creating prefix script '/home/bengokaysaglam/pavlov_mini_wheel/install/local_setup.ps1'
[3.475s] INFO:colcon.colcon_core.shell:Creating prefix util module '/home/bengokaysaglam/pavlov_mini_wheel/install/_local_setup_util_ps1.py'
[3.477s] INFO:colcon.colcon_core.shell:Creating prefix chain script '/home/bengokaysaglam/pavlov_mini_wheel/install/setup.ps1'
[3.480s] INFO:colcon.colcon_core.shell:Creating prefix script '/home/bengokaysaglam/pavlov_mini_wheel/install/local_setup.sh'
[3.483s] INFO:colcon.colcon_core.shell:Creating prefix util module '/home/bengokaysaglam/pavlov_mini_wheel/install/_local_setup_util_sh.py'
[3.483s] INFO:colcon.colcon_core.shell:Creating prefix chain script '/home/bengokaysaglam/pavlov_mini_wheel/install/setup.sh'
[3.487s] INFO:colcon.colcon_core.shell:Creating prefix script '/home/bengokaysaglam/pavlov_mini_wheel/install/local_setup.bash'
[3.490s] INFO:colcon.colcon_core.shell:Creating prefix chain script '/home/bengokaysaglam/pavlov_mini_wheel/install/setup.bash'
[3.495s] INFO:colcon.colcon_core.shell:Creating prefix script '/home/bengokaysaglam/pavlov_mini_wheel/install/local_setup.zsh'
[3.498s] INFO:colcon.colcon_core.shell:Creating prefix chain script '/home/bengokaysaglam/pavlov_mini_wheel/install/setup.zsh'
