[0.041s] Invoking command in '/home/bengokaysaglam/pavlov_mini_wheel/build/pavlov_controller': CMAKE_PREFIX_PATH=${CMAKE_PREFIX_PATH}:/home/bengokaysaglam/bumperbot_ws/install/bumperbot_py_examples:/opt/ros/humble /usr/bin/cmake --build /home/bengokaysaglam/pavlov_mini_wheel/build/pavlov_controller -- -j6 -l6
[0.103s] Invoked command in '/home/bengokaysaglam/pavlov_mini_wheel/build/pavlov_controller' returned '0': CMAKE_PREFIX_PATH=${CMAKE_PREFIX_PATH}:/home/bengokaysaglam/bumperbot_ws/install/bumperbot_py_examples:/opt/ros/humble /usr/bin/cmake --build /home/bengokaysaglam/pavlov_mini_wheel/build/pavlov_controller -- -j6 -l6
[0.127s] Invoking command in '/home/bengokaysaglam/pavlov_mini_wheel/build/pavlov_controller': CMAKE_PREFIX_PATH=${CMAKE_PREFIX_PATH}:/home/bengokaysaglam/bumperbot_ws/install/bumperbot_py_examples:/opt/ros/humble /usr/bin/cmake --install /home/bengokaysaglam/pavlov_mini_wheel/build/pavlov_controller
[0.143s] -- Install configuration: ""
[0.143s] -- Up-to-date: /home/bengokaysaglam/pavlov_mini_wheel/install/pavlov_controller/share/pavlov_controller/launch
[0.144s] -- Up-to-date: /home/bengokaysaglam/pavlov_mini_wheel/install/pavlov_controller/share/pavlov_controller/launch/joystick_controller.launch.py
[0.144s] -- Up-to-date: /home/bengokaysaglam/pavlov_mini_wheel/install/pavlov_controller/share/pavlov_controller/config
[0.145s] -- Up-to-date: /home/bengokaysaglam/pavlov_mini_wheel/install/pavlov_controller/share/pavlov_controller/config/controller_params.yaml
[0.145s] -- Up-to-date: /home/bengokaysaglam/pavlov_mini_wheel/install/pavlov_controller/share/pavlov_controller/config/ros2_controller.yaml
[0.145s] -- Installing: /home/bengokaysaglam/pavlov_mini_wheel/install/pavlov_controller/lib/pavlov_controller/joystick_controller.py
[0.146s] -- Up-to-date: /home/bengokaysaglam/pavlov_mini_wheel/install/pavlov_controller/share/ament_index/resource_index/package_run_dependencies/pavlov_controller
[0.146s] -- Up-to-date: /home/bengokaysaglam/pavlov_mini_wheel/install/pavlov_controller/share/ament_index/resource_index/parent_prefix_path/pavlov_controller
[0.146s] -- Up-to-date: /home/bengokaysaglam/pavlov_mini_wheel/install/pavlov_controller/share/pavlov_controller/environment/ament_prefix_path.sh
[0.152s] -- Up-to-date: /home/bengokaysaglam/pavlov_mini_wheel/install/pavlov_controller/share/pavlov_controller/environment/ament_prefix_path.dsv
[0.152s] -- Up-to-date: /home/bengokaysaglam/pavlov_mini_wheel/install/pavlov_controller/share/pavlov_controller/environment/path.sh
[0.156s] -- Up-to-date: /home/bengokaysaglam/pavlov_mini_wheel/install/pavlov_controller/share/pavlov_controller/environment/path.dsv
[0.157s] -- Up-to-date: /home/bengokaysaglam/pavlov_mini_wheel/install/pavlov_controller/share/pavlov_controller/local_setup.bash
[0.157s] -- Up-to-date: /home/bengokaysaglam/pavlov_mini_wheel/install/pavlov_controller/share/pavlov_controller/local_setup.sh
[0.157s] -- Up-to-date: /home/bengokaysaglam/pavlov_mini_wheel/install/pavlov_controller/share/pavlov_controller/local_setup.zsh
[0.158s] -- Up-to-date: /home/bengokaysaglam/pavlov_mini_wheel/install/pavlov_controller/share/pavlov_controller/local_setup.dsv
[0.158s] -- Installing: /home/bengokaysaglam/pavlov_mini_wheel/install/pavlov_controller/share/pavlov_controller/package.dsv
[0.159s] -- Up-to-date: /home/bengokaysaglam/pavlov_mini_wheel/install/pavlov_controller/share/ament_index/resource_index/packages/pavlov_controller
[0.159s] -- Up-to-date: /home/bengokaysaglam/pavlov_mini_wheel/install/pavlov_controller/share/pavlov_controller/cmake/pavlov_controllerConfig.cmake
[0.160s] -- Up-to-date: /home/bengokaysaglam/pavlov_mini_wheel/install/pavlov_controller/share/pavlov_controller/cmake/pavlov_controllerConfig-version.cmake
[0.160s] -- Up-to-date: /home/bengokaysaglam/pavlov_mini_wheel/install/pavlov_controller/share/pavlov_controller/package.xml
[0.160s] Invoked command in '/home/bengokaysaglam/pavlov_mini_wheel/build/pavlov_controller' returned '0': CMAKE_PREFIX_PATH=${CMAKE_PREFIX_PATH}:/home/bengokaysaglam/bumperbot_ws/install/bumperbot_py_examples:/opt/ros/humble /usr/bin/cmake --install /home/bengokaysaglam/pavlov_mini_wheel/build/pavlov_controller
