[0.027s] Invoking command in '/home/bengokaysaglam/pavlov_mini_wheel/build/pavlov_controller': CMAKE_PREFIX_PATH=${CMAKE_PREFIX_PATH}:/home/bengokaysaglam/bumperbot_ws/install/bumperbot_py_examples:/opt/ros/humble /usr/bin/cmake --build /home/bengokaysaglam/pavlov_mini_wheel/build/pavlov_controller -- -j6 -l6
[0.067s] -- Found ament_cmake: 1.3.12 (/opt/ros/humble/share/ament_cmake/cmake)
[0.277s] -- Found rclcpp: 16.0.17 (/opt/ros/humble/share/rclcpp/cmake)
[0.457s] -- Found rosidl_generator_c: 3.1.8 (/opt/ros/humble/share/rosidl_generator_c/cmake)
[0.477s] -- Found rosidl_adapter: 3.1.8 (/opt/ros/humble/share/rosidl_adapter/cmake)
[0.508s] -- Found rosidl_generator_cpp: 3.1.8 (/opt/ros/humble/share/rosidl_generator_cpp/cmake)
[0.569s] -- Using all available rosidl_typesupport_c: rosidl_typesupport_fastrtps_c;rosidl_typesupport_introspection_c
[0.621s] -- Using all available rosidl_typesupport_cpp: rosidl_typesupport_fastrtps_cpp;rosidl_typesupport_introspection_cpp
[0.783s] -- Found rmw_implementation_cmake: 6.1.2 (/opt/ros/humble/share/rmw_implementation_cmake/cmake)
[0.797s] -- Found rmw_fastrtps_cpp: 6.2.9 (/opt/ros/humble/share/rmw_fastrtps_cpp/cmake)
[1.039s] -- Found OpenSSL: /usr/lib/x86_64-linux-gnu/libcrypto.so (found version "3.0.2")  
[1.086s] -- Found FastRTPS: /opt/ros/humble/include  
[1.148s] -- Using RMW implementation 'rmw_fastrtps_cpp' as default
[1.188s] -- Looking for pthread.h
[1.317s] -- Looking for pthread.h - found
[1.318s] -- Performing Test CMAKE_HAVE_LIBC_PTHREAD
[1.445s] -- Performing Test CMAKE_HAVE_LIBC_PTHREAD - Success
[1.446s] -- Found Threads: TRUE  
[1.597s] -- Found geometry_msgs: 4.9.0 (/opt/ros/humble/share/geometry_msgs/cmake)
[1.651s] -- Found tf2: 0.25.18 (/opt/ros/humble/share/tf2/cmake)
[1.692s] -- Found tf2_ros: 0.25.18 (/opt/ros/humble/share/tf2_ros/cmake)
[2.120s] -- Found tf2_geometry_msgs: 0.25.18 (/opt/ros/humble/share/tf2_geometry_msgs/cmake)
[2.182s] -- Found eigen3_cmake_module: 0.1.1 (/opt/ros/humble/share/eigen3_cmake_module/cmake)
[2.188s] -- Found Eigen3: TRUE (found version "3.4.0") 
[2.188s] -- Ensuring Eigen3 include directory is part of orocos-kdl CMake target
[2.212s] -- Found OpenCV: /usr (found version "4.5.4") 
[2.229s] -- Found cv_bridge: 3.2.1 (/opt/ros/humble/share/cv_bridge/cmake)
[2.307s] -- Found trajectory_msgs: 4.9.0 (/opt/ros/humble/share/trajectory_msgs/cmake)
[2.371s] -- Found gazebo_msgs: 3.9.0 (/opt/ros/humble/share/gazebo_msgs/cmake)
[2.447s] -- Found ament_lint_auto: 0.12.14 (/opt/ros/humble/share/ament_lint_auto/cmake)
[2.555s] -- Added test 'flake8' to check Python code syntax and style conventions
[2.557s] -- Added test 'lint_cmake' to check CMake code style
[2.557s] -- Added test 'pep257' to check Python code against some of the docstring style conventions in PEP 257
[2.559s] -- Added test 'xmllint' to check XML markup files
[2.560s] -- Configuring done
[2.576s] -- Generating done
[2.583s] -- Build files have been written to: /home/bengokaysaglam/pavlov_mini_wheel/build/pavlov_controller
[2.634s] Invoked command in '/home/bengokaysaglam/pavlov_mini_wheel/build/pavlov_controller' returned '0': CMAKE_PREFIX_PATH=${CMAKE_PREFIX_PATH}:/home/bengokaysaglam/bumperbot_ws/install/bumperbot_py_examples:/opt/ros/humble /usr/bin/cmake --build /home/bengokaysaglam/pavlov_mini_wheel/build/pavlov_controller -- -j6 -l6
[2.637s] Invoking command in '/home/bengokaysaglam/pavlov_mini_wheel/build/pavlov_controller': CMAKE_PREFIX_PATH=${CMAKE_PREFIX_PATH}:/home/bengokaysaglam/bumperbot_ws/install/bumperbot_py_examples:/opt/ros/humble /usr/bin/cmake --install /home/bengokaysaglam/pavlov_mini_wheel/build/pavlov_controller
[2.646s] -- Install configuration: ""
[2.646s] -- Installing: /home/bengokaysaglam/pavlov_mini_wheel/install/pavlov_controller/share/pavlov_controller/launch
[2.646s] -- Installing: /home/bengokaysaglam/pavlov_mini_wheel/install/pavlov_controller/share/pavlov_controller/launch/joystick_controller.launch.py
[2.646s] -- Installing: /home/bengokaysaglam/pavlov_mini_wheel/install/pavlov_controller/share/pavlov_controller/config
[2.646s] -- Installing: /home/bengokaysaglam/pavlov_mini_wheel/install/pavlov_controller/share/pavlov_controller/config/controller_params.yaml
[2.647s] -- Installing: /home/bengokaysaglam/pavlov_mini_wheel/install/pavlov_controller/share/pavlov_controller/config/ros2_controller.yaml
[2.647s] -- Installing: /home/bengokaysaglam/pavlov_mini_wheel/install/pavlov_controller/lib/pavlov_controller/joystick_controller.py
[2.648s] -- Up-to-date: /home/bengokaysaglam/pavlov_mini_wheel/install/pavlov_controller/share/ament_index/resource_index/package_run_dependencies/pavlov_controller
[2.648s] -- Up-to-date: /home/bengokaysaglam/pavlov_mini_wheel/install/pavlov_controller/share/ament_index/resource_index/parent_prefix_path/pavlov_controller
[2.648s] -- Up-to-date: /home/bengokaysaglam/pavlov_mini_wheel/install/pavlov_controller/share/pavlov_controller/environment/ament_prefix_path.sh
[2.648s] -- Installing: /home/bengokaysaglam/pavlov_mini_wheel/install/pavlov_controller/share/pavlov_controller/environment/ament_prefix_path.dsv
[2.648s] -- Up-to-date: /home/bengokaysaglam/pavlov_mini_wheel/install/pavlov_controller/share/pavlov_controller/environment/path.sh
[2.649s] -- Installing: /home/bengokaysaglam/pavlov_mini_wheel/install/pavlov_controller/share/pavlov_controller/environment/path.dsv
[2.649s] -- Up-to-date: /home/bengokaysaglam/pavlov_mini_wheel/install/pavlov_controller/share/pavlov_controller/local_setup.bash
[2.649s] -- Up-to-date: /home/bengokaysaglam/pavlov_mini_wheel/install/pavlov_controller/share/pavlov_controller/local_setup.sh
[2.649s] -- Up-to-date: /home/bengokaysaglam/pavlov_mini_wheel/install/pavlov_controller/share/pavlov_controller/local_setup.zsh
[2.649s] -- Installing: /home/bengokaysaglam/pavlov_mini_wheel/install/pavlov_controller/share/pavlov_controller/local_setup.dsv
[2.649s] -- Installing: /home/bengokaysaglam/pavlov_mini_wheel/install/pavlov_controller/share/pavlov_controller/package.dsv
[2.650s] -- Up-to-date: /home/bengokaysaglam/pavlov_mini_wheel/install/pavlov_controller/share/ament_index/resource_index/packages/pavlov_controller
[2.650s] -- Up-to-date: /home/bengokaysaglam/pavlov_mini_wheel/install/pavlov_controller/share/pavlov_controller/cmake/pavlov_controllerConfig.cmake
[2.650s] -- Up-to-date: /home/bengokaysaglam/pavlov_mini_wheel/install/pavlov_controller/share/pavlov_controller/cmake/pavlov_controllerConfig-version.cmake
[2.650s] -- Up-to-date: /home/bengokaysaglam/pavlov_mini_wheel/install/pavlov_controller/share/pavlov_controller/package.xml
[2.654s] Invoked command in '/home/bengokaysaglam/pavlov_mini_wheel/build/pavlov_controller' returned '0': CMAKE_PREFIX_PATH=${CMAKE_PREFIX_PATH}:/home/bengokaysaglam/bumperbot_ws/install/bumperbot_py_examples:/opt/ros/humble /usr/bin/cmake --install /home/bengokaysaglam/pavlov_mini_wheel/build/pavlov_controller
