[0.025s] Invoking command in '/home/bengokaysaglam/pavlov_mini_wheel/build/pavlov_controller': CMAKE_PREFIX_PATH=${CMAKE_PREFIX_PATH}:/home/bengokaysaglam/bumperbot_ws/install/bumperbot_py_examples:/opt/ros/humble /usr/bin/cmake --build /home/bengokaysaglam/pavlov_mini_wheel/build/pavlov_controller -- -j6 -l6
[0.071s] -- Found ament_cmake: 1.3.12 (/opt/ros/humble/share/ament_cmake/cmake)
[0.223s] -- Override CMake install command with custom implementation using symlinks instead of copying resources
[0.257s] -- Found rclpy: 3.3.19 (/opt/ros/humble/share/rclpy/cmake)
[0.258s] -- Found rclcpp: 16.0.17 (/opt/ros/humble/share/rclcpp/cmake)
[0.265s] -- Found rosidl_generator_c: 3.1.8 (/opt/ros/humble/share/rosidl_generator_c/cmake)
[0.268s] -- Found rosidl_adapter: 3.1.8 (/opt/ros/humble/share/rosidl_adapter/cmake)
[0.275s] -- Found rosidl_generator_cpp: 3.1.8 (/opt/ros/humble/share/rosidl_generator_cpp/cmake)
[0.285s] -- Using all available rosidl_typesupport_c: rosidl_typesupport_fastrtps_c;rosidl_typesupport_introspection_c
[0.299s] -- Using all available rosidl_typesupport_cpp: rosidl_typesupport_fastrtps_cpp;rosidl_typesupport_introspection_cpp
[0.334s] -- Found rmw_implementation_cmake: 6.1.2 (/opt/ros/humble/share/rmw_implementation_cmake/cmake)
[0.335s] -- Found rmw_fastrtps_cpp: 6.2.9 (/opt/ros/humble/share/rmw_fastrtps_cpp/cmake)
[0.485s] -- Using RMW implementation 'rmw_fastrtps_cpp' as default
[0.536s] -- Found geometry_msgs: 4.9.0 (/opt/ros/humble/share/geometry_msgs/cmake)
[0.551s] -- Found tf2: 0.25.18 (/opt/ros/humble/share/tf2/cmake)
[0.556s] -- Found tf2_ros: 0.25.18 (/opt/ros/humble/share/tf2_ros/cmake)
[0.651s] -- Found tf2_geometry_msgs: 0.25.18 (/opt/ros/humble/share/tf2_geometry_msgs/cmake)
[0.658s] -- Found eigen3_cmake_module: 0.1.1 (/opt/ros/humble/share/eigen3_cmake_module/cmake)
[0.659s] -- Ensuring Eigen3 include directory is part of orocos-kdl CMake target
[0.669s] -- Found cv_bridge: 3.2.1 (/opt/ros/humble/share/cv_bridge/cmake)
[0.689s] -- Found trajectory_msgs: 4.9.0 (/opt/ros/humble/share/trajectory_msgs/cmake)
[0.707s] -- Found gazebo_msgs: 3.9.0 (/opt/ros/humble/share/gazebo_msgs/cmake)
[0.730s] -- Found ament_lint_auto: 0.12.14 (/opt/ros/humble/share/ament_lint_auto/cmake)
[0.952s] -- Configuring done
[0.962s] -- Generating done
[0.971s] -- Build files have been written to: /home/bengokaysaglam/pavlov_mini_wheel/build/pavlov_controller
[30.290s] Invoked command in '/home/bengokaysaglam/pavlov_mini_wheel/build/pavlov_controller' returned '0': CMAKE_PREFIX_PATH=${CMAKE_PREFIX_PATH}:/home/bengokaysaglam/bumperbot_ws/install/bumperbot_py_examples:/opt/ros/humble /usr/bin/cmake --build /home/bengokaysaglam/pavlov_mini_wheel/build/pavlov_controller -- -j6 -l6
[30.295s] Invoking command in '/home/bengokaysaglam/pavlov_mini_wheel/build/pavlov_controller': CMAKE_PREFIX_PATH=${CMAKE_PREFIX_PATH}:/home/bengokaysaglam/bumperbot_ws/install/bumperbot_py_examples:/opt/ros/humble /usr/bin/cmake --install /home/bengokaysaglam/pavlov_mini_wheel/build/pavlov_controller
[30.309s] -- Install configuration: ""
[30.311s] -- Execute custom install script
[30.312s] -- Up-to-date symlink: /home/bengokaysaglam/pavlov_mini_wheel/install/pavlov_controller/share/pavlov_controller/launch/__pycache__/keyboard_controller.launch.cpython-310.pyc
[30.313s] -- Up-to-date symlink: /home/bengokaysaglam/pavlov_mini_wheel/install/pavlov_controller/share/pavlov_controller/launch/keyboard_controller.launch.py
[30.313s] -- Up-to-date symlink: /home/bengokaysaglam/pavlov_mini_wheel/install/pavlov_controller/share/pavlov_controller/config/controller_params.yaml
[30.313s] -- Up-to-date symlink: /home/bengokaysaglam/pavlov_mini_wheel/install/pavlov_controller/share/pavlov_controller/config/ros2_controller.yaml
[30.313s] -- Up-to-date symlink: /home/bengokaysaglam/pavlov_mini_wheel/install/pavlov_controller/share/pavlov_controller/config/ros2_controllers.yaml
[30.313s] -- Up-to-date symlink: /home/bengokaysaglam/pavlov_mini_wheel/install/pavlov_controller/lib/pavlov_controller/keyboard_controller.py
[30.313s] -- Symlinking: /home/bengokaysaglam/pavlov_mini_wheel/install/pavlov_controller/lib/pavlov_controller/stance_initializer.py
[30.335s] -- Up-to-date symlink: /home/bengokaysaglam/pavlov_mini_wheel/install/pavlov_controller/share/ament_index/resource_index/package_run_dependencies/pavlov_controller
[30.336s] -- Up-to-date symlink: /home/bengokaysaglam/pavlov_mini_wheel/install/pavlov_controller/share/ament_index/resource_index/parent_prefix_path/pavlov_controller
[30.336s] -- Up-to-date symlink: /home/bengokaysaglam/pavlov_mini_wheel/install/pavlov_controller/share/pavlov_controller/environment/ament_prefix_path.sh
[30.337s] -- Up-to-date symlink: /home/bengokaysaglam/pavlov_mini_wheel/install/pavlov_controller/share/pavlov_controller/environment/ament_prefix_path.dsv
[30.337s] -- Up-to-date symlink: /home/bengokaysaglam/pavlov_mini_wheel/install/pavlov_controller/share/pavlov_controller/environment/path.sh
[30.337s] -- Up-to-date symlink: /home/bengokaysaglam/pavlov_mini_wheel/install/pavlov_controller/share/pavlov_controller/environment/path.dsv
[30.337s] -- Up-to-date symlink: /home/bengokaysaglam/pavlov_mini_wheel/install/pavlov_controller/share/pavlov_controller/local_setup.bash
[30.337s] -- Up-to-date symlink: /home/bengokaysaglam/pavlov_mini_wheel/install/pavlov_controller/share/pavlov_controller/local_setup.sh
[30.338s] -- Up-to-date symlink: /home/bengokaysaglam/pavlov_mini_wheel/install/pavlov_controller/share/pavlov_controller/local_setup.zsh
[30.338s] -- Up-to-date symlink: /home/bengokaysaglam/pavlov_mini_wheel/install/pavlov_controller/share/pavlov_controller/local_setup.dsv
[30.338s] -- Symlinking: /home/bengokaysaglam/pavlov_mini_wheel/install/pavlov_controller/share/pavlov_controller/package.dsv
[30.362s] -- Up-to-date symlink: /home/bengokaysaglam/pavlov_mini_wheel/install/pavlov_controller/share/ament_index/resource_index/packages/pavlov_controller
[30.362s] -- Up-to-date symlink: /home/bengokaysaglam/pavlov_mini_wheel/install/pavlov_controller/share/pavlov_controller/cmake/pavlov_controllerConfig.cmake
[30.362s] -- Up-to-date symlink: /home/bengokaysaglam/pavlov_mini_wheel/install/pavlov_controller/share/pavlov_controller/cmake/pavlov_controllerConfig-version.cmake
[30.362s] -- Up-to-date symlink: /home/bengokaysaglam/pavlov_mini_wheel/install/pavlov_controller/share/pavlov_controller/package.xml
[60.319s] Invoked command in '/home/bengokaysaglam/pavlov_mini_wheel/build/pavlov_controller' returned '0': CMAKE_PREFIX_PATH=${CMAKE_PREFIX_PATH}:/home/bengokaysaglam/bumperbot_ws/install/bumperbot_py_examples:/opt/ros/humble /usr/bin/cmake --install /home/bengokaysaglam/pavlov_mini_wheel/build/pavlov_controller
