[0.060s] Invoking command in '/home/bengokaysaglam/pavlov_mini_wheel/build/pavlov_description': CMAKE_PREFIX_PATH=${CMAKE_PREFIX_PATH}:/home/bengokaysaglam/bumperbot_ws/install/bumperbot_py_examples:/opt/ros/humble /usr/bin/cmake --build /home/bengokaysaglam/pavlov_mini_wheel/build/pavlov_description -- -j6 -l6
[0.348s] Invoked command in '/home/bengokaysaglam/pavlov_mini_wheel/build/pavlov_description' returned '0': CMAKE_PREFIX_PATH=${CMAKE_PREFIX_PATH}:/home/bengokaysaglam/bumperbot_ws/install/bumperbot_py_examples:/opt/ros/humble /usr/bin/cmake --build /home/bengokaysaglam/pavlov_mini_wheel/build/pavlov_description -- -j6 -l6
[0.373s] Invoking command in '/home/bengokaysaglam/pavlov_mini_wheel/build/pavlov_description': CMAKE_PREFIX_PATH=${CMAKE_PREFIX_PATH}:/home/bengokaysaglam/bumperbot_ws/install/bumperbot_py_examples:/opt/ros/humble /usr/bin/cmake --install /home/bengokaysaglam/pavlov_mini_wheel/build/pavlov_description
[0.394s] -- Install configuration: ""
[0.404s] -- Execute custom install script
[0.418s] -- Up-to-date symlink: /home/bengokaysaglam/pavlov_mini_wheel/install/pavlov_description/share/pavlov_description/launch/__pycache__/display.launch.cpython-310.pyc
[0.420s] -- Symlinking: /home/bengokaysaglam/pavlov_mini_wheel/install/pavlov_description/share/pavlov_description/launch/__pycache__/gazebo.launch.cpython-310.pyc
[0.472s] -- Up-to-date symlink: /home/bengokaysaglam/pavlov_mini_wheel/install/pavlov_description/share/pavlov_description/launch/display.launch.py
[0.478s] -- Up-to-date symlink: /home/bengokaysaglam/pavlov_mini_wheel/install/pavlov_description/share/pavlov_description/launch/gazebo.launch.py
[0.494s] -- Up-to-date symlink: /home/bengokaysaglam/pavlov_mini_wheel/install/pavlov_description/share/pavlov_description/models/red_ball/model.config
[0.494s] -- Up-to-date symlink: /home/bengokaysaglam/pavlov_mini_wheel/install/pavlov_description/share/pavlov_description/models/red_ball/model.sdf
[0.494s] -- Up-to-date symlink: /home/bengokaysaglam/pavlov_mini_wheel/install/pavlov_description/share/pavlov_description/rviz/rviz_config.rviz
[0.495s] -- Up-to-date symlink: /home/bengokaysaglam/pavlov_mini_wheel/install/pavlov_description/share/pavlov_description/meshes/base.dae
[0.498s] -- Up-to-date symlink: /home/bengokaysaglam/pavlov_mini_wheel/install/pavlov_description/share/pavlov_description/meshes/femur_bl.dae
[0.500s] -- Up-to-date symlink: /home/bengokaysaglam/pavlov_mini_wheel/install/pavlov_description/share/pavlov_description/meshes/femur_br.dae
[0.504s] -- Up-to-date symlink: /home/bengokaysaglam/pavlov_mini_wheel/install/pavlov_description/share/pavlov_description/meshes/femur_fl.dae
[0.504s] -- Up-to-date symlink: /home/bengokaysaglam/pavlov_mini_wheel/install/pavlov_description/share/pavlov_description/meshes/femur_fr.dae
[0.506s] -- Up-to-date symlink: /home/bengokaysaglam/pavlov_mini_wheel/install/pavlov_description/share/pavlov_description/meshes/hip_bl.dae
[0.507s] -- Up-to-date symlink: /home/bengokaysaglam/pavlov_mini_wheel/install/pavlov_description/share/pavlov_description/meshes/hip_br.dae
[0.510s] -- Up-to-date symlink: /home/bengokaysaglam/pavlov_mini_wheel/install/pavlov_description/share/pavlov_description/meshes/hip_fl.dae
[0.514s] -- Up-to-date symlink: /home/bengokaysaglam/pavlov_mini_wheel/install/pavlov_description/share/pavlov_description/meshes/hip_fr.dae
[0.514s] -- Up-to-date symlink: /home/bengokaysaglam/pavlov_mini_wheel/install/pavlov_description/share/pavlov_description/meshes/lidar.dae
[0.514s] -- Up-to-date symlink: /home/bengokaysaglam/pavlov_mini_wheel/install/pavlov_description/share/pavlov_description/meshes/tibia_bl.dae
[0.521s] -- Up-to-date symlink: /home/bengokaysaglam/pavlov_mini_wheel/install/pavlov_description/share/pavlov_description/meshes/tibia_br.dae
[0.521s] -- Up-to-date symlink: /home/bengokaysaglam/pavlov_mini_wheel/install/pavlov_description/share/pavlov_description/meshes/tibia_fl.dae
[0.521s] -- Up-to-date symlink: /home/bengokaysaglam/pavlov_mini_wheel/install/pavlov_description/share/pavlov_description/meshes/tibia_fr.dae
[0.522s] -- Up-to-date symlink: /home/bengokaysaglam/pavlov_mini_wheel/install/pavlov_description/share/pavlov_description/meshes/wheel_left_link.STL
[0.524s] -- Up-to-date symlink: /home/bengokaysaglam/pavlov_mini_wheel/install/pavlov_description/share/pavlov_description/meshes/wheel_right_link.STL
[0.532s] -- Up-to-date symlink: /home/bengokaysaglam/pavlov_mini_wheel/install/pavlov_description/share/pavlov_description/urdf/pavlov_mini_ros2_control.xacro
[0.534s] -- Up-to-date symlink: /home/bengokaysaglam/pavlov_mini_wheel/install/pavlov_description/share/pavlov_description/urdf/pavlov_mini_wheel.urdf.xacro
[0.541s] -- Up-to-date symlink: /home/bengokaysaglam/pavlov_mini_wheel/install/pavlov_description/share/pavlov_description/worlds/empty_with_sensors.sdf
[0.550s] -- Up-to-date symlink: /home/bengokaysaglam/pavlov_mini_wheel/install/pavlov_description/share/ament_index/resource_index/package_run_dependencies/pavlov_description
[0.551s] -- Up-to-date symlink: /home/bengokaysaglam/pavlov_mini_wheel/install/pavlov_description/share/ament_index/resource_index/parent_prefix_path/pavlov_description
[0.556s] -- Up-to-date symlink: /home/bengokaysaglam/pavlov_mini_wheel/install/pavlov_description/share/pavlov_description/environment/ament_prefix_path.sh
[0.557s] -- Up-to-date symlink: /home/bengokaysaglam/pavlov_mini_wheel/install/pavlov_description/share/pavlov_description/environment/ament_prefix_path.dsv
[0.558s] -- Up-to-date symlink: /home/bengokaysaglam/pavlov_mini_wheel/install/pavlov_description/share/pavlov_description/environment/path.sh
[0.559s] -- Up-to-date symlink: /home/bengokaysaglam/pavlov_mini_wheel/install/pavlov_description/share/pavlov_description/environment/path.dsv
[0.561s] -- Up-to-date symlink: /home/bengokaysaglam/pavlov_mini_wheel/install/pavlov_description/share/pavlov_description/local_setup.bash
[0.563s] -- Up-to-date symlink: /home/bengokaysaglam/pavlov_mini_wheel/install/pavlov_description/share/pavlov_description/local_setup.sh
[0.565s] -- Up-to-date symlink: /home/bengokaysaglam/pavlov_mini_wheel/install/pavlov_description/share/pavlov_description/local_setup.zsh
[0.569s] -- Up-to-date symlink: /home/bengokaysaglam/pavlov_mini_wheel/install/pavlov_description/share/pavlov_description/local_setup.dsv
[0.569s] -- Symlinking: /home/bengokaysaglam/pavlov_mini_wheel/install/pavlov_description/share/pavlov_description/package.dsv
[0.588s] -- Up-to-date symlink: /home/bengokaysaglam/pavlov_mini_wheel/install/pavlov_description/share/ament_index/resource_index/packages/pavlov_description
[0.594s] -- Up-to-date symlink: /home/bengokaysaglam/pavlov_mini_wheel/install/pavlov_description/share/pavlov_description/cmake/pavlov_descriptionConfig.cmake
[0.599s] -- Up-to-date symlink: /home/bengokaysaglam/pavlov_mini_wheel/install/pavlov_description/share/pavlov_description/cmake/pavlov_descriptionConfig-version.cmake
[0.601s] -- Up-to-date symlink: /home/bengokaysaglam/pavlov_mini_wheel/install/pavlov_description/share/pavlov_description/package.xml
[0.607s] Invoked command in '/home/bengokaysaglam/pavlov_mini_wheel/build/pavlov_description' returned '0': CMAKE_PREFIX_PATH=${CMAKE_PREFIX_PATH}:/home/bengokaysaglam/bumperbot_ws/install/bumperbot_py_examples:/opt/ros/humble /usr/bin/cmake --install /home/bengokaysaglam/pavlov_mini_wheel/build/pavlov_description
